I/ActivityManager( 2691): Start proc com.android.settings.mt for broadcast com.android.settings.mt/.StatusChecker: pid=3232 uid=1000 gids={3003, 1015, 3002, 3001, 1001, 1006, 2001}
I/Zygote  ( 3232): Zygote: pid 3232 has CALL PRIVILEGED permission, then set capability for CAP_SYS_ADMIN (21)
I/ActivityThread( 3232): Pub com.android.settings.mt.provider.MTContentProvider: com.android.settings.mt.MTContentProvider
I/V3Client( 3169): next heartbeat scheduled for Mon Jun 11 16:10:04 CDT 2012
I/StatusChecker( 3232): status = false MT stored imsiValue = 0000
I/ActivityManager( 2691): Start proc com.android.mms for broadcast com.android.mms/.transaction.MmsSystemEventReceiver: pid=3239 uid=10063 gids={3003, 1001, 1015}
D/dalvikvm( 2584): GC_EXPLICIT freed 13K, 46% free 2906K/5379K, external 0K/0K, paused 25ms
I/Zygote  ( 3239): Zygote: pid 3239 has CALL PRIVILEGED permission, then set capability for CAP_SYS_ADMIN (21)
D/dalvikvm( 2584): GC_EXPLICIT freed <1K, 46% free 2906K/5379K, external 0K/0K, paused 24ms
D/dalvikvm( 2853): GC_EXTERNAL_ALLOC freed 281K, 44% free 3774K/6663K, external 8245K/8303K, paused 42ms
D/dalvikvm( 2584): GC_EXPLICIT freed <1K, 46% free 2906K/5379K, external 0K/0K, paused 52ms
D/dalvikvm( 2691): GC_EXPLICIT freed 532K, 44% free 8846K/15751K, external 7821K/8355K, paused 111ms
D/dalvikvm( 2954): GC_EXPLICIT freed 90K, 44% free 3044K/5379K, external 0K/0K, paused 31ms
I/V3Client( 3169): HTTP req: POST https://sparkle.locationlabs.com/client/v2/notifications
I/ActivityThread( 3239): Pub com.android.mms.SuggestionsProvider: com.android.mms.SuggestionsProvider
D/Mms/MmsApp( 3239): [main][start]    onCreate() ------ 
D/dalvikvm( 3239): GC_EXTERNAL_ALLOC freed 114K, 45% free 3048K/5447K, external 0K/0K, paused 31ms
D/dalvikvm( 3169): GC_CONCURRENT freed 422K, 46% free 3277K/5959K, external 0K/0K, paused 31ms+109ms
E/AlarmManagerService( 2691): android_server_AlarmManagerService_set to type=2, 36.363000000
W/V3Client( 3169): Can't send to com.locationlabs.v3client.action.NOTIFICATION, will retry in 6497ms
D/dalvikvm( 3239): GC_EXTERNAL_ALLOC freed 131K, 44% free 3122K/5511K, external 305K/521K, paused 29ms
V/Mms/MmsConfig( 3239): [main]MmsConfig.init()
D/Mms/MmsConfig( 3239): [main][loadMmsSettings] 
V/Mms/MmsConfig( 3239): [main]tag: bool value: enabledMMS
V/Mms/MmsConfig( 3239): [main]tag: int value: maxMessageSize
V/Mms/MmsConfig( 3239): [main]tag: int value: ATTmaxMessageSize
V/Mms/MmsConfig( 3239): [main]tag: int value: TMOmaxMessageSize
V/Mms/MmsConfig( 3239): [main]tag: int value: mmsHeaderSize
V/Mms/MmsConfig( 3239): [main]tag: int value: maxImageHeight
V/Mms/MmsConfig( 3239): [main]tag: int value: maxImageWidth
V/Mms/MmsConfig( 3239): [main]tag: int value: defaultSMSMessagesPerThread
V/Mms/MmsConfig( 3239): [main]tag: int value: defaultMMSMessagesPerThread
V/Mms/MmsConfig( 3239): [main]tag: int value: minMessageCountPerThread
V/Mms/MmsConfig( 3239): [main]tag: int value: maxMessageCountPerThread
V/Mms/MmsConfig( 3239): [main]tag: string value: uaProfUrl
V/Mms/MmsConfig( 3239): [main]tag: int value: recipientLimit
D/Mms/MmsConfig( 3239): [main][loadMmsSettings] mRecipientLimit= 10
V/Mms/MmsConfig( 3239): [main]tag: int value: smsToMmsTextThreshold
D/Mms/MmsConfig( 3239): [main][loadMmsSettings] mSmsToMmsTextThreshold= 7
V/Mms/MmsConfig( 3239): [main]tag: string value: emailGatewayNumber
V/Mms/MmsConfig( 3239): [main]tag: string value: USAATTUserAgent
V/Mms/MmsConfig( 3239): [main]tag: string value: USATMOUserAgent
V/Mms/MmsConfig( 3239): [main]tag: string value: USAATTuaProfUrl
V/Mms/MmsConfig( 3239): [main]tag: string value: USATMOuaProfUrl
V/Mms/MmsConfig( 3239): [main]tag: bool value: disableEndterKey
V/Mms/MmsConfig( 3239): [main]tag: bool value: composeMaxLengthLimit
V/Mms/MmsConfig( 3239): [main]tag: bool value: inputModeAuto
V/Mms/MmsConfig( 3239): [main]tag: bool value: smsExpiryDate
V/Mms/MmsConfig( 3239): [main]tag: bool value: sendAnimationJpn
V/Mms/MmsConfig( 3239): [main]tag: bool value: wapPush
V/Mms/MmsConfig( 3239): [main]tag: bool value: disable_sms_setting_networklock
V/Mms/MmsConfig( 3239): [main]tag: bool value: supportEmoji
V/Mms/Contact( 3239): [main]init()
D/Launcher.LauncherModel( 2853):   --> done loading workspace: items=19  , widgets=3  , samsung app widgets=1
D/Launcher.LauncherModel( 2853):   ----> items cloned, ready to refresh UI
D/Launcher.LauncherModel( 2853):   ----> loading applications from workspace loader
D/Launcher.LauncherModel( 2853): startApplicationsLoader
D/Launcher.LauncherModel( 2853):   --> starting applications loader
D/Launcher.LauncherModel( 2853):   --> wait for applications loader (1)
D/Launcher.LauncherModel( 2853):   ----> onDesktopItemsLoaded()
D/Launcher( 2853): ------> binding 19 items 3 widgets 1 samsung app widgets
D/Launcher( 2853): ------> start binding items
I/Launcher( 2853): added a item in workspace. com.sec.android.app.twlauncher.ApplicationInfo Email -1 -1 -1 9|-100|0|1|2|0 com.sec.android.app.twlauncher.ApplicationInfo@405ad508
V/Mms/DraftCache( 3239): [main]init()
V/Mms/DraftCache( 3239): [main]1:DraftCache()
V/Mms/DraftCache( 3239): [main]refresh()
I/Launcher( 2853): --> title=Email
I/Launcher( 2853): added a item in workspace. com.sec.android.app.twlauncher.ApplicationInfo Calendar -1 -1 -1 11|-100|0|1|3|0 com.sec.android.app.twlauncher.ApplicationInfo@405b6ca8
I/Launcher( 2853): --> title=Calendar
I/Launcher( 2853): added a item in workspace. com.sec.android.app.twlauncher.ApplicationInfo TeleNav GPS Navigator -1 -1 -1 14|-100|1|0|3|0 com.sec.android.app.twlauncher.ApplicationInfo@405d5168
I/Launcher( 2853): --> title=TeleNav GPS Navigator
I/Launcher( 2853): added a item in workspace. com.sec.android.app.twlauncher.ApplicationInfo Talk -1 -1 -1 16|-100|1|2|3|0 com.sec.android.app.twlauncher.ApplicationInfo@40597eb8
I/Launcher( 2853): --> title=Talk
I/Launcher( 2853): added a item in workspace. com.sec.android.app.twlauncher.ApplicationInfo YouTube -1 -1 -1 17|-100|1|3|3|0 com.sec.android.app.twlauncher.ApplicationInfo@405f38c0
I/Launcher( 2853): --> title=YouTube
I/Launcher( 2853): added a item in workspace. com.sec.android.app.twlauncher.ApplicationInfo Brightest Flashlight Free -1 -1 -1 19|-100|0|3|3|0 com.sec.android.app.twlauncher.ApplicationInfo@405aa768
I/Launcher( 2853): --> title=Brightest Flashlight Free
I/Launcher( 2853): added a item in workspace. com.sec.android.app.twlauncher.ApplicationInfo Gmail -1 -1 -1 21|-100|0|0|2|0 com.sec.android.app.twlauncher.ApplicationInfo@4058de70
I/Launcher( 2853): --> title=Gmail
I/Launcher( 2853): added a item in workspace. com.sec.android.app.twlauncher.ApplicationInfo Camera -1 -1 -1 22|-100|0|0|0|0 com.sec.android.app.twlauncher.ApplicationInfo@40594cb8
I/Launcher( 2853): --> title=Camera
D/Mms/Conversation( 3239): [main]init()
I/Launcher( 2853): added a item in workspace. com.sec.android.app.twlauncher.UserFolderInfo Games -1 -1 -1 25|-100|0|2|0|2 com.sec.android.app.twlauncher.UserFolderInfo@405cee50
V/MmsSmsProvider( 2837): deleteConversation threadId: 9223372036854775807
V/Mms/DraftCache( 3239): [Thread-12]12:rebuildCache: add tid=1
I/Launcher( 2853): added a item in workspace. com.sec.android.app.twlauncher.UserFolderInfo Math & Sci -1 -1 -1 33|-100|0|2|1|2 com.sec.android.app.twlauncher.UserFolderInfo@40625780
I/Launcher( 2853): added a item in workspace. com.sec.android.app.twlauncher.ApplicationInfo Dolphin Browser HD -1 -1 -1 62|-100|0|3|1|0 com.sec.android.app.twlauncher.ApplicationInfo@4067e608
I/Launcher( 2853): --> title=Dolphin Browser HD
I/Launcher( 2853): added a item in workspace. com.sec.android.app.twlauncher.UserFolderInfo EBooks -1 -1 -1 64|-100|0|1|0|2 com.sec.android.app.twlauncher.UserFolderInfo@40683808
D/MmsSmsProvider( 2837): delete URI_CONVERSATIONS_MESSAGES affectedRows=0
I/Launcher( 2853): added a item in workspace. com.sec.android.app.twlauncher.ApplicationInfo Evernote -1 -1 -1 87|-100|0|0|1|0 com.sec.android.app.twlauncher.ApplicationInfo@405155b8
I/Launcher( 2853): --> title=Evernote
I/Launcher( 2853): added a item in workspace. com.sec.android.app.twlauncher.ApplicationInfo Messaging -1 -1 -1 88|-100|1|1|3|0 com.sec.android.app.twlauncher.ApplicationInfo@405e0888
I/Launcher( 2853): --> title=Messaging
I/Launcher( 2853): added a item in workspace. com.sec.android.app.twlauncher.UserFolderInfo Maps -1 -1 -1 92|-100|0|1|1|2 com.sec.android.app.twlauncher.UserFolderInfo@4056bd18
I/Launcher( 2853): added a item in workspace. com.sec.android.app.twlauncher.UserFolderInfo Internet -1 -1 -1 99|-100|0|3|0|2 com.sec.android.app.twlauncher.UserFolderInfo@40592190
I/Launcher( 2853): added a item in workspace. com.sec.android.app.twlauncher.ApplicationInfo My files -1 -1 -1 111|-100|0|2|2|0 com.sec.android.app.twlauncher.ApplicationInfo@40664eb8
I/Launcher( 2853): --> title=My files
I/Launcher( 2853): added a item in workspace. com.sec.android.app.twlauncher.ApplicationInfo Task -1 -1 -1 116|-100|0|3|2|0 com.sec.android.app.twlauncher.ApplicationInfo@405a25f8
I/Launcher( 2853): --> title=Task
D/MmsSmsProvider( 2837): need read changed broadcast:false
I/Launcher( 2853): added a item in workspace. com.sec.android.app.twlauncher.ApplicationInfo WIMAX_CFG -1 -1 -1 121|-100|1|3|2|1 com.sec.android.app.twlauncher.ApplicationInfo@405c3c48
D/Mms/Conversation( 3239): [main]updateDeletable(),threadId=-1
I/Launcher( 2853): --> title=WIMAX_CFG
I/DebugDb ( 2853): Adater pointer com.sec.android.app.twlauncher.ApplicationsAdapter@405a0c78 0
V/SmsProvider( 2837): Update uri=content://sms, match=0
D/MmsSmsProvider( 2837): need read changed broadcast:false
V/Mms/Conversation( 3239): [Thread-13]done query updateDeletable(SMS),updated rows:0
V/MmsProvider( 2837): Update uri=content://mms, match=0
D/MmsSmsProvider( 2837): need read changed broadcast:false
V/Mms/Conversation( 3239): [Thread-14]done query updateDeletable(MMS),updated rows:0
V/MmsSmsProvider( 2837): update uri: content://mms-sms/wap-push-messages
V/Mms/Conversation( 3239): [Thread-15]done query updateDeletable(WPM),updated rows:0
D/dalvikvm( 2837): GC_CONCURRENT freed 316K, 42% free 3675K/6279K, external 0K/0K, paused 2ms+4ms
D/Launcher( 2853): about to setAppWidget for id=5, info=AppWidgetProviderInfo(provider=ComponentInfo{com.coremobility.app.vnotes/com.coremobility.app.vnotes.CM_VnoteHomeScreenWidget})
I/StatusBarPolicy( 2799): onSignalStrengthsChanged
V/Mms/ConversationList( 3239): [main]init()
V/Mms/DownloadManager( 3239): [main]DownloadManager.init()
V/Mms/DownloadManager( 3239): [main]roaming ------> false
V/Mms/DownloadManager( 3239): [main]auto download without roaming -> true
V/Mms/DownloadManager( 3239): [main]auto download during roaming -> false
V/Mms/DownloadManager( 3239): [main]mAutoDownload ------> true
V/Mms/RateController( 3239): [main]init()
V/Mms/DrmUtils( 3239): [main]cleanupStorage()
V/MmsProvider( 2837): Delete uri=content://mms/drm, match=17
D/MmsProvider( 2837): delete table=drm, deletedRows=0
V/Mms/LayoutManager( 3239): [main]init()
V/Mms/HVGALayoutParameters( 3239): [main]HVGALayoutParameters.<init>(11).
V/Mms/LayoutManager( 3239): [main]LayoutParameters: HVGA-P: 320x480
V/Mms/SmileyParser( 3239): [main]init()
V/Mms/MessagingNotification( 3239): [main]init()
D/Mms/MmsApp( 3239): [main][end]    onCreate() ------ 
D/Mms/Synchronizer( 3239): [SyncThread][start]    dbSync() ------ 
D/dalvikvm( 3239): GC_CONCURRENT freed 128K, 43% free 3249K/5639K, external 889K/1118K, paused 2ms+2ms
V/MmsSmsProvider( 2837): update uri: content://mms-sms/db_synchronization
D/Mms/Synchronizer( 3239): [SyncThread][end]    dbSync() ------ 
V/MmsProvider( 2837): Update uri=content://mms, match=0
D/MmsSmsProvider( 2837): need read changed broadcast:false
I/Mms/MmsSystemEventReceiver( 3239): [main]restorePduNotificationStatus count=0
D/Mms/MessagingNotification( 3239): [main][start]    nonBlockingUpdateNewMessageIndicator() ------ 
D/Mms/MessagingNotification( 3239): [Thread-17]blockingUpdateNewMessageIndicator(),isNew=false,isStatusMessage=false
V/Mms/DownloadManager( 3239): [main]Service state changed: Bundle[mParcelledData.dataSize=644]
V/Mms/DownloadManager( 3239): [main]roaming ------> false
V/Mms/DownloadManager( 3239): [main]auto download without roaming -> true
V/Mms/DownloadManager( 3239): [main]auto download during roaming -> false
V/Mms/DownloadManager( 3239): [main]mAutoDownload ------> true
D/MediaScannerReceiver( 2838): scan - volume : internal
D/Mms/SmsReceiverService( 3239): [Mms/SmsReceiverService][SMS]Receiver handleMessage : Action =android.intent.action.BOOT_COMPLETED
D/Mms/SmsReceiverService( 3239): [Mms/SmsReceiverService][start]    handleBootCompleted() ------ 
I/ActivityManager( 2691): Start proc com.sec.android.provider.logsprovider:remote for broadcast com.sec.android.provider.logsprovider/.LogsReceiver: pid=3259 uid=10011 gids={3003, 1015, 3002}
I/Zygote  ( 3259): Zygote: pid 3259 has CALL PRIVILEGED permission, then set capability for CAP_SYS_ADMIN (21)
V/MmsSmsProvider( 2837): deleteConversation threadId: 9223372036854775806
I/LogsReceiver( 3259): onReceive android.intent.action.BOOT_COMPLETED
D/MmsSmsProvider( 2837): delete URI_CONVERSATIONS_MESSAGES affectedRows=0
D/dalvikvm( 2853): GC_EXTERNAL_ALLOC freed 325K, 41% free 3947K/6663K, external 11094K/11212K, paused 56ms
D/MmsSmsProvider( 2837): need read changed broadcast:false
D/Mms/Conversation( 3239): [Mms/SmsReceiverService]deleteTempConversation(),deleted=0
I/logwrapper( 2576): /system/bin/fsck_msdos : ** Phase 4 - Checking for Lost Files
D/MediaScannerService( 2838): onStartCommand : intent - Intent { cmp=com.android.providers.media/.MediaScannerService (has extras) }
D/MediaScannerService( 2838): onStartCommand : flags [2], startId [1]
D/MediaScannerService( 2838): onStartCommand : intent.getExtra's volume : internal
D/MediaScannerService( 2838): ServiceHandler:handleMessage volume[internal], filePath[null]
I/MediaScannerService( 2838): !@beginofMediascannerservice
D/MediaScannerService( 2838): start scanning volume internal
V/SmsProvider( 2837): Update uri=content://sms/outbox, match=8
D/MediaProvider( 2838): mMediaScannerReceiver - intent.getAction : android.intent.action.MEDIA_SCANNER_STARTED
V/MediaProvider( 2838): Suspending ThumbWorker
I/MediaProvider( 2838): MediaScanner started!!!
E/AlarmManagerService( 2691): android_server_AlarmManagerService_set to type=0, 1338845675.375000000
I/logwrapper( 2576): /system/bin/fsck_msdos : FSNext block (18364) is correct, NumClusters (376997)
I/logwrapper( 2576): /system/bin/fsck_msdos : Next free cluster in FSInfo block (18364) not free
I/logwrapper( 2576): /system/bin/fsck_msdos : FIXED
I/logwrapper( 2576): /system/bin/fsck_msdos : 25712 files, 1926720 free (191282 clusters)
D/dalvikvm( 2799): GC_EXTERNAL_ALLOC freed 137K, 44% free 3210K/5639K, external 2804K/2890K, paused 27ms
D/MediaScannerService( 2838): scan : call scanner.scanDirectories - directories : /system/media
D/MmsSmsProvider( 2837): need read changed broadcast:false
D/Mms/SmsReceiverService( 3239): [Mms/SmsReceiverService]sendFirstQueuedMessage()
D/MediaScanner( 2838): prescan enter: path - null
V/Mms/SmsReceiverService( 3239): [Mms/SmsReceiverService]unRegisterForRoamingStatusChanges
I/dalvikvm( 2691): Jit: resizing JitTable from 4096 to 8192
V/update.Download( 2884): deleting all update downloads
I/Vold    ( 2576): Filesystem check completed OK
D/Launcher( 2853): about to setAppWidget for id=2, info=AppWidgetProviderInfo(provider=ComponentInfo{com.vlingo.client.samsung/com.vlingo.client.widget.InCarWidget})
I/Database( 2838): sqlite returned: error code = 0, msg = Recovered 43 frames from WAL file /data/data/com.android.providers.media/databases/internal.db-wal
I/ActivityManager( 2691): Start proc com.google.android.partnersetup for broadcast com.google.android.partnersetup/.GooglePartnerSetup: pid=3270 uid=10076 gids={3003}
D/Vold    ( 2576): Fat::doMount mount(/dev/block/vold/179:11, /mnt/secure/staging,vfat,0x00000c8e,utf8,uid=1000,gid=1015,fmask=2,dmask=2,shortname=mixed,discard)
I/ActivityThread( 3270): Pub com.google.android.partnersetup.rlzprovider: com.google.android.partnersetup.RlzProvider
I/Vold    ( 2576): Device /dev/block/vold/179:11, target /mnt/sdcard mounted @ /mnt/secure/staging
I/Vold    ( 2576): Volume::setState -> Volume sdcard /mnt/sdcard state changed from 3 (Checking) to 4 (Mounted)
I/MountService( 2691): onEvent:: raw= 605 Volume sdcard /mnt/sdcard state changed from 3 (Checking) to 4 (Mounted) cooked =  605 Volume sdcard /mnt/sdcard state changed from 3 (Checking) to 4 (Mounted)
I/MountService( 2691): updating volume state mounted
D/MountService( 2691): updatePublicVolumeState :: path = /mnt/sdcard, state = mounted
I/MountService( 2691): doMountVolume :: make directory the '/mnt/sdcard/external_sd'
D/MountService( 2691): Sending intent :: ACTION_MEDIA_MOUNTED
D/MountService( 2691): notifyVolumeStateChange :: First SD :: mounted, Second SD ::unmounted
I/MountService( 2691): doMountVolume :: make directory the '/mnt/sdcard/usbStorage'
E/StorageNotification( 2799): onStorageStateChangedAsync :: Media {/mnt/sdcard} state changed from {checking} -> {mounted}
D/StorageNotification( 2799): hideNotification
D/StorageNotification( 2799): updateUsbModeNotification :: connected is false, usbSettingMode is 0, and adbCheck is true
D/StorageNotification( 2799): updateUsbMassStorageNotification :: available = false
D/StorageNotification( 2799): setUsbStorageNotification :: titleId = 0, messageId = 0, icon = 0, sound = false, visible = false
D/MountService( 2691): doMountVolume :: Mouting path = /mnt/sdcard/external_sd
E/EncryptService( 2691):  onStorageAskPermission Begin! path=/mnt/sdcard/external_sd, state=booting, m_State=none, LatestError=0
D/EncryptService( 2691):  cryptoMain : Begin! Path=/mnt/sdcard/external_sd, sStorageAction=booting, bPopupBox=true, bAppReq=false
D/EncryptService( 2691):  cryptoMain : getActionType = 3
D/EncryptService( 2691):  cryptoMain : mState = none
D/EncryptService( 2691):  cryptoMain : WorkingPath = /mnt/sdcard/external_sd
D/VoldCmdListener( 2576): volume devpath /mnt/sdcard/external_sd
I/ActivityThread( 3270): Pub com.google.android.partnersetup.rlzappprovider: com.google.android.partnersetup.RlzAppProvider
D/SocialHub( 3150): [SocialHubService] onChange() >> BadgeProvider is changed!!
D/MountService( 2691):  :::: getStorageSerialNumber :: path = /mnt/sdcard/external_sd, result = 0xa0fcc6ad
D/dalvikvm( 2884): GC_CONCURRENT freed 749K, 47% free 3488K/6535K, external 0K/0K, paused 2ms+2ms
D/Mms/MessagingNotification( 3239): [Thread-17]updateAllHistoryAsRead()
D/Mms/MessagingNotification( 3239): [Mms/SmsReceiverService]setBadgeCount(),count=0
D/DEVENC  ( 2576): : signature (55)(aa)
D/DEVENC  ( 2576): : Normal FAT type from original-device
D/DEVENC  ( 2576): phone   meta 0x0411920ecd511f
D/DEVENC  ( 2576): storage meta 0x2020202020202020
D/MountService( 2691): getEncryptStatus :: path = /mnt/sdcard/external_sd, result = NULL
D/EncryptService( 2691):  getStorageCryptoState : StorageCryptoState=NULL
D/EncryptService( 2691):  cryptoMain : command = 0, CryptoPolicy=0
E/EncryptService( 2691):  onStorageAskPermission End! m_State=none, nRet = -100, LatestError=0, Policy=0, Path=/mnt/sdcard/external_sd
D/VoldCmdListener( 2576): volume mount /mnt/sdcard/external_sd
I/Vold    ( 2576): /dev/block/vold/253:1 being considered for volume sdcard1
I/Vold    ( 2576): Volume::setState -> Volume sdcard1 /mnt/sdcard/external_sd state changed from 1 (Idle-Unmounted) to 3 (Checking)
I/Vold    ( 2576): check ->  /system/bin/fsck_msdos -p -f /dev/block/vold/253:1 
I/MountService( 2691): onEvent:: raw= 605 Volume sdcard1 /mnt/sdcard/external_sd state changed from 1 (Idle-Unmounted) to 3 (Checking) cooked =  605 Volume sdcard1 /mnt/sdcard/external_sd state changed from 1 (Idle-Unmounted) to 3 (Checking)
I/MountService( 2691): updating volume state checking
D/MountService( 2691): updatePublicVolumeState :: path = /mnt/sdcard/external_sd, state = checking
E/StorageNotification( 2799): onStorageStateChangedAsync :: Media {/mnt/sdcard/external_sd} state changed from {unmounted} -> {checking}
D/StorageNotification( 2799): setMediaStorageNotification :: titleId = 17040370, messageId = 17040371, icon = 17301675, visible = true, dismissable = false, sound = true
D/MountService( 2691): Sending intent :: ACTION_MEDIA_CHECKING
D/MountService( 2691): notifyVolumeStateChange :: First SD :: mounted, Second SD ::checking
D/StorageNotification( 2799): isActivityPlayStorageSounds :: bRet = false
D/StorageNotification( 2799): hideNotification
V/LauncherAppWidgetHostView( 2853): dispatchSaveInstanceState: widgetid=5 vid=-1
V/LauncherAppWidgetHostView( 2853): dispatchSaveInstanceState: widgetid=2 vid=-1
D/Mms/MessagingNotification( 3239): [Mms/SmsReceiverService]blockingUpdateNewMessageIndicator(),isNew=true,isStatusMessage=false
D/logwrapper( 3278): open '/dev/pts/0'(28)
D/logwrapper( 3278): redirect stdout and stderr
D/logwrapper( 3278): open /dev/cpuctl/bg_non_interactive/tasks = 27 
D/logwrapper( 3278): pid = '3278' 
D/logwrapper( 3278): run execv ('/system/bin/fsck_msdos')
W/ActivityManager( 2691): Trying to launch com.google.android.gsf/.update.SystemUpdateInstallDialog
I/logwrapper( 2576): /system/bin/fsck_msdos : patched by d.moskvitin@samsung.com 2011/01/21
I/logwrapper( 2576): /system/bin/fsck_msdos : ** /dev/block/vold/253:1
I/logwrapper( 2576): /system/bin/fsck_msdos : Boot sector contents:
I/logwrapper( 2576): /system/bin/fsck_msdos : 	bytes per sector:.............512
I/logwrapper( 2576): /system/bin/fsck_msdos : 	sectors per cluster:..........64
I/logwrapper( 2576): /system/bin/fsck_msdos : 	number of reserved sectors:...598
I/logwrapper( 2576): /system/bin/fsck_msdos : 	number of FATs:...............2
I/logwrapper( 2576): /system/bin/fsck_msdos : 	number of sectors are in FAT:.3797 (1898 KB)
I/logwrapper( 2576): /system/bin/fsck_msdos : 	cluster mask (bit):...........32
I/logwrapper( 2576): /system/bin/fsck_msdos : 	FAT entries:..................486016
I/logwrapper( 2576): /system/bin/fsck_msdos : 	first cluster offset..........8064
I/logwrapper( 2576): /system/bin/fsck_msdos : 	cluster size(bytes):..........32768
I/logwrapper( 2576): /system/bin/fsck_msdos : 	number of sectors:............31108096
I/logwrapper( 2576): /system/bin/fsck_msdos : 	hidden sectors:...............8192
I/logwrapper( 2576): /system/bin/fsck_msdos : 	number of clusters:...........485938
I/logwrapper( 2576): /system/bin/fsck_msdos : 	oem name:.....................        { 0x20 0x20 0x20 0x20 0x20 0x20 0x20 0x20}
I/logwrapper( 2576): /system/bin/fsck_msdos : 	volume serial number:.........6461-3663
I/logwrapper( 2576): /system/bin/fsck_msdos : 	volume label:.................NO NAME    { 0x4f 0x20 0x4e 0x41 0x4d 0x45 0x20 0x20 0x20 0x20 0x46}
I/logwrapper( 2576): /system/bin/fsck_msdos : 	file system string id:........FAT32   { 0x41 0x54 0x33 0x32 0x20 0x20 0x20 0x00}
I/logwrapper( 2576): /system/bin/fsck_msdos : ** Phase 1 - Read and Compare FATs
I/logwrapper( 2576): /system/bin/fsck_msdos : Attempting to allocate 1898 KB for FAT
V/MmsProvider( 2837): Query uri=content://mms, match=0
D/dalvikvm( 2884): GC_EXTERNAL_ALLOC freed 42K, 47% free 3472K/6535K, external 0K/0K, paused 39ms
V/Mms/MessagingNotification( 3239): [Thread-17]accumulateNotificationInfo()
V/Mms/MessagingNotification( 3239): [Thread-17]accumulateNotificationInfo()
D/androidNlpServiceThread( 2884): updateState: shouldBeEnabled true shouldBeRunning true
D/Launcher( 2853): about to setAppWidget for id=14, info=AppWidgetProviderInfo(provider=ComponentInfo{com.farproc.data.enabler/com.farproc.data.enabler.MyWidgetProvider})
D/SocialHub( 3150): [BadgeManager] updateBadgeValue() >> Badge Count = 17
D/GLSurfaceViewGroup( 2853): Skipped drawing due to suspendDrawingUntilResume()
I/Launcher( 2853): onWindowFocusChanged(false)
I/Launcher( 2853): onWindowFocusChanged(true)
V/Mms/MessagingNotification( 3239): [Thread-17]accumulateNotificationInfo()
V/Mms/MessagingNotification( 3239): [Thread-17]blockingUpdateNewMessageIndicator: count=0, isNew=false
V/Mms/MessagingNotification( 3239): [Thread-17]blockingUpdateNewMessageIndicator: new message cancelNotification
I/Launcher( 2853): onResume(). mIsNewIntent : false
D/Launcher( 2853): It's image wallpaper. suggestDesiredDimensions(-1,-1)
W/InputManagerService( 2691): Window already focused, ignoring focus gain of: com.android.internal.view.IInputMethodClient$Stub$Proxy@40ad3338
V/Mms/MessagingNotification( 3239): [Thread-17]cancelNotification(),notificationId:123
D/androidNlpServiceThread( 2884): updateState: shouldBeEnabled true shouldBeRunning true
D/SocialHub( 3150): [SocialHubService] onChange() >> BadgeProvider is changed!!
D/Mms/MessagingNotification( 3239): [Thread-17]setBadgeCount(),count=0
D/Mms/MessagingNotification( 3239): [Thread-17][end]    nonBlockingUpdateNewMessageIndicator() ------ 
I/Launcher( 2853): added a item in workspace (type=5)
I/Launcher( 2853): --> intent=Intent { act=android.intent.action.VIEW cmp=com.sec.android.widgetapp.TwCalendarAppWidget/.TWCalendarAppWidgetActivity }
D/KeyguardViewMediator( 2691): handleTimeout
D/UsbStorageService( 2691): mBroadcastReceiver :: '/mnt/sdcard/usbStorage' find 
D/DiskVolume( 2576): volume list disk
D/dalvikvm( 2853): GC_EXTERNAL_ALLOC freed 171K, 37% free 4247K/6663K, external 9423K/9672K, paused 35ms
D/Mms/MessagingNotification( 3239): [Mms/SmsReceiverService]updateAllHistoryAsRead()
D/SocialHub( 3150): [BadgeManager] updateBadgeValue() >> Badge Count = 17
V/MmsProvider( 2837): Query uri=content://mms, match=0
D/androidNlpServiceThread( 2884): updateState: shouldBeEnabled true shouldBeRunning true
V/Mms/MessagingNotification( 3239): [Mms/SmsReceiverService]accumulateNotificationInfo()
V/Mms/MessagingNotification( 3239): [Mms/SmsReceiverService]accumulateNotificationInfo()
V/Mms/MessagingNotification( 3239): [Mms/SmsReceiverService]accumulateNotificationInfo()
V/Mms/MessagingNotification( 3239): [Mms/SmsReceiverService]blockingUpdateNewMessageIndicator: count=0, isNew=true
V/Mms/MessagingNotification( 3239): [Mms/SmsReceiverService]blockingUpdateNewMessageIndicator: new message cancelNotification
V/Mms/MessagingNotification( 3239): [Mms/SmsReceiverService]cancelNotification(),notificationId:123
I/logwrapper( 2576): /system/bin/fsck_msdos : Attempting to allocate 1898 KB for FAT
D/androidNlpServiceThread( 2884): updateState: shouldBeEnabled true shouldBeRunning true
D/SocialHub( 3150): [SocialHubService] onChange() >> BadgeProvider is changed!!
D/Mms/MessagingNotification( 3239): [Mms/SmsReceiverService]setBadgeCount(),count=0
D/MediaScanner( 2838): prescan return
D/MediaScanner( 2838): scanDirectories : directories.length=1, directories.length : /system/media
D/MediaScanner( 2838): Start Original /system/media/
D/androidNlpServiceThread( 2884): updateState: shouldBeEnabled true shouldBeRunning true
D/androidNlpServiceThread( 2884): updateState: shouldBeEnabled true shouldBeRunning true
D/SocialHub( 3150): [BadgeManager] updateBadgeValue() >> Badge Count = 17
I/RlzPingService( 3270): Setting next ping for 1339449006629
I/dalvikvm( 2837): Total arena pages for JIT: 11
D/MediaScanner( 2838): Scan 9(161msec) /system/media/audio/alarms/
D/MediaScanner( 2838): Scan 22(19msec) /system/media/audio/notifications/
D/MediaScanner( 2838): Scan 25(4msec) /system/media/audio/ringtones/
D/MediaScanner( 2838): Scan 38(1msec) /system/media/audio/ui/
D/MediaScanner( 2838): Scan 0(185msec) /system/media/audio/
D/Mms/MessagingNotification( 3239): [Mms/SmsReceiverService]sendBroadcast(intentForVlingo): null
D/Mms/SmsReceiverService( 3239): [Mms/SmsReceiverService][end]    handleBootCompleted() ------ 
I/Speakertest( 2837): mRingtone is null
E/RingtoneManager( 2837): getRingtone : content://settings/system/ringtone, streamType : -1
D/MediaScanner( 2838): Scan 0(3msec) /system/media/video/shutdown/
D/MediaScanner( 2838): Scan 0(7msec) /system/media/video/
D/MediaScanner( 2838): Scan 0(194msec) /system/media/
I/MediaPlayer( 2837): it is a Ringtone type is : 1
E/RingtoneManager( 2837): getActualDefaultRingtoneUri : content://media/internal/audio/media/52
E/RingtoneManager( 2837): Uri.parse(uriString) : content://media/internal/audio/media/52
D/MediaProvider( 2838): mMediaScannerReceiver - intent.getAction : android.intent.action.ACTION_MEDIA_SCANNER_PROGRESS
I/MediaPlayer( 2837): It is a Not a DRM RingTone: return NULl
I/MediaPlayer( 2837): path is null
E/RingtoneManager( 2691): getActualDefaultRingtoneUri : content://media/internal/audio/media/52
E/RingtoneManager( 2691): Uri.parse(uriString) : content://media/internal/audio/media/52
D/MediaPlayerService( 2585): getPlayerType. Ln=842
D/MediaPlayerService( 2585): createPlayer. type=4
D/MediaPlayerService( 2585):  create StagefrightPlayer
V/AwesomePlayer( 2585): constructor
V/AwesomePlayer( 2585): reset
V/AwesomePlayer( 2585): cancelPlayerEvents (keepBufferingGoing=0)
V/AwesomePlayer( 2585): setAudioSink
V/AwesomePlayer( 2585): setDataSource (42, 0, 20196)
V/AwesomePlayer( 2585): cancelPlayerEvents (keepBufferingGoing=0)
I/MediaExtractor( 2585): Autodetected media content as 'application/ogg' with confidence 0.20
V/AwesomePlayer( 2585): mBitrate = -1 bits/sec
V/AwesomePlayer( 2585): prepareAsync
D/MediaScanner( 2838): Normal Meta & DB Insert/Update Start
V/AwesomePlayer( 2585): initAudioDecoder
V/AwesomePlayer( 2585): mime = audio/vorbis
I/OMXCodec( 2585): OMXCodec::Create matchComponentName ((null)), flags (0)
I/FactoryTestBroadcastReceiver( 2837): BOOT_COMPLETE_ACTION
I/FactoryTestBroadcastReceiver( 2837): getDataFromRilFactory()
I/ActivityManager( 2691): Start proc com.android.samsungtest.FactoryTest for broadcast com.android.samsungtest.FactoryTest/com.android.samsungtest.dftrilsupport.dftrilcommunicator.DftBootBroadcastReceiver: pid=3284 uid=1000 gids={3003, 1015, 3002, 3001, 1001, 1006, 2001}
I/System.out( 2837): Broadcasting: Intent { act=com.android.samsungtest.RilOmissionCommand (has extras) }
I/Zygote  ( 3284): Zygote: pid 3284 has CALL PRIVILEGED permission, then set capability for CAP_SYS_ADMIN (21)
I/DftBootBroadcastReceiver( 3284): onReceive android.intent.action.BOOT_COMPLETED
I/DftBootBroadcastReceiver( 3284): start DFTBOOTReceiver
E/pppd    ( 2837): Start PPPD Now
I/RilDFTACtion Service( 3284): SET LOCK DISABLE : 0
I/RilDFTACtion Service( 3284): SET LOCK DISABLE FLAG: 0
I/RilDFTACtion Service( 3284): SET LOCK DISABLE : 0
I/RilDFTACtion Service( 3284): SET LOCK DISABLE FLAG: 0
E/DftBootBroadcastReceiver( 3284): SHOULD_SHUT_DOWN_F set complete
E/DftBootBroadcastReceiver( 3284): wrong Action : android.intent.action.BOOT_COMPLETED
I/FactoryModeInitialSetting( 2837): Intent:android.intent.action.BOOT_COMPLETED
I/FactoryModeInitialSetting( 2837): gsm.default.esn_isTestMode Unknown
I/FactoryModeInitialSetting( 2837): chkBacklightDB
I/FactoryModeInitialSetting( 2837): getDataFromRilFactory()
I/FactoryModeInitialSetting( 2837): ***** NOT FIRST BOOT *****
I/FactoryModeInitialSetting( 2837): Send_BootCompletedToRil
I/System.out( 2837): Broadcasting: Intent { act=com.android.samsungtest.RilOmissionCommand (has extras) }
I/ActivityManager( 2691): Start proc com.sec.android.app.encrypt for broadcast com.sec.android.app.encrypt/.EncryptionReceiver: pid=3293 uid=1000 gids={3003, 1015, 3002, 3001, 1001, 1006, 2001}
D/pppd    ( 3292): using channel 1
D/Tethering( 2691): ppp0 is not a tetherable iface, ignoring
I/pppd    ( 3292): Using interface ppp0
I/pppd    ( 3292): Connect: ppp0 <--> /dev/ttyCDMA0
W/pppd    ( 3292): Warning - secret file /etc/ppp/pap-secrets has world and/or group access
I/Zygote  ( 3293): Zygote: pid 3293 has CALL PRIVILEGED permission, then set capability for CAP_SYS_ADMIN (21)
D/DEVENC  ( 3293): essiv=1
I/EncryptionActivity( 3293): checkAndResetAlert mDelayedCnt : -1
I/EncryptionActivity( 3293): requireDeviceEncryption=false requireStorageCardEncryption=false
I/ActivityManager( 2691): Start proc com.android.email for broadcast com.android.email/com.android.exchange.BootReceiver: pid=3302 uid=10084 gids={3003, 3002, 1015, 1001}
I/ActivityManager( 2691): No longer want com.google.android.apps.maps (pid 2932): hidden #26
I/pppd    ( 3292): local  IP address 21.77.222.4
I/pppd    ( 3292): remote IP address 68.28.177.85
I/pppd    ( 3292): primary   DNS address 68.28.169.132
I/pppd    ( 3292): secondary DNS address 68.28.168.132
D/dalvikvm( 2691): GC_EXPLICIT freed 1472K, 44% free 8826K/15751K, external 7821K/8355K, paused 99ms
I/logwrapper( 2576): /system/bin/fsck_msdos : ** Phase 2 - Check Cluster Chains
I/logwrapper( 2576): /system/bin/fsck_msdos : ** Phase 3 - Checking Directories
I/logwrapper( 2576): /system/bin/fsck_msdos : ** Phase 4 - Checking for Lost Files
I/logwrapper( 2576): /system/bin/fsck_msdos : FSNext block (4786) is correct, NumClusters (485938)
I/logwrapper( 2576): /system/bin/fsck_msdos : Next free cluster in FSInfo block (4786) not free
I/logwrapper( 2576): /system/bin/fsck_msdos : FIXED
I/logwrapper( 2576): /system/bin/fsck_msdos : 7 files, 2813952 free (481152 clusters)
I/Vold    ( 2576): Filesystem check completed OK
D/Vold    ( 2576): Fat::doMount mount(/dev/block/vold/253:1, /mnt/secure/staging,vfat,0x00000c8e,utf8,uid=1000,gid=1015,fmask=2,dmask=2,shortname=mixed)
I/Vold    ( 2576): Device /dev/block/vold/253:1, target /mnt/sdcard/external_sd mounted @ /mnt/secure/staging
I/Vold    ( 2576): Volume::setState -> Volume sdcard1 /mnt/sdcard/external_sd state changed from 3 (Checking) to 4 (Mounted)
I/MountService( 2691): onEvent:: raw= 605 Volume sdcard1 /mnt/sdcard/external_sd state changed from 3 (Checking) to 4 (Mounted) cooked =  605 Volume sdcard1 /mnt/sdcard/external_sd state changed from 3 (Checking) to 4 (Mounted)
I/MountService( 2691): updating volume state mounted
D/MountService( 2691): updatePublicVolumeState :: path = /mnt/sdcard/external_sd, state = mounted
D/MountService( 2691): mPms.updateExternalMediaStatus(ture, false)
D/dalvikvm( 2838): GC_CONCURRENT freed 227K, 45% free 3056K/5511K, external 0K/0K, paused 2ms+1ms
W/PowerManagerService( 2691): Timer 0x3->0x3|0x0
I/PackageManager( 2691): Updating external media status from unmounted to mounted
D/MediaProvider( 2838): mMediaScannerReceiver - intent.getAction : android.intent.action.ACTION_MEDIA_SCANNER_PROGRESS
I/TelephonyRegistry( 2691): notifyDataConnection: state=2 isDataConnectivityPossible=true reason=null interfaceName=ppp0 networkType=5
E/StorageNotification( 2799): onStorageStateChangedAsync :: Media {/mnt/sdcard/external_sd} state changed from {checking} -> {mounted}
D/StorageNotification( 2799): hideNotification
I/StatusBarPolicy( 2799): onDataConnectionStateChanged-S:2 T:5
I/StatusBarPolicy( 2799): updateDataNetType-T:5
D/MountService( 2691): Sending intent :: ACTION_MEDIA_MOUNTED
D/StorageNotification( 2799): updateUsbModeNotification :: connected is false, usbSettingMode is 0, and adbCheck is true
D/StorageNotification( 2799): updateUsbMassStorageNotification :: available = false
D/StorageNotification( 2799): setUsbStorageNotification :: titleId = 0, messageId = 0, icon = 0, sound = false, visible = false
D/MediaScanner( 2838): Normal   94 done (691msec)
D/MountService( 2691): notifyVolumeStateChange :: First SD :: mounted, Second SD ::mounted
D/MediaScanner( 2838): postscan enter: directories - /system/media
D/MediaScanner( 2838): start checking FileCacheEntry
D/MediaScanner( 2838): end checking FileCacheEntry
D/MediaScanner( 2838): postscan return
D/MediaScanner( 2838):  prescan time: 1181ms
D/MediaScanner( 2838):     scan time: 969ms (metadata parsing time : 0ms)
D/MediaScanner( 2838): postscan time: 6ms
D/MediaScanner( 2838):    total time: 2156ms
D/MediaProvider( 2838): mMediaScannerReceiver - intent.getAction : android.intent.action.MEDIA_SCANNER_FINISHED
D/MountService( 2691):  :::: getSecureContainerList :: path = /mnt/sdcard/external_sd
D/VoldCmdListener( 2576): asec list /mnt/sdcard/external_sd
D/VoldCmdListener( 2576): CommandListener::AsecCmd::runCommand -> 'com.cosmos.babyloniantwins-1' 
D/VoldCmdListener( 2576): CommandListener::AsecCmd::runCommand -> 'net.mobigame.edge.extended-1' 
D/VoldCmdListener( 2576): CommandListener::AsecCmd::runCommand -> 'XPV59XQ7E3.com.gsdm.makeitfly-1' 
D/VoldCmdListener( 2576): CommandListener::AsecCmd::runCommand -> 'com.hemispheregames.osmos-1' 
D/VoldCmdListener( 2576): CommandListener::AsecCmd::runCommand -> -- 
V/MediaProvider( 2838): Resuming ThumbWorker
I/MediaProvider( 2838): MediaScanner stopped!!!
D/MediaScannerService( 2838): done scanning volume internal
I/MediaScannerService( 2838): !@endofMediascannerservice
I/ActivityThread( 3302): Pub com.android.exchange.provider: com.android.exchange.provider.ExchangeProvider
D/MountService( 2691):  :::: getSecureContainerPath :: path = /mnt/sdcard/external_sd, id = com.cosmos.babyloniantwins-1
D/VoldCmdListener( 2576): asec path com.cosmos.babyloniantwins-1 /mnt/sdcard/external_sd
I/ActivityThread( 3302): Pub com.android.email.provider: com.android.email.provider.EmailProvider
D/MountService( 2691):  :::: getSecureContainerPath :: path = /mnt/sdcard/external_sd, id = net.mobigame.edge.extended-1
D/VoldCmdListener( 2576): asec path net.mobigame.edge.extended-1 /mnt/sdcard/external_sd
D/MountService( 2691):  :::: getSecureContainerPath :: path = /mnt/sdcard/external_sd, id = XPV59XQ7E3.com.gsdm.makeitfly-1
D/VoldCmdListener( 2576): asec path XPV59XQ7E3.com.gsdm.makeitfly-1 /mnt/sdcard/external_sd
D/MountService( 2691):  :::: getSecureContainerPath :: path = /mnt/sdcard/external_sd, id = com.hemispheregames.osmos-1
D/VoldCmdListener( 2576): asec path com.hemispheregames.osmos-1 /mnt/sdcard/external_sd
D/MountService( 2691):  :::: isSecureContainerMounted :: path = /mnt/sdcard/external_sd, id = com.hemispheregames.osmos-1, ret = false
I/ActivityThread( 3302): Pub com.android.email.attachmentprovider: com.android.email.provider.AttachmentProvider
D/MountService( 2691):  :::: mountSecureContainer :: path = /mnt/sdcard/external_sd, id = com.hemispheregames.osmos-1, ownerUid = 1000
E/AccountSetupCustomer( 3302): IOException: java.io.FileNotFoundException: /system/csc/customer.xml (No such file or directory)
D/VoldCmdListener( 2576): asec mount com.hemispheregames.osmos-1 {} 1000 /mnt/sdcard/external_sd
D/Exchange( 3302): BootReceiver onReceive
D/EAS SyncManager( 3302): !!! EAS SyncManager, onCreate
D/Vold    ( 2576): Fat::doMount mount(/dev/block/dm-0, /mnt/asec/com.hemispheregames.osmos-1,vfat,0x00000087,utf8,uid=1000,gid=0,fmask=222,dmask=222,shortname=mixed)
D/MountService( 2691):  :::: getSecureContainerPath :: path = /mnt/sdcard/external_sd, id = com.hemispheregames.osmos-1
I/Database( 3302): sqlite returned: error code = 0, msg = Recovered 65 frames from WAL file /data/data/com.android.email/databases/EmailProvider.db-wal
I/Database( 3302): sqlite returned: error code = 0, msg = Recovered 243 frames from WAL file /data/data/com.android.email/databases/EmailProviderBody.db-wal
D/VoldCmdListener( 2576): asec path com.hemispheregames.osmos-1 /mnt/sdcard/external_sd
D/isVlingoAvailable( 3239): [main]isInstalled = true, isAccepted = false
E/New Message TTS( 3239): [main]########## Destroy called !!!!! ##########
I/ActivityManager( 2691): No longer want com.sec.android.widgetapp.stockclock (pid 2969): hidden #26
D/dalvikvm( 3302): GC_CONCURRENT freed 201K, 44% free 3210K/5639K, external 0K/0K, paused 2ms+28ms
D/SevenSyncProvider( 3302): SEVEN ACCOUNT select start
D/SevenSyncProvider( 3302): SEVEN ACCOUNT select end
D/EmailProvider( 3302): savenCount = 0
I/EmailProvider( 3302): saven Account Delete Start
E/ActivityThread( 3302): Failed to find provider info for com.seven.provider.email
I/PackageManager( 2691): /mnt/asec/com.hemispheregames.osmos-1/pkg.apk changed; collecting certs
W/DeviceAdminInfo( 2691): Unknown tag under uses-policies of ComponentInfo{com.android.email/com.android.email.SecurityPolicy$PolicyAdmin}: allow-irda
I/dalvikvm( 2691): Total arena pages for JIT: 11
D/KeyguardViewMediator( 2691): setKeyguardEnabled(true)
E/Email   ( 3302): setActivePoliciesAtSystemProperties()
D/PoliciesMultiplexer( 3302): update
D/PoliciesMultiplexer( 3302): getAllPolicies
I/BluetoothService( 2691): Intent IT Policy2
D/Tethering( 2691): [ActiveSync] onReceive() ACTION_DEVICE_POLICY_MANAGER_STATE_CHANGED intent
D/Tethering( 2691): [ActiveSync] internet sharing is NOT blocked
D/Tethering( 2691): [ActiveSync] onReceive() Internet sharing is NOT banned any more.
D/MountService( 2691): mPolicyReceiver android.app.action.DEVICE_POLICY_MANAGER_STATE_CHANGED true
D/MountService( 2691): ApplyCurrentSdCardPolicy :: true, getAllowStorageCard true
I/IconDebug( 2853): ApplicationsLoader run mStopped=true mRunning=true
D/Launcher.LauncherModel( 2853):   ----> applications loader stopped (1)
D/Launcher.LauncherModel( 2853):   ----> ApplicationLoader create
D/Launcher.LauncherModel( 2853):   ----> ApplicationLoader create -- mLauncher (java.lang.ref.WeakReference@4062abc0)
D/Launcher.LauncherModel( 2853):   ----> running applications loader (2)
D/PoliciesMultiplexer( 3302): grouping policies by name
D/Launcher.LauncherModel( 2853):   PackageManager (android.app.ContextImpl$ApplicationPackageManager@406018b0)
D/PoliciesMultiplexer( 3302): grouped policies by name
D/PoliciesMultiplexer( 3302): finding the strongest policies
D/PoliciesMultiplexer( 3302): found the strongest policies
D/PoliciesMultiplexer( 3302): applying policies to the device
E/Email   ( 3302): setActivePoliciesAtSystemProperties() : AdminActive  case : dpm.setAllowCamera : true
D/AccountBackupRestore( 3302): FileName[0]=LastUpdatedDate.xml
D/AccountBackupRestore( 3302): FileName[1]=com.android.email_preferences.xml
D/AccountBackupRestore( 3302): FileName[2]=AndroidMail.MessageList.xml
D/AccountBackupRestore( 3302): FileName[3]=AndroidMail.Main.xml
D/AccountBackupRestore( 3302): Preference File List End
D/Launcher.LauncherModel( 2853): load applications
D/Launcher.LauncherModel( 2853):   --> wait for applications loader (2)
D/EAS SyncManager( 3302): !!! EAS SyncManager, onStartCommand
D/AccountBackupRestore( 3302): FileName[0]=LastUpdatedDate.xml
D/AccountBackupRestore( 3302): FileName[1]=com.android.email_preferences.xml
D/AccountBackupRestore( 3302): FileName[2]=AndroidMail.MessageList.xml
D/AccountBackupRestore( 3302): FileName[3]=AndroidMail.Main.xml
D/AccountBackupRestore( 3302): Preference File List End
D/AccountBackupRestore( 3302): FileName[0]=LastUpdatedDate.xml
D/AccountBackupRestore( 3302): FileName[1]=com.android.email_preferences.xml
D/AccountBackupRestore( 3302): FileName[2]=AndroidMail.MessageList.xml
D/AccountBackupRestore( 3302): FileName[3]=AndroidMail.Main.xml
D/AccountBackupRestore( 3302): Preference File List End
D/NPG     ( 3302): reconcileAccountsWithAccountManager
D/EAS SyncManager( 3302): checkAccount = false
D/EAS SyncManager( 3302): !!! EAS SyncManager, onStartCommand
D/AccountBackupRestore( 3302): FileName[0]=LastUpdatedDate.xml
D/AccountBackupRestore( 3302): FileName[1]=com.android.email_preferences.xml
D/AccountBackupRestore( 3302): FileName[2]=AndroidMail.MessageList.xml
D/AccountBackupRestore( 3302): FileName[3]=AndroidMail.Main.xml
D/AccountBackupRestore( 3302): Preference File List End
D/DEVENC  ( 3302): essiv=1
I/ActivityManager( 2691): Start proc com.sec.android.app.clockpackage for broadcast com.sec.android.app.clockpackage/.alarm.AlarmReceiver: pid=3341 uid=10089 gids={3003, 1015}
D/Launcher.LauncherModel( 2853):   ----> applications loader stopped (2)
D/Launcher.LauncherModel( 2853):   --> starting applications loader
D/Launcher.LauncherModel( 2853):   ----> ApplicationLoader create
D/Launcher.LauncherModel( 2853):   ----> ApplicationLoader create -- mLauncher (java.lang.ref.WeakReference@406cbb40)
I/ActivityManager( 2691): No longer want com.cooliris.media (pid 3026): hidden #26
D/Launcher.LauncherModel( 2853):   ----> running applications loader (3)
D/Launcher.LauncherModel( 2853): load applications
D/Launcher.LauncherModel( 2853):   --> wait for applications loader (3)
D/AccountBackupRestore( 3302): FileName[0]=LastUpdatedDate.xml
D/AccountBackupRestore( 3302): FileName[1]=com.android.email_preferences.xml
D/AccountBackupRestore( 3302): FileName[2]=AndroidMail.MessageList.xml
D/AccountBackupRestore( 3302): FileName[3]=AndroidMail.Main.xml
D/AccountBackupRestore( 3302): Preference File List End
D/Controller( 3302): add Result Callback
D/Eas Debug( 3302): Logging: 
D/Launcher.LauncherModel( 2853):   PackageManager (android.app.ContextImpl$ApplicationPackageManager@406018b0)
D/dalvikvm( 3302): GC_CONCURRENT freed 344K, 44% free 3378K/5959K, external 0K/0K, paused 1ms+2ms
D/NPG     ( 3302): reconcileAccountsWithAccountManager
D/EAS SyncManager( 3302): checkAccount = false
D/AccountBackupRestore( 3302): FileName[0]=LastUpdatedDate.xml
D/AccountBackupRestore( 3302): FileName[1]=com.android.email_preferences.xml
D/AccountBackupRestore( 3302): FileName[2]=AndroidMail.MessageList.xml
D/AccountBackupRestore( 3302): FileName[3]=AndroidMail.Main.xml
D/AccountBackupRestore( 3302): Preference File List End
E/AlarmManagerService( 2691): android_server_AlarmManagerService_set to type=0, 1338844813.088000000
I/ActivityThread( 3341): Pub com.sec.android.provider.stri_s1_worldclock: com.sec.android.app.clockpackage.worldclock.common.DataContentProvider
D/Controller( 3302): add Result Callback
D/Controller( 3302): remove Result Callback
E/AlarmManagerService( 2691): android_server_AlarmManagerService_set to type=0, 1338844813.131000000
D/NPG     ( 3302): reconcileAccountsWithAccountManager
D/EAS SyncManager( 3302): checkAccount = false
I/ActivityThread( 3341): Pub com.samsung.sec.android.clockpackage: com.sec.android.app.clockpackage.alarm.AlarmProvider
D/AlarmReceiver( 3341): onReceive() : Intent { act=android.intent.action.BOOT_COMPLETED cmp=com.sec.android.app.clockpackage/.alarm.AlarmReceiver }
D/AlarmReceiver( 3341): updateSnoozeAfterBoot called.
D/AlarmReceiver( 3341): updateSnoozeAfterBoot item count ->0, just return.
D/Launcher.LauncherModel( 2853):   ----> applications loader stopped (3)
D/Launcher.LauncherModel( 2853):   --> starting applications loader
D/Launcher.LauncherModel( 2853):   ----> ApplicationLoader create
D/Launcher.LauncherModel( 2853):   ----> ApplicationLoader create -- mLauncher (java.lang.ref.WeakReference@4070d3a8)
D/Launcher.LauncherModel( 2853):   ----> running applications loader (4)
D/Launcher.LauncherModel( 2853):   PackageManager (android.app.ContextImpl$ApplicationPackageManager@406018b0)
D/AlarmProvider( 3341): enableNextAlert next alarm : null
D/TAG     ( 3341): mPendingIntent == null am.cancel
D/AlarmProvider( 3341): tw843	saveNextAlarm() timeString : 
I/ActivityManager( 2691): Start proc com.sec.android.app.camera for broadcast com.sec.android.app.camera/.BootCamera: pid=3356 uid=10092 gids={1006, 1015, 1001}
I/ActivityManager( 2691): No longer want com.sec.android.widgetapp.buddiesnow (pid 3063): hidden #26
I/CameraBoot( 3356): Start Camera application
I/ActivityManager( 2691): Start proc com.sec.android.app.callsetting for broadcast com.sec.android.app.callsetting/.allcalls.AutoRejectBootReceiver: pid=3363 uid=1001 gids={3002, 3001, 3003, 1006, 1015}
I/Zygote  ( 3363): Zygote: pid 3363 has CALL PRIVILEGED permission, then set capability for CAP_SYS_ADMIN (21)
I/ActivityManager( 2691): No longer want com.sec.android.app.servicemodeapp (pid 3086): hidden #26
D/dalvikvm( 2691): GC_CONCURRENT freed 1698K, 42% free 9138K/15751K, external 773K/2273K, paused 3ms+8ms
I/ActivityThread( 3363): Pub com.sec.android.app.callsetting.allcalls: com.sec.android.app.callsetting.allcalls.AllCallsProvider
V/AutoRejectBootReceiver( 3363): AutoRejectBootReceiverandroid.intent.action.BOOT_COMPLETED
V/AutoRejectBootReceiver( 3363): pkg name :com.sec.android.app.callsetting  Cls name : com.sec.android.app.callsetting.allcalls.AutoReject
W/ActivityManager( 2691): Unable to start service Intent { cmp=com.android.providers.calendar/.EmptyService }: not found
I/ActivityManager( 2691): Start proc com.sec.android.inputmethod.axt9 for broadcast com.sec.android.inputmethod.axt9/.CSCReadAndSet: pid=3371 uid=10098 gids={3002}
I/ActivityManager( 2691): No longer want com.samsung.wimax.rc (pid 3094): hidden #26
I/ActivityManager( 2691): Start proc mobi.omegacentauri.VolumeSwipe for broadcast mobi.omegacentauri.VolumeSwipe/.OnBootReceiver: pid=3378 uid=10221 gids={1007}
I/ActivityManager( 2691): No longer want com.android.task (pid 3101): hidden #26
I/ActivityManager( 2691): Start proc com.google.android.apps.maps:FriendService for broadcast com.google.android.apps.maps/com.google.googlenav.friend.android.ServiceReceiver: pid=3386 uid=10068 gids={3003, 1015}
I/ActivityManager( 2691): No longer want com.sprint.dsa (pid 3118): hidden #26
D/dalvikvm( 2954): GC_EXPLICIT freed 167K, 45% free 3031K/5447K, external 0K/0K, paused 41ms
D/dalvikvm( 2584): GC_EXPLICIT freed 12K, 46% free 2906K/5379K, external 0K/0K, paused 32ms
D/dalvikvm( 2584): GC_EXPLICIT freed <1K, 46% free 2906K/5379K, external 0K/0K, paused 29ms
D/dalvikvm( 2584): GC_EXPLICIT freed <1K, 46% free 2906K/5379K, external 0K/0K, paused 28ms
D/dalvikvm( 3386): GC_CONCURRENT freed 143K, 43% free 3268K/5639K, external 0K/0K, paused 2ms+3ms
D/dalvikvm( 3386): GC_CONCURRENT freed 194K, 41% free 3592K/6023K, external 0K/0K, paused 1ms+3ms
