I/DebugPlacement( 2853): SyncGrid 0 7 com.sec.android.app.twlauncher.ApplicationInfo Gallery -1 0 7 39|-1|-1|-1|-1|0 com.sec.android.app.twlauncher.ApplicationInfo@40633928 New
I/DebugPlacement( 2853): SyncGrid 0 8 com.sec.android.app.twlauncher.ApplicationInfo Gmail -1 0 8 14|-1|-1|-1|-1|0 com.sec.android.app.twlauncher.ApplicationInfo@4076d080 New
I/DebugPlacement( 2853): SyncGrid 11 4 com.sec.android.app.twlauncher.ApplicationInfo Go Free -1 11 4 190|-1|-1|-1|-1|0 com.sec.android.app.twlauncher.ApplicationInfo@40665c20 New
I/DebugPlacement( 2853): SyncGrid 9 13 com.sec.android.app.twlauncher.ApplicationInfo Gravilux -1 9 13 167|-1|-1|-1|-1|0 com.sec.android.app.twlauncher.ApplicationInfo@405e37b8 New
I/DebugPlacement( 2853): SyncGrid 3 10 com.sec.android.app.twlauncher.ApplicationInfo How to Tie a Tie -1 3 10 64|-1|-1|-1|-1|0 com.sec.android.app.twlauncher.ApplicationInfo@405d7468 New
I/DebugPlacement( 2853): SyncGrid 3 6 com.sec.android.app.twlauncher.ApplicationInfo iBird Pro -1 3 6 58|-1|-1|-1|-1|0 com.sec.android.app.twlauncher.ApplicationInfo@405e1500 New
I/DebugPlacement( 2853): SyncGrid 6 5 com.sec.android.app.twlauncher.ApplicationInfo idemolished -1 6 5 105|-1|-1|-1|-1|0 com.sec.android.app.twlauncher.ApplicationInfo@405fc580 New
I/DebugPlacement( 2853): SyncGrid 8 1 com.sec.android.app.twlauncher.ApplicationInfo IMDb -1 8 1 138|-1|-1|-1|-1|0 com.sec.android.app.twlauncher.ApplicationInfo@405ed378 New
I/DebugPlacement( 2853): SyncGrid 0 10 com.sec.android.app.twlauncher.ApplicationInfo Internet -1 0 10 17|-1|-1|-1|-1|0 com.sec.android.app.twlauncher.ApplicationInfo@407622a0 New
I/DebugPlacement( 2853): SyncGrid 9 8 com.sec.android.app.twlauncher.ApplicationInfo iStunt2 -1 9 8 162|-1|-1|-1|-1|0 com.sec.android.app.twlauncher.ApplicationInfo@40768450 New
I/DebugPlacement( 2853): SyncGrid 0 11 com.sec.android.app.twlauncher.ApplicationInfo Kies air -1 0 11 37|-1|-1|-1|-1|0 com.sec.android.app.twlauncher.ApplicationInfo@4063a1b8 New
I/DebugPlacement( 2853): SyncGrid 5 7 com.sec.android.app.twlauncher.ApplicationInfo Konas Crate -1 5 7 96|-1|-1|-1|-1|0 com.sec.android.app.twlauncher.ApplicationInfo@406334d8 New
I/DebugPlacement( 2853): SyncGrid 0 12 com.sec.android.app.twlauncher.ApplicationInfo Latitude -1 0 12 34|-1|-1|-1|-1|0 com.sec.android.app.twlauncher.ApplicationInfo@40602880 New
I/DebugPlacement( 2853): SyncGrid 5 6 com.sec.android.app.twlauncher.ApplicationInfo LCDTest -1 5 6 95|-1|-1|-1|-1|0 com.sec.android.app.twlauncher.ApplicationInfo@4064c370 New
I/DebugPlacement( 2853): SyncGrid 4 2 com.sec.android.app.twlauncher.ApplicationInfo LibriVox Downloader -1 4 2 70|-1|-1|-1|-1|0 com.sec.android.app.twlauncher.ApplicationInfo@405f97a0 New
I/DebugPlacement( 2853): SyncGrid 9 1 com.sec.android.app.twlauncher.ApplicationInfo Link -1 9 1 155|-1|-1|-1|-1|0 com.sec.android.app.twlauncher.ApplicationInfo@406831f8 New
I/DebugPlacement( 2853): SyncGrid 6 6 com.sec.android.app.twlauncher.ApplicationInfo LittlePiano Pro -1 6 6 106|-1|-1|-1|-1|0 com.sec.android.app.twlauncher.ApplicationInfo@4070e0f8 New
I/DebugPlacement( 2853): SyncGrid 1 4 com.sec.android.app.twlauncher.ApplicationInfo Local -1 1 4 35|-1|-1|-1|-1|0 com.sec.android.app.twlauncher.ApplicationInfo@40602648 New
I/DebugPlacement( 2853): SyncGrid 11 1 com.sec.android.app.twlauncher.ApplicationInfo Log Collector -1 11 1 187|-1|-1|-1|-1|0 com.sec.android.app.twlauncher.ApplicationInfo@4058a408 New
I/DebugPlacement( 2853): SyncGrid 3 0 com.sec.android.app.twlauncher.ApplicationInfo LunarMap HD -1 3 0 52|-1|-1|-1|-1|0 com.sec.android.app.twlauncher.ApplicationInfo@4064a660 New
I/DebugPlacement( 2853): SyncGrid 10 8 com.sec.android.app.twlauncher.ApplicationInfo Make It Fly -1 10 8 178|-1|-1|-1|-1|0 com.sec.android.app.twlauncher.ApplicationInfo@406ac0c8 New
I/DebugPlacement( 2853): SyncGrid 6 7 com.sec.android.app.twlauncher.ApplicationInfo Mancala -1 6 7 107|-1|-1|-1|-1|0 com.sec.android.app.twlauncher.ApplicationInfo@40713320 New
I/DebugPlacement( 2853): SyncGrid 9 2 com.sec.android.app.twlauncher.ApplicationInfo Mantano Reader Free -1 9 2 156|-1|-1|-1|-1|0 com.sec.android.app.twlauncher.ApplicationInfo@40714748 New
I/DebugPlacement( 2853): SyncGrid 0 13 com.sec.android.app.twlauncher.ApplicationInfo Maps -1 0 13 12|-1|-1|-1|-1|0 com.sec.android.app.twlauncher.ApplicationInfo@40763fd8 New
I/DebugPlacement( 2853): SyncGrid 4 8 com.sec.android.app.twlauncher.ApplicationInfo Media Hub -1 4 8 76|-1|-1|-1|-1|0 com.sec.android.app.twlauncher.ApplicationInfo@405151e8 New
I/DebugPlacement( 2853): SyncGrid 3 9 com.sec.android.app.twlauncher.ApplicationInfo MINDdroid -1 3 9 63|-1|-1|-1|-1|0 com.sec.android.app.twlauncher.ApplicationInfo@4060cf88 New
I/DebugPlacement( 2853): SyncGrid 11 12 com.sec.android.app.twlauncher.ApplicationInfo Montezuma 2 -1 11 12 200|-1|-1|-1|-1|0 com.sec.android.app.twlauncher.ApplicationInfo@405b5210 New
I/DebugPlacement( 2853): SyncGrid 4 9 com.sec.android.app.twlauncher.ApplicationInfo Moon+ Reader Pro -1 4 9 77|-1|-1|-1|-1|0 com.sec.android.app.twlauncher.ApplicationInfo@405b9bf0 New
I/DebugPlacement( 2853): SyncGrid 5 1 com.sec.android.app.twlauncher.ApplicationInfo MortPlayer Audio Books -1 5 1 85|-1|-1|-1|-1|0 com.sec.android.app.twlauncher.ApplicationInfo@405d48b8 New
I/DebugPlacement( 2853): SyncGrid 1 0 com.sec.android.app.twlauncher.ApplicationInfo Music -1 1 0 32|-1|-1|-1|-1|0 com.sec.android.app.twlauncher.ApplicationInfo@40643840 New
I/DebugPlacement( 2853): SyncGrid 1 1 com.sec.android.app.twlauncher.ApplicationInfo My files -1 1 1 31|-1|-1|-1|-1|0 com.sec.android.app.twlauncher.ApplicationInfo@406467e0 New
I/DebugPlacement( 2853): SyncGrid 6 8 com.sec.android.app.twlauncher.ApplicationInfo My Paper Plane 2 -1 6 8 108|-1|-1|-1|-1|0 com.sec.android.app.twlauncher.ApplicationInfo@40688670 New
I/DebugPlacement( 2853): SyncGrid 5 3 com.sec.android.app.twlauncher.ApplicationInfo MySword for Android -1 5 3 87|-1|-1|-1|-1|0 com.sec.android.app.twlauncher.ApplicationInfo@405fbfb0 New
I/DebugPlacement( 2853): SyncGrid 9 11 com.sec.android.app.twlauncher.ApplicationInfo MyTopo Maps -1 9 11 165|-1|-1|-1|-1|0 com.sec.android.app.twlauncher.ApplicationInfo@405ff6b0 New
D/dalvikvm( 3460): GC_FOR_MALLOC freed 484K, 42% free 4845K/8327K, external 0K/0K, paused 62ms
I/DebugPlacement( 2853): SyncGrid 1 2 com.sec.android.app.twlauncher.ApplicationInfo Navigation -1 1 2 36|-1|-1|-1|-1|0 com.sec.android.app.twlauncher.ApplicationInfo@405fd330 New
I/DebugPlacement( 2853): SyncGrid 3 5 com.sec.android.app.twlauncher.ApplicationInfo Netflix -1 3 5 57|-1|-1|-1|-1|0 com.sec.android.app.twlauncher.ApplicationInfo@4058d070 New
I/DebugPlacement( 2853): SyncGrid 4 3 com.sec.android.app.twlauncher.ApplicationInfo Night Ride -1 4 3 71|-1|-1|-1|-1|0 com.sec.android.app.twlauncher.ApplicationInfo@405e46b8 New
I/DebugPlacement( 2853): SyncGrid 5 5 com.sec.android.app.twlauncher.ApplicationInfo No Lock -1 5 5 94|-1|-1|-1|-1|0 com.sec.android.app.twlauncher.ApplicationInfo@405fae48 New
I/DebugPlacement( 2853): SyncGrid 4 7 com.sec.android.app.twlauncher.ApplicationInfo NodeBeat -1 4 7 75|-1|-1|-1|-1|0 com.sec.android.app.twlauncher.ApplicationInfo@40635608 New
I/DebugPlacement( 2853): SyncGrid 10 4 com.sec.android.app.twlauncher.ApplicationInfo OfficeSuite -1 10 4 174|-1|-1|-1|-1|0 com.sec.android.app.twlauncher.ApplicationInfo@40772928 New
I/DebugPlacement( 2853): SyncGrid 3 1 com.sec.android.app.twlauncher.ApplicationInfo Open Star Map -1 3 1 53|-1|-1|-1|-1|0 com.sec.android.app.twlauncher.ApplicationInfo@406889f8 New
I/DebugPlacement( 2853): SyncGrid 4 14 com.sec.android.app.twlauncher.ApplicationInfo Opera Mobile -1 4 14 83|-1|-1|-1|-1|0 com.sec.android.app.twlauncher.ApplicationInfo@4076b670 New
I/DebugPlacement( 2853): SyncGrid 8 9 com.sec.android.app.twlauncher.ApplicationInfo Osmos HD -1 8 9 151|-1|-1|-1|-1|0 com.sec.android.app.twlauncher.ApplicationInfo@406a3ed8 New
I/DebugPlacement( 2853): SyncGrid 6 9 com.sec.android.app.twlauncher.ApplicationInfo PAC-MAN -1 6 9 109|-1|-1|-1|-1|0 com.sec.android.app.twlauncher.ApplicationInfo@4060c2d8 New
I/DebugPlacement( 2853): SyncGrid 6 10 com.sec.android.app.twlauncher.ApplicationInfo Penguin Skiing -1 6 10 110|-1|-1|-1|-1|0 com.sec.android.app.twlauncher.ApplicationInfo@40629d28 New
I/DebugPlacement( 2853): SyncGrid 11 3 com.sec.android.app.twlauncher.ApplicationInfo PerApp -1 11 3 189|-1|-1|-1|-1|0 com.sec.android.app.twlauncher.ApplicationInfo@4066c3e8 New
I/AmazonAppstore.UpdateCommands( 3460): Self-updating enabled: true
D/AmazonAppstore.UpdateCommands( 3460): Adding self-update command to UpdateService
D/AmazonAppstore.UpdateService( 3460): Received action: com.amazon.mas.client.framework.UpdateService.SD_CARD_MOUNTED from intent: Intent { act=com.amazon.mas.client.framework.UpdateService.SD_CARD_MOUNTED cmp=com.amazon.venezia/com.amazon.mas.client.framework.UpdateService }
I/ActivityManager( 2691): Start proc com.android.settings for broadcast com.android.settings/.TestingSettingsBroadcastReceiver: pid=3844 uid=1000 gids={3003, 1015, 3002, 3001, 1001, 1006, 2001}
I/DebugPlacement( 2853): SyncGrid 1 3 com.sec.android.app.twlauncher.ApplicationInfo Photo editor -1 1 3 30|-1|-1|-1|-1|0 com.sec.android.app.twlauncher.ApplicationInfo@406472b8 New
I/DebugPlacement( 2853): SyncGrid 4 5 com.sec.android.app.twlauncher.ApplicationInfo Play Books -1 4 5 73|-1|-1|-1|-1|0 com.sec.android.app.twlauncher.ApplicationInfo@4076d488 New
I/DebugPlacement( 2853): SyncGrid 0 14 com.sec.android.app.twlauncher.ApplicationInfo Play Store -1 0 14 11|-1|-1|-1|-1|0 com.sec.android.app.twlauncher.ApplicationInfo@40772330 New
I/DebugPlacement( 2853): SyncGrid 1 5 com.sec.android.app.twlauncher.ApplicationInfo Polaris Office -1 1 5 29|-1|-1|-1|-1|0 com.sec.android.app.twlauncher.ApplicationInfo@4064c118 New
I/DebugPlacement( 2853): SyncGrid 3 4 com.sec.android.app.twlauncher.ApplicationInfo Quell -1 3 4 56|-1|-1|-1|-1|0 com.sec.android.app.twlauncher.ApplicationInfo@40545818 New
I/DebugPlacement( 2853): SyncGrid 7 5 com.sec.android.app.twlauncher.ApplicationInfo Quell Reflect -1 7 5 122|-1|-1|-1|-1|0 com.sec.android.app.twlauncher.ApplicationInfo@4064bf08 New
I/DebugPlacement( 2853): SyncGrid 11 9 com.sec.android.app.twlauncher.ApplicationInfo Quote Unquote -1 11 9 197|-1|-1|-1|-1|0 com.sec.android.app.twlauncher.ApplicationInfo@4064a0c8 New
I/DebugPlacement( 2853): SyncGrid 3 11 com.sec.android.app.twlauncher.ApplicationInfo Raging Thunder -1 3 11 65|-1|-1|-1|-1|0 com.sec.android.app.twlauncher.ApplicationInfo@40559d80 New
I/DebugPlacement( 2853): SyncGrid 6 12 com.sec.android.app.twlauncher.ApplicationInfo Red Wrecker -1 6 12 112|-1|-1|-1|-1|0 com.sec.android.app.twlauncher.ApplicationInfo@4064e5a8 New
I/DebugPlacement( 2853): SyncGrid 12 2 com.sec.android.app.twlauncher.ApplicationInfo Reduce Photo Size -1 12 2 206|-1|-1|-1|-1|0 com.sec.android.app.twlauncher.ApplicationInfo@40591160 New
I/DebugPlacement( 2853): SyncGrid 6 11 com.sec.android.app.twlauncher.ApplicationInfo Refraction -1 6 11 111|-1|-1|-1|-1|0 com.sec.android.app.twlauncher.ApplicationInfo@405ba8b8 New
I/DebugPlacement( 2853): SyncGrid 6 13 com.sec.android.app.twlauncher.ApplicationInfo Reversi -1 6 13 113|-1|-1|-1|-1|0 com.sec.android.app.twlauncher.ApplicationInfo@405db480 New
I/DebugPlacement( 2853): SyncGrid 6 14 com.sec.android.app.twlauncher.ApplicationInfo RIDGID Digital Level -1 6 14 114|-1|-1|-1|-1|0 com.sec.android.app.twlauncher.ApplicationInfo@406130d0 New
I/DebugPlacement( 2853): SyncGrid 6 15 com.sec.android.app.twlauncher.ApplicationInfo Rush Hour -1 6 15 115|-1|-1|-1|-1|0 com.sec.android.app.twlauncher.ApplicationInfo@405d4f90 New
I/DebugPlacement( 2853): SyncGrid 11 14 com.sec.android.app.twlauncher.ApplicationInfo ScreenDim -1 11 14 202|-1|-1|-1|-1|0 com.sec.android.app.twlauncher.ApplicationInfo@405f37a0 New
I/DebugPlacement( 2853): SyncGrid 0 9 com.sec.android.app.twlauncher.ApplicationInfo Search -1 0 9 38|-1|-1|-1|-1|0 com.sec.android.app.twlauncher.ApplicationInfo@40627090 New
I/DebugPlacement( 2853): SyncGrid 1 6 com.sec.android.app.twlauncher.ApplicationInfo Settings -1 1 6 9|-1|-1|-1|-1|0 com.sec.android.app.twlauncher.ApplicationInfo@40599c98 New
I/DebugPlacement( 2853): SyncGrid 5 4 com.sec.android.app.twlauncher.ApplicationInfo Shush! -1 5 4 92|-1|-1|-1|-1|0 com.sec.android.app.twlauncher.ApplicationInfo@4076bf48 New
I/DebugPlacement( 2853): SyncGrid 10 10 com.sec.android.app.twlauncher.ApplicationInfo Sketch n Draw -1 10 10 180|-1|-1|-1|-1|0 com.sec.android.app.twlauncher.ApplicationInfo@4076a1c0 New
I/DebugPlacement( 2853): SyncGrid 9 15 com.sec.android.app.twlauncher.ApplicationInfo SkEye -1 9 15 169|-1|-1|-1|-1|0 com.sec.android.app.twlauncher.ApplicationInfo@40636b90 New
I/DebugPlacement( 2853): SyncGrid 10 5 com.sec.android.app.twlauncher.ApplicationInfo Skitch -1 10 5 175|-1|-1|-1|-1|0 com.sec.android.app.twlauncher.ApplicationInfo@40762898 New
I/DebugPlacement( 2853): SyncGrid 11 4 com.sec.android.app.twlauncher.ApplicationInfo SkySafari Pro -1 11 4 191|-1|-1|-1|-1|0 com.sec.android.app.twlauncher.ApplicationInfo@405f6eb0 New
I/DebugPlacement( 2853): SyncGrid 10 15 com.sec.android.app.twlauncher.ApplicationInfo SlideIT Keyboard -1 10 15 185|-1|-1|-1|-1|0 com.sec.android.app.twlauncher.ApplicationInfo@40646bc0 New
I/DebugPlacement( 2853): SyncGrid 11 0 com.sec.android.app.twlauncher.ApplicationInfo SlideIT Skin Customizer (trial) -1 11 0 186|-1|-1|-1|-1|0 com.sec.android.app.twlauncher.ApplicationInfo@4061b8a8 New
I/DebugPlacement( 2853): SyncGrid 1 7 com.sec.android.app.twlauncher.ApplicationInfo Social Hub -1 1 7 28|-1|-1|-1|-1|0 com.sec.android.app.twlauncher.ApplicationInfo@4064c1f8 New
I/DebugPlacement( 2853): SyncGrid 4 1 com.sec.android.app.twlauncher.ApplicationInfo Speed Test -1 4 1 69|-1|-1|-1|-1|0 com.sec.android.app.twlauncher.ApplicationInfo@40629ea0 New
I/DebugPlacement( 2853): SyncGrid 1 8 com.sec.android.app.twlauncher.ApplicationInfo Sprint
I/DebugPlacement( 2853):  Zone -1 1 8 25|-1|-1|-1|-1|0 com.sec.android.app.twlauncher.ApplicationInfo@4067a118 New
I/DebugPlacement( 2853): SyncGrid 1 9 com.sec.android.app.twlauncher.ApplicationInfo Sprint Hotspot -1 1 9 10|-1|-1|-1|-1|0 com.sec.android.app.twlauncher.ApplicationInfo@40656ee8 New
I/DebugPlacement( 2853): SyncGrid 1 10 com.sec.android.app.twlauncher.ApplicationInfo Sprint ID -1 1 10 27|-1|-1|-1|-1|0 com.sec.android.app.twlauncher.ApplicationInfo@40679a68 New
I/DebugPlacement( 2853): SyncGrid 1 11 com.sec.android.app.twlauncher.ApplicationInfo Sprint Mobile Wallet -1 1 11 26|-1|-1|-1|-1|0 com.sec.android.app.twlauncher.ApplicationInfo@407644e0 New
I/DebugPlacement( 2853): SyncGrid 8 7 com.sec.android.app.twlauncher.ApplicationInfo StopWatch & Timer -1 8 7 149|-1|-1|-1|-1|0 com.sec.android.app.twlauncher.ApplicationInfo@4076d678 New
I/DebugPlacement( 2853): SyncGrid 10 3 com.sec.android.app.twlauncher.ApplicationInfo Swype Installer -1 10 3 173|-1|-1|-1|-1|0 com.sec.android.app.twlauncher.ApplicationInfo@4075c398 New
I/DebugPlacement( 2853): SyncGrid 2 0 com.sec.android.app.twlauncher.ApplicationInfo Talk -1 2 0 8|-1|-1|-1|-1|0 com.sec.android.app.twlauncher.ApplicationInfo@405d7080 New
I/DebugPlacement( 2853): SyncGrid 7 0 com.sec.android.app.twlauncher.ApplicationInfo Tank Hero -1 7 0 116|-1|-1|-1|-1|0 com.sec.android.app.twlauncher.ApplicationInfo@405f99d8 New
I/DebugPlacement( 2853): SyncGrid 11 10 com.sec.android.app.twlauncher.ApplicationInfo Tank Recon 3D (Lite) -1 11 10 198|-1|-1|-1|-1|0 com.sec.android.app.twlauncher.ApplicationInfo@405cf820 New
I/DebugPlacement( 2853): SyncGrid 2 1 com.sec.android.app.twlauncher.ApplicationInfo Task -1 2 1 7|-1|-1|-1|-1|0 com.sec.android.app.twlauncher.ApplicationInfo@4057cc10 New
I/DebugPlacement( 2853): SyncGrid 2 2 com.sec.android.app.twlauncher.ApplicationInfo Task Manager -1 2 2 13|-1|-1|-1|-1|0 com.sec.android.app.twlauncher.ApplicationInfo@40582998 New
I/DebugPlacement( 2853): SyncGrid 11 15 com.sec.android.app.twlauncher.ApplicationInfo Tasker -1 11 15 203|-1|-1|-1|-1|0 com.sec.android.app.twlauncher.ApplicationInfo@40635a30 New
I/DebugPlacement( 2853): SyncGrid 10 7 com.sec.android.app.twlauncher.ApplicationInfo Tech Hangar -1 10 7 177|-1|-1|-1|-1|0 com.sec.android.app.twlauncher.ApplicationInfo@40768198 New
I/DebugPlacement( 2853): SyncGrid 2 3 com.sec.android.app.twlauncher.ApplicationInfo TeleNav GPS Navigator -1 2 3 46|-1|-1|-1|-1|0 com.sec.android.app.twlauncher.ApplicationInfo@405f43d8 New
I/DebugPlacement( 2853): SyncGrid 12 0 com.sec.android.app.twlauncher.ApplicationInfo The Floor Is Lava -1 12 0 204|-1|-1|-1|-1|0 com.sec.android.app.twlauncher.ApplicationInfo@405d5790 New
I/DebugPlacement( 2853): SyncGrid 8 10 com.sec.android.app.twlauncher.ApplicationInfo Toki Tori -1 8 10 152|-1|-1|-1|-1|0 com.sec.android.app.twlauncher.ApplicationInfo@4059e840 New
I/DebugPlacement( 2853): SyncGrid 3 8 com.sec.android.app.twlauncher.ApplicationInfo Torque (free) -1 3 8 60|-1|-1|-1|-1|0 com.sec.android.app.twlauncher.ApplicationInfo@405a8df0 New
I/DebugPlacement( 2853): SyncGrid 7 6 com.sec.android.app.twlauncher.ApplicationInfo Vexed for Android -1 7 6 123|-1|-1|-1|-1|0 com.sec.android.app.twlauncher.ApplicationInfo@40597c70 New
I/DebugPlacement( 2853): SyncGrid 2 4 com.sec.android.app.twlauncher.ApplicationInfo Video maker -1 2 4 23|-1|-1|-1|-1|0 com.sec.android.app.twlauncher.ApplicationInfo@4067c378 New
I/DebugPlacement( 2853): SyncGrid 2 5 com.sec.android.app.twlauncher.ApplicationInfo Videos -1 2 5 22|-1|-1|-1|-1|0 com.sec.android.app.twlauncher.ApplicationInfo@4067fa00 New
D/dalvikvm( 2691): GC_CONCURRENT freed 1722K, 43% free 9124K/15751K, external 899K/1386K, paused 3ms+6ms
I/DebugPlacement( 2853): SyncGrid 4 4 com.sec.android.app.twlauncher.ApplicationInfo Voice -1 4 4 72|-1|-1|-1|-1|0 com.sec.android.app.twlauncher.ApplicationInfo@406216e0 New
I/DebugPlacement( 2853): SyncGrid 2 6 com.sec.android.app.twlauncher.ApplicationInfo Voice command -1 2 6 19|-1|-1|-1|-1|0 com.sec.android.app.twlauncher.ApplicationInfo@407740c8 New
I/DebugPlacement( 2853): SyncGrid 2 7 com.sec.android.app.twlauncher.ApplicationInfo Voice recorder -1 2 7 21|-1|-1|-1|-1|0 com.sec.android.app.twlauncher.ApplicationInfo@4076bd60 New
I/DebugPlacement( 2853): SyncGrid 2 8 com.sec.android.app.twlauncher.ApplicationInfo Voice Search -1 2 8 20|-1|-1|-1|-1|0 com.sec.android.app.twlauncher.ApplicationInfo@40633028 New
I/DebugPlacement( 2853): SyncGrid 2 9 com.sec.android.app.twlauncher.ApplicationInfo Voice talk -1 2 9 5|-1|-1|-1|-1|0 com.sec.android.app.twlauncher.ApplicationInfo@40545428 New
I/DebugPlacement( 2853): SyncGrid 2 10 com.sec.android.app.twlauncher.ApplicationInfo Voicemail -1 2 10 4|-1|-1|-1|-1|0 com.sec.android.app.twlauncher.ApplicationInfo@40770828 New
I/DebugPlacement( 2853): SyncGrid 12 5 com.sec.android.app.twlauncher.ApplicationInfo VolumeSwipe -1 12 5 209|-1|-1|-1|-1|0 com.sec.android.app.twlauncher.ApplicationInfo@4061fed0 New
I/DebugPlacement( 2853): SyncGrid 10 6 com.sec.android.app.twlauncher.ApplicationInfo Week -1 10 6 176|-1|-1|-1|-1|0 com.sec.android.app.twlauncher.ApplicationInfo@407662f8 New
I/DebugPlacement( 2853): SyncGrid 7 9 com.sec.android.app.twlauncher.ApplicationInfo Where's My Droid -1 7 9 129|-1|-1|-1|-1|0 com.sec.android.app.twlauncher.ApplicationInfo@405fe6f0 New
I/DebugPlacement( 2853): SyncGrid 3 12 com.sec.android.app.twlauncher.ApplicationInfo Where's My Water? -1 3 12 66|-1|-1|-1|-1|0 com.sec.android.app.twlauncher.ApplicationInfo@4076ee20 New
I/DebugPlacement( 2853): SyncGrid 7 2 com.sec.android.app.twlauncher.ApplicationInfo Wifi Analyzer -1 7 2 118|-1|-1|-1|-1|0 com.sec.android.app.twlauncher.ApplicationInfo@40760da8 New
I/Zygote  ( 3844): Zygote: pid 3844 has CALL PRIVILEGED permission, then set capability for CAP_SYS_ADMIN (21)
I/DebugPlacement( 2853): SyncGrid 9 6 com.sec.android.app.twlauncher.ApplicationInfo Wind-up Knight -1 9 6 160|-1|-1|-1|-1|0 com.sec.android.app.twlauncher.ApplicationInfo@405b3908 New
I/DebugPlacement( 2853): SyncGrid 7 1 com.sec.android.app.twlauncher.ApplicationInfo Wood Bridges -1 7 1 117|-1|-1|-1|-1|0 com.sec.android.app.twlauncher.ApplicationInfo@405efba8 New
I/DebugPlacement( 2853): SyncGrid 11 11 com.sec.android.app.twlauncher.ApplicationInfo Word Game Pro -1 11 11 199|-1|-1|-1|-1|0 com.sec.android.app.twlauncher.ApplicationInfo@405f6f78 New
I/DebugPlacement( 2853): SyncGrid 9 12 com.sec.android.app.twlauncher.ApplicationInfo X-MEN -1 9 12 166|-1|-1|-1|-1|0 com.sec.android.app.twlauncher.ApplicationInfo@4059f8a8 New
I/DebugPlacement( 2853): SyncGrid 2 11 com.sec.android.app.twlauncher.ApplicationInfo YouTube -1 2 11 18|-1|-1|-1|-1|0 com.sec.android.app.twlauncher.ApplicationInfo@4058ba48 New
I/DebugPlacement( 2853): View = com.sec.android.app.twlauncher.MenuItemView@40777aa8 tag = com.sec.android.app.twlauncher.ApplicationInfo Messaging -1 -1 2 3|-1|-1|-1|-1|0 com.sec.android.app.twlauncher.ApplicationInfo@406165b8 Owner = com.sec.android.app.twlauncher.AppShortcutZone@4061c688
I/DebugPlacement( 2853): View = com.sec.android.app.twlauncher.MenuItemView@40776678 tag = com.sec.android.app.twlauncher.ApplicationInfo Contacts -1 -1 1 2|-1|-1|-1|-1|0 com.sec.android.app.twlauncher.ApplicationInfo@4075f0d8 Owner = com.sec.android.app.twlauncher.AppShortcutZone@4061c688
I/DebugPlacement( 2853): View = com.sec.android.app.twlauncher.MenuItemView@40775248 tag = com.sec.android.app.twlauncher.ApplicationInfo Phone -1 -1 0 1|-1|-1|-1|-1|0 com.sec.android.app.twlauncher.ApplicationInfo@4075da18 Owner = com.sec.android.app.twlauncher.AppShortcutZone@4061c688
I/EAS SyncManager( 3302): updateAccountDb start
I/EAS SyncManager( 3302): Baylor: in peak=[-2] db interval=[-2]
I/EAS SyncManager( 3302): updateAccountDb end
E/AlarmManagerService( 2691): android_server_AlarmManagerService_set to type=2, 77.451000000
V/AlarmManager( 2691): trigger WAKEUP Alarm{40aa5108 type 2 org.jraf.android.nolock}
D/NoLock/NoLockService( 3538): onStartCommand
D/NoLock/NoLockService( 3538): handleStart locking=false (nolock ENABLED)
D/NoLock/NoLockService( 3538): handleStart mKeyguardLock != null: reenabling keyguard
D/KeyguardViewMediator( 2691): setKeyguardEnabled(true)
D/NoLock/NoLockService( 3538): locking == false: getting newKeyguardLock
D/KeyguardViewMediator( 2691): setKeyguardEnabled(false)
V/SyncmlService( 2837): onTick: 4997 left
I/DebugDb ( 2853): UpdateDBTask thread started
E/DEVICE_PROVISIONED : ( 3844): DEVICE_PROVISIONED : 1
E/MTPRx   ( 3802): In MtpReceiverandroid.intent.action.MEDIA_SCANNER_FINISHED
I/ActivityManager( 2691): No longer want com.dropbox.android (pid 3446): hidden #26
D/dalvikvm( 2853): GC_CONCURRENT freed 1710K, 47% free 4586K/8583K, external 11728K/12774K, paused 1ms+3ms
D/BootReceiver( 3695): ACTION_MEDIA_SCANNER_FINISHED: path = /system/media
D/BootReceiver( 3695): ImageManager.hasStorage()truetrue
E/BootReceiver( 3695): Ignore first ACTION_MEDIA_SCANNER_FINISHED
I/ActivityManager( 2691): Start proc com.google.android.apps.maps:LocationFriendService for broadcast com.google.android.apps.maps/com.google.googlenav.friend.reporting.LocationReportingIntentReceiver: pid=3852 uid=10068 gids={3003, 1015}
I/DebugDb ( 2853): UpdateDBTask Begin Saving to DB
I/DebugFolder( 2853): Save Folder Data To DB
I/DebugDb ( 2853): UpdateDBTask End Saving to DB true
I/DebugDb ( 2853): UpdateDBTask Close DB
D/dalvikvm( 3852): GC_CONCURRENT freed 142K, 43% free 3269K/5639K, external 0K/0K, paused 1ms+2ms
D/dalvikvm( 3460): GC_CONCURRENT freed 571K, 41% free 4926K/8327K, external 0K/0K, paused 2ms+6ms
I/StatusBarPolicy( 2799): onDataActivity-D:0
D/EAS SyncManager( 3302): file and id exist
D/EAS SyncManager( 3302): id : SAMSUNG3A0000030BC6B4F
I/Mahskyript( 3302): FolderUpdateAdapter.FolderUpdateAdapter
I/Database( 3852): sqlite returned: error code = 0, msg = Recovered 12 frames from WAL file /data/data/com.google.android.apps.maps/databases/webview.db-wal
I/Mahskyript( 3302): FolderUpdateAdapter.hasChangedItems count: 0
I/Mahskyript( 3302): FolderDeleteAdapter.FolderDeleteAdapter
I/Mahskyript( 3302): FolderDeleteAdapter.hasChangedItems count: 0
I/Database( 3852): sqlite returned: error code = 0, msg = Recovered 6 frames from WAL file /data/data/com.google.android.apps.maps/databases/webviewCache.db-wal
D/dalvikvm( 2853): GC_EXTERNAL_ALLOC freed 112K, 47% free 4614K/8583K, external 12765K/12774K, paused 64ms
D/dalvikvm( 3460): GC_FOR_MALLOC freed 562K, 42% free 4872K/8327K, external 0K/0K, paused 44ms
E/MediaProvider( 2838): MountService returned externalSd Serial Number : 0xa0fcc6ad
D/VoldCmdListener( 2576): volume devpath /mnt/sdcard/external_sd
D/MountService( 2691):  :::: getStorageSerialNumber :: path = /mnt/sdcard/external_sd, result = 0xa0fcc6ad
D/dalvikvm( 3852): GC_CONCURRENT freed 200K, 41% free 3587K/6023K, external 0K/0K, paused 2ms+2ms
D/dalvikvm( 2853): GC_EXTERNAL_ALLOC freed 115K, 47% free 4595K/8583K, external 13536K/13536K, paused 33ms
D/dalvikvm( 3460): GC_FOR_MALLOC freed 676K, 42% free 4857K/8327K, external 0K/0K, paused 226ms
I/ActivityManager( 2691): Start proc com.samsung.phoneinfo for broadcast com.samsung.phoneinfo/.PhoneInfoReceiver: pid=3863 uid=1001 gids={3002, 3001, 3003, 1006, 1015}
I/ActivityManager( 2691): No longer want com.darkwindmedia.konascrate (pid 3521): hidden #26
D/dalvikvm( 2584): GC_EXPLICIT freed 12K, 46% free 2906K/5379K, external 0K/0K, paused 27ms
I/Zygote  ( 3863): Zygote: pid 3863 has CALL PRIVILEGED permission, then set capability for CAP_SYS_ADMIN (21)
D/dalvikvm( 2584): GC_EXPLICIT freed <1K, 46% free 2906K/5379K, external 0K/0K, paused 38ms
D/dalvikvm( 2584): GC_EXPLICIT freed <1K, 46% free 2906K/5379K, external 0K/0K, paused 33ms
I/PhoneInfoReceiver( 3863): onReceivecom.coremobility.app.vnotes.intent.action.MESSAGE_COUNT_CHANGED
I/TelephonyRegistry( 2691): notifyMessageWaitingChanged: false
I/ActivityManager( 2691): No longer want com.google.android.gm (pid 3564): hidden #26
D/GpsLocationProvider( 2691): NTP server returned: 1338844225111 (Mon Jun 04 16:10:25 CDT 2012) reference: 49742 certainty: 170 system time offset: 590
I/ActivityManager( 2691): Start proc com.google.android.gm for broadcast com.google.android.gm/.GmailReceiver: pid=3870 uid=10078 gids={3003, 1015}
I/EAS SyncManager( 3302): updateAccountDb start
I/EAS SyncManager( 3302): Baylor: in peak=[-2] db interval=[-2]
I/EAS SyncManager( 3302): updateAccountDb end
I/ActivityThread( 3870): Pub gmail-ls: com.google.android.gm.provider.MailProvider
I/ActivityThread( 3870): Pub gmail-downloads: com.google.android.gm.downloadprovider.DownloadProvider
I/ActivityThread( 3870): Pub com.google.android.gm: com.google.android.gm.provider.PublicContentProvider
I/ActivityThread( 3870): Pub com.google.android.gm.attachmentspreviews: com.google.android.gm.AttachmentPreviewProvider
I/ActivityThread( 3870): Pub com.google.android.gmail.SuggestionProvider: com.google.android.gm.SuggestionsProvider
D/dalvikvm( 3460): GC_CONCURRENT freed 602K, 42% free 4912K/8327K, external 0K/0K, paused 136ms+4ms
D/com.evernote.ui.helper.SyncNotification( 3547): ::::::::SyncNotification::com.evernote.action.SYNC_ERROR::::::::::::::::
D/dalvikvm( 3302): GC_CONCURRENT freed 441K, 44% free 3497K/6151K, external 0K/0K, paused 2ms+3ms
I/EAS SyncManager( 3302): updateAccountDb start
I/EAS SyncManager( 3302): Baylor: in peak=[-2] db interval=[-2]
I/EAS SyncManager( 3302): updateAccountDb end
E/MTPRx   ( 3802): In MtpReceiverandroid.intent.action.MEDIA_SCANNER_STARTED
W/MTPRx   ( 3802): Media scanning is started, setting media scanner status
E/MTPRx   ( 3802): file kieswifi.dat is not found
E/MTPRx   ( 3802): Battery charging. plugType = 0
E/MTPRx   ( 3802): AC charging. Dont lauch MTP APP
I/ActivityManager( 2691): Start proc com.sec.android.providers.downloads for broadcast com.sec.android.providers.downloads/.CDDownloadReceiver: pid=3883 uid=10040 gids={2001, 3003, 1015, 1001}
D/dalvikvm( 3852): GC_CONCURRENT freed 293K, 41% free 3757K/6343K, external 0K/0K, paused 2ms+2ms
D/dalvikvm( 3460): GC_FOR_MALLOC freed 786K, 43% free 4798K/8327K, external 0K/0K, paused 96ms
V/MediaProvider( 2838): Attached volume: external
I/ActivityThread( 3883): Pub sisodownloads: com.sec.android.providers.downloads.CDDownloadProvider
I/ActivityManager( 2691): No longer want com.google.android.youtube (pid 3580): hidden #26
D/EasSyncService( 3302): 1. Email Size = 102400
E/AlarmManagerService( 2691): android_server_AlarmManagerService_set to type=0, 1338845127.812000000
I/ActivityManager( 2691): Start proc com.sec.android.widgetapp.weatherclock for broadcast com.sec.android.widgetapp.weatherclock/.WeatherWidgetProvider: pid=3891 uid=10041 gids={3003}
D/MediaScannerService( 2838): scan : call scanner.scanDirectories - directories : /mnt/sdcard
D/MediaScanner( 2838): prescan enter: path - null
V/SyncmlService( 2837): onTick: 3997 left
I/ActivityThread( 3891): Pub com.sec.android.widgetapp.weatherclock: com.sec.android.widgetapp.weatherclock.provider.accuweather.AccuContentProvider
I/MediaUploader( 3816): No need to wake up
E/[FT]-Server( 3826): NetworkStateReceiver :intent: android.net.conn.CONNECTIVITY_CHANGE
D/ConnectivityService( 2691): reportNetworkCondition(0, 0)
D/ConnectivityService( 2691): Inet connectivity change, net=0, condition=0,mActiveDefaultNetwork=0
D/ConnectivityService( 2691): starting a change hold
E/jykim   ( 3302): getUserAgent() : SAMSUNG-SPH-D710/100.20306
D/PROXY2  ( 3302): Proxy Host: null
D/PROXY2  ( 3302): Proxy port: -1
D/GTalkService( 2884): [RawStanzaProvidersMgr] ##### searchProvidersFromIntent
D/dalvikvm( 3460): GC_CONCURRENT freed 552K, 42% free 4882K/8327K, external 0K/0K, paused 3ms+2ms
D/GTalkService( 2884): [RawStanzaProvidersMgr] no intent receivers found
I/AmazonAppstore.UpdateCommands( 3460): Self-updating enabled: true
D/AmazonAppstore.UpdateCommands( 3460): Adding self-update command to UpdateService
D/AmazonAppstore.UpdateService( 3460): Received action: com.amazon.mas.client.framework.UpdateService.CONN_CHANGED from intent: Intent { act=com.amazon.mas.client.framework.UpdateService.CONN_CHANGED cmp=com.amazon.venezia/com.amazon.mas.client.framework.UpdateService (has extras) }
D/ConnectivityService( 2691): getMobileDataEnabled returning true
I/ActivityManager( 2691): Start proc com.google.android.apps.docs for broadcast com.google.android.apps.docs/.receivers.NetworkChangeReceiver: pid=3904 uid=10173 gids={3003, 1015, 1006}
V/SecDownloader( 3883): CDHelpers : isNetworkRoaming: network is not roaming
E/AlarmManagerService( 2691): android_server_AlarmManagerService_set to type=0, 1338844295.004000000
I/StatusBarPolicy( 2799): onDataActivity-D:3
D/dalvikvm( 3460): GC_CONCURRENT freed 644K, 42% free 4902K/8327K, external 0K/0K, paused 1ms+17ms
E/jykim   ( 3302): getUserAgent() : SAMSUNG-SPH-D710/100.20306
D/EasSyncService( 3302): 2. Email Size = 400000
D/PROXY2  ( 3302): Proxy Host: null
D/PROXY2  ( 3302): Proxy port: -1
D/AlarmReceiver( 3771): mHandler.postDelayed(new Runnable() {
D/GTalkService( 2884): ##### Network broadcast (connected=true) type=mobile, state=CONNECTED
D/dalvikvm( 3460): GC_CONCURRENT freed 496K, 40% free 5077K/8327K, external 0K/0K, paused 2ms+4ms
D/dalvikvm( 2691): GC_EXPLICIT freed 457K, 43% free 9075K/15751K, external 899K/1386K, paused 71ms
I/dalvikvm( 2884): WOW: somebody generated [Lorg/jivesoftware/smack/filter/PacketFilter; simultaneously
D/dalvikvm( 3460): GC_FOR_MALLOC freed 356K, 40% free 5001K/8327K, external 0K/0K, paused 94ms
I/GTalkService( 2884): [GTalkConnection.30] init: initialized presence to AVAILABLE(x) pmuc-v1 voice-v1 video-v1 camera-v1
I/GTalkService( 2884): [GTalkConnection.30] ensurePresenceHandlerLoginState: call RosterListenerImpl.onLoggedIn
D/GTalkService( 2884): [RosterListenerImpl] onLoggedIn
I/GTalkService( 2884): [GTalkConnection.29] init: initialized presence to AVAILABLE(x) pmuc-v1 voice-v1 video-v1 camera-v1
I/GTalkService( 2884): [GTalkConnection.29] ensurePresenceHandlerLoginState: call RosterListenerImpl.onLoggedIn
D/GTalkService( 2884): [RosterListenerImpl] onLoggedIn
D/AlarmReceiver( 3771): mHandler.postDelayed(new Runnable() {
E/jykim   ( 3302): getUserAgent() : SAMSUNG-SPH-D710/100.20306
D/dalvikvm( 3460): GC_FOR_MALLOC freed 285K, 38% free 5164K/8327K, external 0K/0K, paused 65ms
D/PROXY2  ( 3302): Proxy Host: null
D/PROXY2  ( 3302): Proxy port: -1
D/MediaScanner( 2838): prescan return
D/MediaScanner( 2838): scanDirectories : directories.length=1, directories.length : /mnt/sdcard
D/MediaScanner( 2838): Sync...
D/dalvikvm( 3460): GC_FOR_MALLOC freed 336K, 41% free 4981K/8327K, external 0K/0K, paused 47ms
D/dalvikvm( 3639): GC_CONCURRENT freed 305K, 44% free 3394K/5959K, external 0K/0K, paused 2ms+10ms
D/AmazonAppstore.WorkflowEngineImpl( 3460): Finished workflow: WorkflowImpl [info=WorkflowInfoImpl [id=WorkflowIdImpl [value=135], type=WorkflowType [name=install]], 
D/AmazonAppstore.WorkflowEngineImpl( 3460): 	history=WorkflowHistory [actions=[
D/AmazonAppstore.WorkflowEngineImpl( 3460): 		ActionHistory [id=WorkflowActionId [value=discernCurrentInstalledStatus], result=ExecutionResult [code=Success, reason=ExecutionResultReason [name=None, details=null]]], 
D/AmazonAppstore.WorkflowEngineImpl( 3460): 		ActionHistory [id=WorkflowActionId [value=emptyInstallApplication], result=ExecutionResult [code=Success, reason=ExecutionResultReason [name=None, details=null]]], 
D/AmazonAppstore.WorkflowEngineImpl( 3460): 		ActionHistory [id=WorkflowActionId [value=foregroundInstallApplication], result=ExecutionResult [code=Pause, reason=ExecutionResultReason [name=awaitingActivity, details=null]]], 
D/AmazonAppstore.WorkflowEngineImpl( 3460): 		ActionHistory [id=WorkflowActionId [value=foregroundInstallApplication], result=ExecutionResult [code=Pause, reason=ExecutionResultReason [name=awaitingActivity, details=null]]], 
D/AmazonAppstore.WorkflowEngineImpl( 3460): 		ActionHistory [id=WorkflowActionId [value=foregroundInstallApplication], result=ExecutionResult [code=Success, reason=ExecutionResultReason [name=None, details=null]]], 
D/AmazonAppstore.WorkflowEngineImpl( 3460): 		ActionHistory [id=WorkflowActionId [value=awaitInstallApplication], result=ExecutionResult [code=Pause, reason=ExecutionResultReason [name=packageInstalled, details=ExecutionResultDetails [asIndexableString()=com.webprancer.amazon.garfieldDefense]]]], 
D/AmazonAppstore.WorkflowEngineImpl( 3460): 		ActionHistory [id=WorkflowActionId [value=awaitInstallApplication], result=ExecutionResult [code=Pause, reason=ExecutionResultReason [name=packageInstalled, details=ExecutionResultDetails [asIndexableString()=com.webprancer.amazon.garfieldDefense]]]], 
D/AmazonAppstore.WorkflowEngineImpl( 3460): 		ActionHistory [id=WorkflowActionId [value=awaitInstallApplication], result=ExecutionResult [code=Pause, reason=ExecutionResultReason [name=packageInstalled, details=ExecutionResultDetails [asIndexableString()=com.webprancer.amazon.garfieldDefense]]]], 
D/AmazonAppstore.WorkflowEngineImpl( 3460): 		ActionHistory [id=WorkflowActionId [value=awaitInstallApplication], result=ExecutionResult [code=Pause, reason=ExecutionResultReason [name=packageInstalled, details=ExecutionResultDetails [asIndexableString()=com.webprancer.amazon.garfieldDefense]]]], 
D/AmazonAppstore.WorkflowEngineImpl( 3460): 		ActionHistory [id=WorkflowActionId [value=awaitInstallApplication], result=ExecutionResult [code=Pause, reason=ExecutionResultReason [name=packageInstalled, details=ExecutionResultDetails [asIndexableString()=com.webprancer.amazon.garfieldDefense]]]], 
D/AmazonAppstore.WorkflowEngineImpl( 3460): 		ActionHistory [id=WorkflowActionId [value=awaitInstallApplication], result=ExecutionResult [code=Pause, reason=ExecutionResultReason [name=packageInstalled, details=ExecutionResultDetails [asIndexableString()=com.webprancer.amazon.garfieldDefense]]]], 
D/AmazonAppstore.WorkflowEngineImpl( 3460): 		ActionHistory [id=WorkflowActionId [value=awaitInstallApplication], result=ExecutionResult [code=Pause, reason=ExecutionResultReason [name=packageInstalled, details=ExecutionResultDetails [asIndexableString()=com.webprancer.amazon.garfieldDefense]]]], 
D/AmazonAppstore.WorkflowEngineImpl( 3460): 		ActionHistory [id=WorkflowActionId [value=awaitInstallApplication], result=ExecutionResult [code=Pause, reason=ExecutionResultReason [name=packageInstalled, details=ExecutionResultDetails [asIndexableString()=com.webprancer.amazon.garfieldDefense]]]], 
D/AmazonAppstore.WorkflowEngineImpl( 3460): 		ActionHistory [id=WorkflowActionId [value=awaitInstallApplication], result=ExecutionResult [code=Pause, reason=ExecutionResultReason [name=packageInstalled, details=ExecutionResultDetails [asIndexableString()=com.webprancer.amazon.garfieldDefense]]]], 
D/AmazonAppstore.WorkflowEngineImpl( 3460): 		ActionHistory [id=WorkflowActionId [value=awaitInstallApplication], result=ExecutionResult [code=Pause, reason=ExecutionResultReason [name=packageInstalled, details=ExecutionResultDetails [asIndexableString()=com.webprancer.amazon.garfieldDefense]]]], 
D/AmazonAppstore.WorkflowEngineImpl( 3460): 		ActionHistory [id=WorkflowActionId [value=awaitInstallApplication], result=ExecutionResult [code=Pause, reason=ExecutionResultReason [name=packageInstalled, details=ExecutionResultDetails [asIndexableString()=com.webprancer.amazon.garfieldDefense]]]], 
D/AmazonAppstore.WorkflowEngineImpl( 3460): 		ActionHistory [id=WorkflowActionId [value=awaitInstallApplication], result=ExecutionResult [code=Pause, reason=ExecutionResultReason [name=packageInstalled, details=ExecutionResultDetails [asIndexab
I/ActivityThread( 3904): Pub com.google.android.apps.docs.files: com.google.android.apps.docs.sync.filemanager.FileProvider
D/dalvikvm( 3460): GC_CONCURRENT freed 641K, 40% free 5029K/8327K, external 0K/0K, paused 1ms+1ms
D/AmazonAppstore.WorkflowEngineImpl( 3460): Starting workflow: WorkflowImpl [info=WorkflowInfoImpl [id=WorkflowIdImpl [value=29], type=WorkflowType [name=di]], 
D/AmazonAppstore.WorkflowEngineImpl( 3460): 	history=WorkflowHistory [actions=[
D/AmazonAppstore.WorkflowEngineImpl( 3460): 		ActionHistory [id=WorkflowActionId [value=beginDownloadWorkflow], result=ExecutionResult [code=Success, reason=ExecutionResultReason [name=None, details=null]]], 
D/AmazonAppstore.WorkflowEngineImpl( 3460): 		ActionHistory [id=WorkflowActionId [value=awaitDownloadWorkflow], result=ExecutionResult [code=Pause, reason=ExecutionResultReason [name=awaitingWorkflow, details=null]]], 
D/AmazonAppstore.WorkflowEngineImpl( 3460): 		ActionHistory [id=WorkflowActionId [value=awaitDownloadWorkflow], result=ExecutionResult [code=Success, reason=ExecutionResultReason [name=None, details=null]]], 
D/AmazonAppstore.WorkflowEngineImpl( 3460): 		ActionHistory [id=WorkflowActionId [value=beginInstallWorkflow], result=ExecutionResult [code=Success, reason=ExecutionResultReason [name=None, details=null]]], 
D/AmazonAppstore.WorkflowEngineImpl( 3460): 		ActionHistory [id=WorkflowActionId [value=awaitInstallWorkflow], result=ExecutionResult [code=Pause, reason=ExecutionResultReason [name=awaitingWorkflow, details=null]]], 
D/AmazonAppstore.WorkflowEngineImpl( 3460): 		ActionHistory [id=WorkflowActionId [value=awaitInstallWorkflow], result=ExecutionResult [code=Pause, reason=ExecutionResultReason [name=awaitingWorkflow, details=null]]], 
D/AmazonAppstore.WorkflowEngineImpl( 3460): 		ActionHistory [id=WorkflowActionId [value=awaitInstallWorkflow], result=ExecutionResult [code=Pause, reason=ExecutionResultReason [name=awaitingWorkflow, details=null]]], 
D/AmazonAppstore.WorkflowEngineImpl( 3460): 		ActionHistory [id=WorkflowActionId [value=awaitInstallWorkflow], result=ExecutionResult [code=Pause, reason=ExecutionResultReason [name=awaitingWorkflow, details=null]]], 
D/AmazonAppstore.WorkflowEngineImpl( 3460): 		ActionHistory [id=WorkflowActionId [value=awaitInstallWorkflow], result=ExecutionResult [code=Pause, reason=ExecutionResultReason [name=awaitingWorkflow, details=null]]], 
D/AmazonAppstore.WorkflowEngineImpl( 3460): 		ActionHistory [id=WorkflowActionId [value=awaitInstallWorkflow], result=ExecutionResult [code=Pause, reason=ExecutionResultReason [name=awaitingWorkflow, details=null]]], 
D/AmazonAppstore.WorkflowEngineImpl( 3460): 		ActionHistory [id=WorkflowActionId [value=awaitInstallWorkflow], result=ExecutionResult [code=Pause, reason=ExecutionResultReason [name=awaitingWorkflow, details=null]]], 
D/AmazonAppstore.WorkflowEngineImpl( 3460): 		ActionHistory [id=WorkflowActionId [value=awaitInstallWorkflow], result=ExecutionResult [code=Pause, reason=ExecutionResultReason [name=awaitingWorkflow, details=null]]], 
D/AmazonAppstore.WorkflowEngineImpl( 3460): 		ActionHistory [id=WorkflowActionId [value=awaitInstallWorkflow], result=ExecutionResult [code=Pause, reason=ExecutionResultReason [name=awaitingWorkflow, details=null]]], 
D/AmazonAppstore.WorkflowEngineImpl( 3460): 		ActionHistory [id=WorkflowActionId [value=awaitInstallWorkflow], result=ExecutionResult [code=Pause, reason=ExecutionResultReason [name=awaitingWorkflow, details=null]]], 
D/AmazonAppstore.WorkflowEngineImpl( 3460): 		ActionHistory [id=WorkflowActionId [value=awaitInstallWorkflow], result=ExecutionResult [code=Pause, reason=ExecutionResultReason [name=awaitingWorkflow, details=null]]], 
D/AmazonAppstore.WorkflowEngineImpl( 3460): 		ActionHistory [id=WorkflowActionId [value=awaitInstallWorkflow], result=ExecutionResult [code=Pause, reason=ExecutionResultReason [name=awaitingWorkflow, details=null]]], 
D/AmazonAppstore.WorkflowEngineImpl( 3460): 		ActionHistory [id=WorkflowActionId [value=awaitInstallWorkflow], result=ExecutionResult [code=Pause, reason=ExecutionResultReason [name=awaitingWorkflow, details=null]]], 
D/AmazonAppstore.WorkflowEngineImpl( 3460): 		ActionHistory [id=WorkflowActionId [value=awaitInstallWorkflow], result=ExecutionResult [code=Pause, reason=ExecutionResultReason [name=awaitingWorkflow, details=null]]], 
D/AmazonAppstore.WorkflowEngineImpl( 3460): 		ActionHistory [id=WorkflowActionId [value=awaitInstallWorkflow], result=ExecutionResult [code=Pause, reason=ExecutionResultReason [name=awaitingWorkflow, details=null]]], 
D/AmazonAppstore.WorkflowEngineImpl( 3460): 		ActionHistory [id=WorkflowActionId [value=awaitInstallWorkflow], result=ExecutionResult [code=Pause, reason=ExecutionResultReason [name=awaitingWorkflow, details=null]]], 
D/AmazonAppstore.WorkflowEngineImpl( 3460): 		ActionHistory [id=WorkflowActionId [value=awaitInstallWorkflow], result=ExecutionResult [code=Pause, reason=ExecutionResultReason [name=awaitingWorkflow, details=null]]], 
D/AmazonAppstore.WorkflowEngineImpl( 3460): 		ActionHistory [id=WorkflowActionId [value=awaitInstallWorkflow], result=ExecutionResult [code=Pause, reason=ExecutionResultReason [name=awaitingWorkflow, details=null]]], 
D/AmazonAppstore.WorkflowEngineImpl( 3460): 		ActionHistory [id=WorkflowActionId [value=awaitInstallWorkflow], result=ExecutionRes
D/dalvikvm( 3460): GC_FOR_MALLOC freed 1047K, 44% free 4696K/8327K, external 0K/0K, paused 24ms
D/AmazonAppstore.WorkflowImpl( 3460): Action: WorkflowAction [id=WorkflowActionId [value=awaitInstallWorkflow]] finished with result: ExecutionResult [code=Pause, reason=ExecutionResultReason [name=awaitingWorkflow, details=null]]
I/ActivityThread( 3904): Pub com.google.android.apps.docs.doclist.search_suggest: com.google.android.apps.docs.doclist.DocListGlobalSearchSuggestionProvider
D/dalvikvm( 3460): GC_CONCURRENT freed 559K, 44% free 4739K/8327K, external 0K/0K, paused 2ms+2ms
D/dalvikvm( 3460): GC_FOR_MALLOC freed 603K, 43% free 4753K/8327K, external 0K/0K, paused 28ms
V//ContextScope.java:112( 3904): 16:10:25.689 main Contexts in the main scope map after inserting com.google.android.apps.docs.editors.EditorsApplication@4054fd90: com.google.android.apps.docs.editors.EditorsApplication@4054fd90
D/dalvikvm( 3302): GC_CONCURRENT freed 434K, 44% free 3525K/6215K, external 0K/0K, paused 2ms+11ms
D/dalvikvm( 3904): GC_CONCURRENT freed 234K, 44% free 3177K/5639K, external 0K/0K, paused 1ms+1ms
I/GTalkService( 2884): [GTalkConnection.30] setInternalNetworkState: type=0, state=CONNECTED
E/AlarmManagerService( 2691): android_server_AlarmManagerService_set to type=2, 73.978000000
I/GTalkService( 2884): [GTalkConnection.28] (WORKER THREAD) update account status
D/MediaScanner( 2838): Start Nazca(Internal) /mnt/sdcard/
D/MediaScanner( 2838): Use QFS
D/MediaScanner( 2838): Android SD Device open OK
D/MediaScanner( 2838): Nazca Scan :  