D/MediaPlayerService( 2585): getPlayerType. Ln=842
D/MediaPlayerService( 2585): createPlayer. type=1
D/MediaPlayerService( 2585):  create PVPlayer
V/PlayerDriver( 2585): PVSuspensionState struct constructor
V/PVPlayer( 2585): PVPlayer constructor
V/PVPlayer( 2585): construct PlayerDriver
V/PlayerDriver( 2585): constructor
V/PlayerDriver( 2585): OpenCore hardware module not found
V/PlayerDriver( 2585): start player thread
V/PlayerDriver( 2585): startPlayerThread
V/PlayerDriver( 2585): InitializeForThread
V/PlayerDriver( 2585): OMX_MasterInit
V/PlayerDriver( 2585): OsclScheduler::Init
V/PlayerDriver( 2585): CreatePlayer
I/ActivityThread( 3684): Pub ApNews: com.sec.android.widgetapp.apnews.engine.APNewsProvider
D/        ( 2585): SISO TEST registering PVMFRecognizerPluginFactory
D/        ( 2585): SISO TEST registering PVMFRecognizerPluginFactory success
V/PlayerDriver( 2585): AddToScheduler
V/PlayerDriver( 2585): PendForExec
V/PlayerDriver( 2585): OsclActiveScheduler::Current
V/PlayerDriver( 2585): StartScheduler
V/PVPlayer( 2585): send PLAYER_SETUP
V/PlayerDriver( 2585): Send player code: 2
V/PlayerDriver( 2585): CommandCompleted
V/PlayerDriver( 2585): Completed command PLAYER_SETUP status=PVMFSuccess
V/PVPlayer( 2585): setDataSource(41, 2878356, 6268)
V/PVPlayer( 2585): prepareAsync
V/PlayerDriver( 2585): Send player code: 3
V/PlayerDriver( 2585): handleSetDataSource
V/PlayerDriver( 2585): handleSetDataSource- scanning for extension
D/        ( 2585): PVFile::GetFileName
V/PlayerDriver( 2585): CommandCompleted
V/PlayerDriver( 2585): Completed command PLAYER_SET_DATA_SOURCE status=PVMFSuccess
V/PVPlayer( 2585): run_init s=0, cancelled=0
V/PlayerDriver( 2585): Send player code: 6
V/PlayerDriver( 2585): release string is 2.3.6 len 5
V/PlayerDriver( 2585): CommandCompleted
E/PlayerDriver( 2585): Player Driver command complete Response Data for status =1 [X-MP3-FF]
V/PlayerDriver( 2585): Completed command PLAYER_INIT status=PVMFSuccess
V/PlayerDriver( 2585): dongju PlayerCommand::PLAYER_INIT enter
V/PlayerDriver( 2585): File EXT is : 6268
E/PlayerDriver( 2585): PlayerDriver::it is a not Protected file
V/PlayerDriver( 2585): PlayerCommand::PLAYER_INIT exit
V/PVPlayer( 2585): run_set_video_surface s=0, cancelled=0
V/PVPlayer( 2585): run_set_audio_output s=0, cancelled=0
V/PlayerDriver( 2585): Send player code: 5
V/PlayerDriver( 2585): Create stream output
V/PlayerDriver( 2585): CommandCompleted
V/PlayerDriver( 2585): Completed command PLAYER_SET_AUDIO_SINK status=PVMFSuccess
V/PVPlayer( 2585): run_prepare s=0, cancelled=0
V/PlayerDriver( 2585): Send player code: 7
V/PlayerDriver( 2585): disable natpkt - 0
V/PlayerDriver( 2585): HandleInformationalEvent: PVMFInfoDurationAvailable
V/PlayerDriver( 2585): .... with duration = 365 ms
V/PlayerDriver( 2585): HandleInformationalEvent: UNKNOWN PVMFStatus
V/PlayerDriver( 2585): HandleInformationalEvent: type=44 UNHANDLED
V/PlayerDriver( 2585): CommandCompleted
V/PlayerDriver( 2585): Completed command PLAYER_PREPARE status=PVMFSuccess
V/PlayerDriver( 2585): PLAYER_PREPARE complete mDownloadContextData=0x0, mDataReadyReceived=0
V/PVPlayer( 2585): start
V/PVPlayer( 2585): check_for_live_streaming s=0, cancelled=0
V/PlayerDriver( 2585): Send player code: 8
V/PlayerDriver( 2585): dongju handleStart
E/PlayerDriver( 2585): PlayerDriver::handleTvOut state=[1]
E/PlayerDriver( 2585): PlayerDriver::it is not a DRM file.So don't suspend TVOUT
V/PlayerDriver( 2585): CommandCompleted
V/PlayerDriver( 2585): Completed command PLAYER_START status=PVMFSuccess
I/ActivityManager( 2691): Start proc com.cooliris.media for broadcast com.cooliris.media/.PhotoAppWidgetProvider: pid=3695 uid=10079 gids={1015, 3003, 1001}
I/ActivityManager( 2691): No longer want com.android.mms (pid 3239): hidden #26
V/PlayerDriver( 2585): HandleInformationalEvent: PVMFInfoPositionStatus
V/PlayerDriver( 2585): HandleInformationalEvent: PVMFInfoEndOfData
V/PVPlayer( 2585): reset
V/PlayerDriver( 2585): Send player code: 18
V/PlayerDriver( 2585): handleCancelAllCommands
V/PlayerDriver( 2585): CommandCompleted
V/PlayerDriver( 2585): Completed command PLAYER_CANCEL_ALL_COMMANDS status=PVMFSuccess
V/PlayerDriver( 2585): Send player code: 11
V/PlayerDriver( 2585): handleReset
E/PlayerDriver( 2585): PlayerDriver::handleTvOut state=[4]
V/PlayerDriver( 2585): PlayerDriver::it is not a DRM file.So don't resume TVOUT
V/PlayerDriver( 2585): CommandCompleted
V/PlayerDriver( 2585): Completed command PLAYER_RESET status=PVMFSuccess
V/PlayerDriver( 2585): Send player code: 17
V/PlayerDriver( 2585): handleRemoveDataSource
V/PlayerDriver( 2585): CommandCompleted
V/PlayerDriver( 2585): Completed command PLAYER_REMOVE_DATA_SOURCE status=PVMFSuccess
V/PVPlayer( 2585): unmap file
V/PVPlayer( 2585): PVPlayer destructor
V/PlayerDriver( 2585): Send player code: 1
V/PlayerDriver( 2585): DeletePlayer
V/PlayerDriver( 2585): PVSuspensionState struct destructor
V/PlayerDriver( 2585): destructor
V/PlayerDriver( 2585): OsclScheduler::Cleanup
D/MediaPlayerService( 2585): getPlayerType. Ln=842
D/MediaPlayerService( 2585): createPlayer. type=1
D/MediaPlayerService( 2585):  create PVPlayer
V/PlayerDriver( 2585): PVSuspensionState struct constructor
V/PVPlayer( 2585): PVPlayer constructor
V/PVPlayer( 2585): construct PlayerDriver
V/PlayerDriver( 2585): constructor
V/PlayerDriver( 2585): OpenCore hardware module not found
V/PlayerDriver( 2585): start player thread
V/PlayerDriver( 2585): startPlayerThread
V/PlayerDriver( 2585): InitializeForThread
V/PlayerDriver( 2585): OMX_MasterInit
V/PlayerDriver( 2585): OsclScheduler::Init
V/PlayerDriver( 2585): CreatePlayer
V/TtsService( 3679): TtsService.onCreate()
D/        ( 2585): SISO TEST registering PVMFRecognizerPluginFactory
D/        ( 2585): SISO TEST registering PVMFRecognizerPluginFactory success
V/PlayerDriver( 2585): AddToScheduler
V/PlayerDriver( 2585): PendForExec
V/PlayerDriver( 2585): OsclActiveScheduler::Current
V/PlayerDriver( 2585): StartScheduler
V/PVPlayer( 2585): send PLAYER_SETUP
V/PlayerDriver( 2585): Send player code: 2
V/PlayerDriver( 2585): CommandCompleted
V/PlayerDriver( 2585): Completed command PLAYER_SETUP status=PVMFSuccess
V/PVPlayer( 2585): setDataSource(41, 5003884, 5352)
V/PVPlayer( 2585): prepareAsync
V/PlayerDriver( 2585): Send player code: 3
V/PlayerDriver( 2585): handleSetDataSource
V/PlayerDriver( 2585): handleSetDataSource- scanning for extension
D/        ( 2585): PVFile::GetFileName
I/ActivityManager( 2691): Start proc com.svox.pico for content provider com.svox.pico/.providers.SettingsProvider: pid=3703 uid=10052 gids={}
V/PlayerDriver( 2585): CommandCompleted
V/PlayerDriver( 2585): Completed command PLAYER_SET_DATA_SOURCE status=PVMFSuccess
V/PVPlayer( 2585): run_init s=0, cancelled=0
V/PlayerDriver( 2585): Send player code: 6
V/PlayerDriver( 2585): release string is 2.3.6 len 5
V/PlayerDriver( 2585): CommandCompleted
E/PlayerDriver( 2585): Player Driver command complete Response Data for status =1 [X-MP3-FF]
V/PlayerDriver( 2585): Completed command PLAYER_INIT status=PVMFSuccess
V/PlayerDriver( 2585): dongju PlayerCommand::PLAYER_INIT enter
V/PlayerDriver( 2585): File EXT is : 5352
E/PlayerDriver( 2585): PlayerDriver::it is a not Protected file
V/PlayerDriver( 2585): PlayerCommand::PLAYER_INIT exit
V/PVPlayer( 2585): run_set_video_surface s=0, cancelled=0
V/PVPlayer( 2585): run_set_audio_output s=0, cancelled=0
V/PlayerDriver( 2585): Send player code: 5
V/PlayerDriver( 2585): Create stream output
V/PlayerDriver( 2585): CommandCompleted
V/PlayerDriver( 2585): Completed command PLAYER_SET_AUDIO_SINK status=PVMFSuccess
V/PVPlayer( 2585): run_prepare s=0, cancelled=0
V/PlayerDriver( 2585): Send player code: 7
V/PlayerDriver( 2585): disable natpkt - 0
I/ActivityThread( 3695): Pub com.cooliris.picasa.contentprovider: com.cooliris.picasa.PicasaContentProvider
V/PlayerDriver( 2585): HandleInformationalEvent: UNKNOWN PVMFStatus
V/PlayerDriver( 2585): HandleInformationalEvent: type=44 UNHANDLED
V/PlayerDriver( 2585): CommandCompleted
V/PlayerDriver( 2585): Completed command PLAYER_PREPARE status=PVMFSuccess
V/PlayerDriver( 2585): PLAYER_PREPARE complete mDownloadContextData=0x0, mDataReadyReceived=0
V/PVPlayer( 2585): check_for_live_streaming s=0, cancelled=0
V/PVPlayer( 2585): start
V/PlayerDriver( 2585): Send player code: 8
V/PlayerDriver( 2585): dongju handleStart
E/PlayerDriver( 2585): PlayerDriver::handleTvOut state=[1]
E/PlayerDriver( 2585): PlayerDriver::it is not a DRM file.So don't suspend TVOUT
V/PlayerDriver( 2585): CommandCompleted
V/PlayerDriver( 2585): Completed command PLAYER_START status=PVMFSuccess
V/PlayerDriver( 2585): HandleInformationalEvent: PVMFInfoDurationAvailable
V/PlayerDriver( 2585): .... with duration = 653 ms
V/PlayerDriver( 2585): HandleInformationalEvent: PVMFInfoPositionStatus
V/PlayerDriver( 2585): HandleInformationalEvent: PVMFInfoEndOfData
V/PVPlayer( 2585): reset
V/PlayerDriver( 2585): Send player code: 18
V/PlayerDriver( 2585): handleCancelAllCommands
V/PlayerDriver( 2585): CommandCompleted
V/PlayerDriver( 2585): Completed command PLAYER_CANCEL_ALL_COMMANDS status=PVMFSuccess
V/PlayerDriver( 2585): Send player code: 11
V/PlayerDriver( 2585): handleReset
E/PlayerDriver( 2585): PlayerDriver::handleTvOut state=[4]
V/PlayerDriver( 2585): PlayerDriver::it is not a DRM file.So don't resume TVOUT
V/PlayerDriver( 2585): CommandCompleted
V/PlayerDriver( 2585): Completed command PLAYER_RESET status=PVMFSuccess
V/PlayerDriver( 2585): Send player code: 17
V/PlayerDriver( 2585): handleRemoveDataSource
V/PlayerDriver( 2585): CommandCompleted
V/PlayerDriver( 2585): Completed command PLAYER_REMOVE_DATA_SOURCE status=PVMFSuccess
V/PVPlayer( 2585): unmap file
V/PVPlayer( 2585): PVPlayer destructor
V/PlayerDriver( 2585): Send player code: 1
V/PlayerDriver( 2585): DeletePlayer
V/PlayerDriver( 2585): destructor
V/PlayerDriver( 2585): PVSuspensionState struct destructor
V/PlayerDriver( 2585): OsclScheduler::Cleanup
I/Database( 3695): sqlite returned: error code = 0, msg = Recovered 430 frames from WAL file /data/data/com.cooliris.media/databases/picasa.db-wal
D/MediaPlayerService( 2585): getPlayerType. Ln=842
D/MediaPlayerService( 2585): createPlayer. type=1
D/MediaPlayerService( 2585):  create PVPlayer
V/PlayerDriver( 2585): PVSuspensionState struct constructor
V/PVPlayer( 2585): PVPlayer constructor
V/PVPlayer( 2585): construct PlayerDriver
V/PlayerDriver( 2585): constructor
V/PlayerDriver( 2585): OpenCore hardware module not found
V/PlayerDriver( 2585): start player thread
V/PlayerDriver( 2585): startPlayerThread
V/PlayerDriver( 2585): InitializeForThread
V/PlayerDriver( 2585): OMX_MasterInit
V/PlayerDriver( 2585): OsclScheduler::Init
V/PlayerDriver( 2585): CreatePlayer
D/        ( 2585): SISO TEST registering PVMFRecognizerPluginFactory
D/        ( 2585): SISO TEST registering PVMFRecognizerPluginFactory success
V/PlayerDriver( 2585): AddToScheduler
V/PlayerDriver( 2585): PendForExec
V/PlayerDriver( 2585): OsclActiveScheduler::Current
V/PlayerDriver( 2585): StartScheduler
V/PVPlayer( 2585): send PLAYER_SETUP
V/PlayerDriver( 2585): Send player code: 2
V/PlayerDriver( 2585): CommandCompleted
V/PlayerDriver( 2585): Completed command PLAYER_SETUP status=PVMFSuccess
V/PVPlayer( 2585): setDataSource(41, 5064852, 4596)
V/PVPlayer( 2585): prepareAsync
V/PlayerDriver( 2585): Send player code: 3
V/PlayerDriver( 2585): handleSetDataSource
V/PlayerDriver( 2585): handleSetDataSource- scanning for extension
D/        ( 2585): PVFile::GetFileName
V/PlayerDriver( 2585): CommandCompleted
V/PlayerDriver( 2585): Completed command PLAYER_SET_DATA_SOURCE status=PVMFSuccess
V/PVPlayer( 2585): run_init s=0, cancelled=0
V/PlayerDriver( 2585): Send player code: 6
V/PlayerDriver( 2585): release string is 2.3.6 len 5
V/PlayerDriver( 2585): CommandCompleted
E/PlayerDriver( 2585): Player Driver command complete Response Data for status =1 [X-MP3-FF]
V/PlayerDriver( 2585): Completed command PLAYER_INIT status=PVMFSuccess
V/PlayerDriver( 2585): dongju PlayerCommand::PLAYER_INIT enter
V/PlayerDriver( 2585): File EXT is : 4596
E/PlayerDriver( 2585): PlayerDriver::it is a not Protected file
V/PlayerDriver( 2585): PlayerCommand::PLAYER_INIT exit
V/PVPlayer( 2585): run_set_video_surface s=0, cancelled=0
V/PVPlayer( 2585): run_set_audio_output s=0, cancelled=0
V/PlayerDriver( 2585): Send player code: 5
V/PlayerDriver( 2585): Create stream output
V/PlayerDriver( 2585): CommandCompleted
V/PlayerDriver( 2585): Completed command PLAYER_SET_AUDIO_SINK status=PVMFSuccess
V/PVPlayer( 2585): run_prepare s=0, cancelled=0
V/PlayerDriver( 2585): Send player code: 7
V/PlayerDriver( 2585): disable natpkt - 0
I/PhotoAppWidgetProvider( 3695): onReceive
I/PhotoAppWidgetProvider( 3695): PauseSlideShow
D/PhotoAppWidgetProvider( 3695): onReceive End
D/CalendarAppWidgetProviderAgenda( 3052): ACTION_HOME_PAUSE: false
I/ActivityThread( 3703): Pub com.svox.pico.providers.SettingsProvider: com.svox.pico.providers.SettingsProvider
V/PlayerDriver( 2585): HandleInformationalEvent: UNKNOWN PVMFStatus
V/PlayerDriver( 2585): HandleInformationalEvent: type=44 UNHANDLED
V/PlayerDriver( 2585): CommandCompleted
V/PlayerDriver( 2585): Completed command PLAYER_PREPARE status=PVMFSuccess
V/PlayerDriver( 2585): PLAYER_PREPARE complete mDownloadContextData=0x0, mDataReadyReceived=0
V/PVPlayer( 2585): check_for_live_streaming s=0, cancelled=0
V/PVPlayer( 2585): start
V/PlayerDriver( 2585): Send player code: 8
V/PlayerDriver( 2585): dongju handleStart
E/PlayerDriver( 2585): PlayerDriver::handleTvOut state=[1]
E/PlayerDriver( 2585): PlayerDriver::it is not a DRM file.So don't suspend TVOUT
V/PlayerDriver( 2585): CommandCompleted
V/PlayerDriver( 2585): Completed command PLAYER_START status=PVMFSuccess
V/PlayerDriver( 2585): HandleInformationalEvent: PVMFInfoDurationAvailable
V/PlayerDriver( 2585): .... with duration = 261 ms
V/PlayerDriver( 2585): HandleInformationalEvent: PVMFInfoPositionStatus
V/PlayerDriver( 2585): HandleInformationalEvent: PVMFInfoEndOfData
V/PVPlayer( 2585): reset
V/PlayerDriver( 2585): Send player code: 18
V/PlayerDriver( 2585): handleCancelAllCommands
I/TextToSpeech.java( 3639): initTts() successfully bound to service
V/PlayerDriver( 2585): CommandCompleted
V/PlayerDriver( 2585): Completed command PLAYER_CANCEL_ALL_COMMANDS status=PVMFSuccess
V/PlayerDriver( 2585): Send player code: 11
V/PlayerDriver( 2585): handleReset
E/PlayerDriver( 2585): PlayerDriver::handleTvOut state=[4]
V/PlayerDriver( 2585): PlayerDriver::it is not a DRM file.So don't resume TVOUT
V/PlayerDriver( 2585): CommandCompleted
V/PlayerDriver( 2585): Completed command PLAYER_RESET status=PVMFSuccess
V/PlayerDriver( 2585): Send player code: 17
V/PlayerDriver( 2585): handleRemoveDataSource
V/PlayerDriver( 2585): CommandCompleted
V/PlayerDriver( 2585): Completed command PLAYER_REMOVE_DATA_SOURCE status=PVMFSuccess
V/PVPlayer( 2585): unmap file
V/PVPlayer( 2585): PVPlayer destructor
V/PlayerDriver( 2585): Send player code: 1
V/PlayerDriver( 2585): DeletePlayer
V/PlayerDriver( 2585): destructor
V/PlayerDriver( 2585): OsclScheduler::Cleanup
V/PlayerDriver( 2585): PVSuspensionState struct destructor
D/MediaPlayerService( 2585): getPlayerType. Ln=842
D/MediaPlayerService( 2585): createPlayer. type=1
D/MediaPlayerService( 2585):  create PVPlayer
V/PlayerDriver( 2585): PVSuspensionState struct constructor
V/PVPlayer( 2585): PVPlayer constructor
V/PVPlayer( 2585): construct PlayerDriver
V/PlayerDriver( 2585): constructor
V/PlayerDriver( 2585): OpenCore hardware module not found
V/PlayerDriver( 2585): start player thread
V/PlayerDriver( 2585): startPlayerThread
V/PlayerDriver( 2585): InitializeForThread
V/PlayerDriver( 2585): OMX_MasterInit
V/PlayerDriver( 2585): OsclScheduler::Init
V/PlayerDriver( 2585): CreatePlayer
I/ActivityManager( 2691): No longer want com.google.android.partnersetup (pid 3270): hidden #26
D/        ( 2585): SISO TEST registering PVMFRecognizerPluginFactory
D/        ( 2585): SISO TEST registering PVMFRecognizerPluginFactory success
V/PlayerDriver( 2585): AddToScheduler
V/PlayerDriver( 2585): PendForExec
V/PlayerDriver( 2585): OsclActiveScheduler::Current
V/PlayerDriver( 2585): StartScheduler
V/PVPlayer( 2585): send PLAYER_SETUP
V/PlayerDriver( 2585): Send player code: 2
V/PlayerDriver( 2585): CommandCompleted
V/PlayerDriver( 2585): Completed command PLAYER_SETUP status=PVMFSuccess
V/PVPlayer( 2585): setDataSource(41, 5032188, 26748)
V/PVPlayer( 2585): prepareAsync
V/PlayerDriver( 2585): Send player code: 3
V/PlayerDriver( 2585): handleSetDataSource
V/PlayerDriver( 2585): handleSetDataSource- scanning for extension
D/        ( 2585): PVFile::GetFileName
V/PlayerDriver( 2585): CommandCompleted
V/PlayerDriver( 2585): Completed command PLAYER_SET_DATA_SOURCE status=PVMFSuccess
V/PVPlayer( 2585): run_init s=0, cancelled=0
V/PlayerDriver( 2585): Send player code: 6
V/PlayerDriver( 2585): release string is 2.3.6 len 5
V/TtsService( 3679): About to load /system/lib/libttspico.so, applyFilter=true
V/PlayerDriver( 2585): CommandCompleted
E/PlayerDriver( 2585): Player Driver command complete Response Data for status =1 [X-MP3-FF]
V/PlayerDriver( 2585): Completed command PLAYER_INIT status=PVMFSuccess
V/PlayerDriver( 2585): dongju PlayerCommand::PLAYER_INIT enter
V/PlayerDriver( 2585): File EXT is : 6748
E/PlayerDriver( 2585): PlayerDriver::it is a not Protected file
V/PlayerDriver( 2585): PlayerCommand::PLAYER_INIT exit
V/PVPlayer( 2585): run_set_video_surface s=0, cancelled=0
V/PVPlayer( 2585): run_set_audio_output s=0, cancelled=0
V/AudioPolicyManager( 2585): getDeviceForStrategy() from cache strategy 0, device 2
V/AudioPolicyManager( 2585): getOutput() stream 3, samplingRate 0, format 0, channels c, flags 0
V/PlayerDriver( 2585): Send player code: 5
V/PlayerDriver( 2585): Create stream output
V/PlayerDriver( 2585): CommandCompleted
V/PlayerDriver( 2585): Completed command PLAYER_SET_AUDIO_SINK status=PVMFSuccess
V/PVPlayer( 2585): run_prepare s=0, cancelled=0
V/PlayerDriver( 2585): Send player code: 7
V/PlayerDriver( 2585): disable natpkt - 0
D/ConnectivityService( 2691): getMobileDataEnabled returning true
V/PlayerDriver( 2585): HandleInformationalEvent: PVMFInfoDurationAvailable
V/PlayerDriver( 2585): .... with duration = 1619 ms
V/PlayerDriver( 2585): HandleInformationalEvent: UNKNOWN PVMFStatus
V/PlayerDriver( 2585): HandleInformationalEvent: type=44 UNHANDLED
V/PlayerDriver( 2585): CommandCompleted
V/PlayerDriver( 2585): Completed command PLAYER_PREPARE status=PVMFSuccess
V/PlayerDriver( 2585): PLAYER_PREPARE complete mDownloadContextData=0x0, mDataReadyReceived=0
V/PVPlayer( 2585): check_for_live_streaming s=0, cancelled=0
V/PVPlayer( 2585): start
V/PlayerDriver( 2585): Send player code: 8
V/PlayerDriver( 2585): dongju handleStart
E/PlayerDriver( 2585): PlayerDriver::handleTvOut state=[1]
E/PlayerDriver( 2585): PlayerDriver::it is not a DRM file.So don't suspend TVOUT
V/PlayerDriver( 2585): CommandCompleted
V/PlayerDriver( 2585): Completed command PLAYER_START status=PVMFSuccess
V/TtsService( 3679): TtsService.setLanguage(eng, USA, )
V/PlayerDriver( 2585): HandleInformationalEvent: PVMFInfoPositionStatus
V/PlayerDriver( 2585): HandleInformationalEvent: PVMFInfoEndOfData
V/PVPlayer( 2585): reset
V/PlayerDriver( 2585): Send player code: 18
V/PlayerDriver( 2585): handleCancelAllCommands
V/PlayerDriver( 2585): CommandCompleted
V/PlayerDriver( 2585): Completed command PLAYER_CANCEL_ALL_COMMANDS status=PVMFSuccess
V/PlayerDriver( 2585): Send player code: 11
V/PlayerDriver( 2585): handleReset
E/PlayerDriver( 2585): PlayerDriver::handleTvOut state=[4]
V/PlayerDriver( 2585): PlayerDriver::it is not a DRM file.So don't resume TVOUT
V/PlayerDriver( 2585): CommandCompleted
V/PlayerDriver( 2585): Completed command PLAYER_RESET status=PVMFSuccess
V/PlayerDriver( 2585): Send player code: 17
V/PlayerDriver( 2585): handleRemoveDataSource
V/PlayerDriver( 2585): CommandCompleted
V/PlayerDriver( 2585): Completed command PLAYER_REMOVE_DATA_SOURCE status=PVMFSuccess
V/PVPlayer( 2585): unmap file
V/PVPlayer( 2585): PVPlayer destructor
V/PlayerDriver( 2585): Send player code: 1
V/PlayerDriver( 2585): DeletePlayer
V/PlayerDriver( 2585): destructor
V/PlayerDriver( 2585): OsclScheduler::Cleanup
V/PlayerDriver( 2585): PVSuspensionState struct destructor
E/JavaBinder( 2691): !!! FAILED BINDER TRANSACTION !!!
I/ActivityManager( 2691): Start proc com.android.mms for broadcast com.android.mms/.transaction.SmsReceiver: pid=3717 uid=10063 gids={3003, 1001, 1015}
I/SVOX Pico Engine( 3679): loaded en-US successfully
I/Zygote  ( 3717): Zygote: pid 3717 has CALL PRIVILEGED permission, then set capability for CAP_SYS_ADMIN (21)
I/SynthProxy( 3679): setting speech rate to 100
I/ActivityManager( 2691): No longer want com.android.samsungtest.FactoryTest (pid 3284): hidden #26
I/System.out( 3639): manufacturer: samsung
E/AudioTrack( 3679): stop 0x1181b0
E/AudioTrack( 3679): Stop complete
E/AudioTrack( 3679): stop 0x1181b0
E/AudioTrack( 3679): Stop complete
E/AudioTrack( 3679): Audio track delete
E/AudioTrack( 3679): stop 0x1181b0
E/AudioTrack( 3679): Stop complete
V/AudioPolicyManager( 2585): releaseOutput() 1
I/ActivityManager( 2691): Start proc com.samsung.SMT for content provider com.samsung.SMT/.providers.SettingsProvider: pid=3724 uid=10046 gids={}
I/Gmail   ( 3564): calculateUnknownSyncRationalesAndPurgeInBackground: queueing
I/ActivityThread( 3717): Pub com.android.mms.SuggestionsProvider: com.android.mms.SuggestionsProvider
D/Mms/MmsApp( 3717): [main][start]    onCreate() ------ 
E/BatteryService( 2691): TMU status = 0
D/BatteryService( 2691): update start
D/BatteryService( 2691): updateBattery level:65 scale:100 status:3 health:2 present:true voltage: 3733 temperature: 370 technology: Li-ion AC powered:false USB powered:false icon:17302213
I/NotificationService( 2691): New BatteryHealth : 2Old BatteryHealth : 2
I/StatusBarPolicy( 2799): BAT. S:3 H:2
D/dalvikvm( 3717): GC_EXTERNAL_ALLOC freed 107K, 45% free 3048K/5447K, external 0K/0K, paused 22ms
I/ActivityThread( 3724): Pub com.samsung.SMT.providers.SettingsProvider: com.samsung.SMT.providers.SettingsProvider
V/TtsService( 3679): About to load /system/lib/libttssmt.so, applyFilter=false
D/dalvikvm( 2691): GC_CONCURRENT freed 1848K, 42% free 9156K/15751K, external 899K/1386K, paused 2ms+6ms
E/SMT Engine( 3679): SMT : init(), engineConfig - /mnt/sdcard/SMT/
E/SMT Engine( 3679): ro.product.brand : samsung
E/SMT Engine( 3679): ro.product.manufacturer : samsung
E/SMT Engine( 3679): ro.product.model : SPH-D710
I/ActivityManager( 2691): No longer want com.sec.android.app.encrypt (pid 3293): hidden #26
D/dalvikvm( 3460): GC_FOR_MALLOC freed 224K, 39% free 4723K/7623K, external 0K/0K, paused 732ms
I/dalvikvm-heap( 3460): Grow heap (frag case) to 6.889MB for 96320-byte allocation
D/dalvikvm( 3547): GC_CONCURRENT freed 176K, 35% free 4680K/7111K, external 0K/0K, paused 3ms+3ms
I/Gmail   ( 3564): calculateUnknownSyncRationalesAndPurgeInBackground: running
D/dalvikvm( 3717): GC_EXTERNAL_ALLOC freed 130K, 44% free 3122K/5511K, external 305K/521K, paused 19ms
D/dalvikvm( 3460): GC_FOR_MALLOC freed 0K, 38% free 4817K/7751K, external 0K/0K, paused 55ms
V/Mms/MmsConfig( 3717): [main]MmsConfig.init()
D/Mms/MmsConfig( 3717): [main][loadMmsSettings] 
V/Mms/MmsConfig( 3717): [main]tag: bool value: enabledMMS
V/Mms/MmsConfig( 3717): [main]tag: int value: maxMessageSize
V/Mms/MmsConfig( 3717): [main]tag: int value: ATTmaxMessageSize
V/Mms/MmsConfig( 3717): [main]tag: int value: TMOmaxMessageSize
V/Mms/MmsConfig( 3717): [main]tag: int value: mmsHeaderSize
V/Mms/MmsConfig( 3717): [main]tag: int value: maxImageHeight
V/Mms/MmsConfig( 3717): [main]tag: int value: maxImageWidth
V/Mms/MmsConfig( 3717): [main]tag: int value: defaultSMSMessagesPerThread
V/Mms/MmsConfig( 3717): [main]tag: int value: defaultMMSMessagesPerThread
V/Mms/MmsConfig( 3717): [main]tag: int value: minMessageCountPerThread
V/Mms/MmsConfig( 3717): [main]tag: int value: maxMessageCountPerThread
V/Mms/MmsConfig( 3717): [main]tag: string value: uaProfUrl
V/Mms/MmsConfig( 3717): [main]tag: int value: recipientLimit
I/Gmail   ( 3564): Sending notification intent: Intent { act=android.intent.action.PROVIDER_CHANGED dat=content://gmail-ls/unread/^t (has extras) }
D/Mms/MmsConfig( 3717): [main][loadMmsSettings] mRecipientLimit= 10
V/Mms/MmsConfig( 3717): [main]tag: int value: smsToMmsTextThreshold
D/Mms/MmsConfig( 3717): [main][loadMmsSettings] mSmsToMmsTextThreshold= 7
V/Mms/MmsConfig( 3717): [main]tag: string value: emailGatewayNumber
V/Mms/MmsConfig( 3717): [main]tag: string value: USAATTUserAgent
V/Mms/MmsConfig( 3717): [main]tag: string value: USATMOUserAgent
V/Mms/MmsConfig( 3717): [main]tag: string value: USAATTuaProfUrl
V/Mms/MmsConfig( 3717): [main]tag: string value: USATMOuaProfUrl
V/Mms/MmsConfig( 3717): [main]tag: bool value: disableEndterKey
V/Mms/MmsConfig( 3717): [main]tag: bool value: composeMaxLengthLimit
V/Mms/MmsConfig( 3717): [main]tag: bool value: inputModeAuto
V/Mms/MmsConfig( 3717): [main]tag: bool value: smsExpiryDate
V/Mms/MmsConfig( 3717): [main]tag: bool value: sendAnimationJpn
V/Mms/MmsConfig( 3717): [main]tag: bool value: wapPush
V/Mms/MmsConfig( 3717): [main]tag: bool value: disable_sms_setting_networklock
V/Mms/MmsConfig( 3717): [main]tag: bool value: supportEmoji
V/Mms/Contact( 3717): [main]init()
E/SMT Engine( 3679): SMT : isLanguageAvailable() - lang : eng, country : , variant : 
V/Mms/DraftCache( 3717): [main]init()
V/Mms/DraftCache( 3717): [main]1:DraftCache()
V/Mms/DraftCache( 3717): [main]refresh()
D/Mms/Conversation( 3717): [main]init()
V/MmsSmsProvider( 2837): deleteConversation threadId: 9223372036854775807
D/MmsSmsProvider( 2837): delete URI_CONVERSATIONS_MESSAGES affectedRows=0
V/Mms/DraftCache( 3717): [Thread-12]12:rebuildCache: add tid=1
D/MmsSmsProvider( 2837): need read changed broadcast:false
E/AudioTrack( 3679): stop 0x11d600
E/AudioTrack( 3679): Stop complete
E/SMT Engine( 3679): SMT : stop()
E/AudioTrack( 3679): stop 0x11d600
E/AudioTrack( 3679): Stop complete
E/AudioTrack( 3679): Audio track delete
E/AudioTrack( 3679): stop 0x11d600
E/AudioTrack( 3679): Stop complete
E/SMT Engine( 3679): SMT : shutdown()
D/Mms/Conversation( 3717): [main]updateDeletable(),threadId=-1
V/AudioPolicyManager( 2585): releaseOutput() 1
V/SmsProvider( 2837): Update uri=content://sms, match=0
D/MmsSmsProvider( 2837): need read changed broadcast:false
V/Mms/Conversation( 3717): [Thread-13]done query updateDeletable(SMS),updated rows:0
V/TtsService( 3679): About to load /system/lib/libttspico.so, applyFilter=true
V/MmsProvider( 2837): Update uri=content://mms, match=0
V/MmsSmsProvider( 2837): update uri: content://mms-sms/wap-push-messages
D/MmsSmsProvider( 2837): need read changed broadcast:false
I/Gmail   ( 3564): Sending notification intent: Intent { act=android.intent.action.PROVIDER_CHANGED dat=content://gmail-ls/unread/^iim (has extras) }
I/Gmail   ( 3564): Sending notification intent: Intent { act=android.intent.action.PROVIDER_CHANGED dat=content://gmail-ls/unread/^i (has extras) }
I/System.out( 3639): manufacturer: samsung
E/AudioTrack( 3679): stop 0x11df38
E/AudioTrack( 3679): Stop complete
E/AudioTrack( 3679): stop 0x11df38
E/AudioTrack( 3679): Stop complete
E/AudioTrack( 3679): Audio track delete
E/AudioTrack( 3679): stop 0x11df38
E/AudioTrack( 3679): Stop complete
V/AudioPolicyManager( 2585): releaseOutput() 1
V/Mms/Conversation( 3717): [Thread-14]done query updateDeletable(MMS),updated rows:0
V/Mms/Conversation( 3717): [Thread-15]done query updateDeletable(WPM),updated rows:0
V/TtsService( 3679): About to load /system/lib/libttssmt.so, applyFilter=false
V/Mms/ConversationList( 3717): [main]init()
V/Mms/DownloadManager( 3717): [main]DownloadManager.init()
V/Mms/DownloadManager( 3717): [main]roaming ------> false
V/Mms/DownloadManager( 3717): [main]auto download without roaming -> true
V/Mms/DownloadManager( 3717): [main]auto download during roaming -> false
V/Mms/DownloadManager( 3717): [main]mAutoDownload ------> true
V/Mms/RateController( 3717): [main]init()
V/Mms/DrmUtils( 3717): [main]cleanupStorage()
V/MmsProvider( 2837): Delete uri=content://mms/drm, match=17
D/MmsProvider( 2837): delete table=drm, deletedRows=0
E/SMT Engine( 3679): SMT : init(), engineConfig - /mnt/sdcard/SMT/
E/SMT Engine( 3679): ro.product.brand : samsung
E/SMT Engine( 3679): ro.product.manufacturer : samsung
E/SMT Engine( 3679): ro.product.model : SPH-D710
V/Mms/LayoutManager( 3717): [main]init()
V/Mms/HVGALayoutParameters( 3717): [main]HVGALayoutParameters.<init>(11).
V/Mms/LayoutManager( 3717): [main]LayoutParameters: HVGA-P: 320x480
V/Mms/SmileyParser( 3717): [main]init()
E/SMT Engine( 3679): SMT : isLanguageAvailable() - lang : eng, country : , variant : 
I/Gmail   ( 3564): Sending notification intent: Intent { act=android.intent.action.PROVIDER_CHANGED dat=content://gmail-ls/unread/^io_im (has extras) }
V/Mms/MessagingNotification( 3717): [main]init()
D/Mms/MmsApp( 3717): [main][end]    onCreate() ------ 
D/Mms/Synchronizer( 3717): [SyncThread][start]    dbSync() ------ 
V/MmsSmsProvider( 2837): update uri: content://mms-sms/db_synchronization
D/Mms/Synchronizer( 3717): [SyncThread][end]    dbSync() ------ 
D/dalvikvm( 3717): GC_CONCURRENT freed 128K, 43% free 3255K/5639K, external 889K/1118K, paused 1ms+2ms
I/ActivityManager( 2691): Start proc com.google.android.partnersetup for broadcast com.google.android.partnersetup/.PhoneStateReceiver: pid=3742 uid=10076 gids={3003}
V/Mms/DownloadManager( 3717): [main]Service state changed: Bundle[mParcelledData.dataSize=644]
V/Mms/DownloadManager( 3717): [main]roaming ------> false
V/Mms/DownloadManager( 3717): [main]auto download without roaming -> true
V/Mms/DownloadManager( 3717): [main]auto download during roaming -> false
V/Mms/DownloadManager( 3717): [main]mAutoDownload ------> true
D/Mms/SmsReceiverService( 3717): [Mms/SmsReceiverService][SMS]Receiver handleMessage : Action =android.intent.action.SIM_STATE_CHANGED
D/Mms/SmsReceiverService( 3717): [Mms/SmsReceiverService]handleSIMStatus()
D/dalvikvm( 3460): GC_FOR_MALLOC freed 492K, 39% free 4755K/7751K, external 0K/0K, paused 154ms
I/dalvikvm-heap( 3460): Grow heap (frag case) to 6.965MB for 144476-byte allocation
I/ActivityThread( 3742): Pub com.google.android.partnersetup.rlzprovider: com.google.android.partnersetup.RlzProvider
I/ActivityThread( 3742): Pub com.google.android.partnersetup.rlzappprovider: com.google.android.partnersetup.RlzAppProvider
I/ActivityManager( 2691): No longer want com.sec.android.app.clockpackage (pid 3341): hidden #26
D/dalvikvm( 3460): GC_FOR_MALLOC freed <1K, 39% free 4895K/7943K, external 0K/0K, paused 101ms
D/dalvikvm( 3460): GC_CONCURRENT freed 725K, 40% free 4839K/7943K, external 0K/0K, paused 3ms+3ms
D/androidNlpServiceThread( 2884): updateState: shouldBeEnabled true shouldBeRunning true
D/dalvikvm( 3547): GC_CONCURRENT freed 183K, 33% free 5058K/7495K, external 0K/0K, paused 2ms+1ms
D/dalvikvm( 3460): GC_FOR_MALLOC freed 229K, 38% free 4929K/7943K, external 0K/0K, paused 55ms
I/dalvikvm-heap( 3460): Grow heap (frag case) to 7.132MB for 140380-byte allocation
D/androidNlpServiceThread( 2884): updateState: shouldBeEnabled true shouldBeRunning true
D/dalvikvm( 3460): GC_FOR_MALLOC freed 91K, 39% free 4975K/8135K, external 0K/0K, paused 40ms
D/dalvikvm( 3460): GC_FOR_MALLOC freed 301K, 41% free 4837K/8135K, external 0K/0K, paused 26ms
D/dalvikvm( 3631): GC_CONCURRENT freed 205K, 43% free 3454K/5959K, external 0K/0K, paused 7ms+2ms
D/androidNlpServiceThread( 2884): updateState: shouldBeEnabled true shouldBeRunning true
D/dalvikvm( 3460): GC_FOR_MALLOC freed 142K, 38% free 5059K/8135K, external 0K/0K, paused 40ms
I/dalvikvm-heap( 3460): Grow heap (frag case) to 7.252MB for 133908-byte allocation
I/com.evernote.j( 3547): From file referralCode=android
D/CrashManager( 3547): Current handler class = com.evernote.c
D/com.evernote.Evernote( 3547): registered crash manager
I/com.evernote.Evernote( 3547): +++++++++openOrCreateDatabase()::start/mnt/sdcard/Evernote/.external-1335891442273-Evernote.db
I/com.evernote.Evernote( 3547): ::evernoteSDcardPath=/mnt/sdcard/Evernote
E/com.evernote.Evernote( 3547): ::stack trace=
E/com.evernote.Evernote( 3547): 
E/com.evernote.Evernote( 3547): java.io.IOException
E/com.evernote.Evernote( 3547): 	at com.evernote.Evernote.openOrCreateDatabase(Evernote.java:283)
E/com.evernote.Evernote( 3547): 	at android.database.sqlite.SQLiteOpenHelper.getWritableDatabase(SQLiteOpenHelper.java:118)
E/com.evernote.Evernote( 3547): 	at com.evernote.provider.b.getWritableDatabase(EvernoteDatabaseHelper.java:597)
E/com.evernote.Evernote( 3547): 	at com.evernote.provider.EvernoteProvider.query(EvernoteProvider.java:1158)
E/com.evernote.Evernote( 3547): 	at android.content.ContentProvider$Transport.query(ContentProvider.java:187)
E/com.evernote.Evernote( 3547): 	at android.content.ContentResolver.query(ContentResolver.java:262)
E/com.evernote.Evernote( 3547): 	at com.evernote.ui.helper.bg.m(NotesHelper.java:1797)
E/com.evernote.Evernote( 3547): 	at com.evernote.Evernote.a(Evernote.java:530)
E/com.evernote.Evernote( 3547): 	at com.evernote.Evernote.a(Evernote.java:506)
E/com.evernote.Evernote( 3547): 	at com.evernote.Evernote.j(Evernote.java:196)
E/com.evernote.Evernote( 3547): 	at com.evernote.Evernote.a(Evernote.java:58)
E/com.evernote.Evernote( 3547): 	at com.evernote.b.run(Evernote.java:112)
E/com.evernote.Evernote( 3547): 	at java.lang.Thread.run(Thread.java:1019)
D/dalvikvm( 3460): GC_FOR_MALLOC freed 234K, 41% free 4955K/8327K, external 0K/0K, paused 176ms
D/AmazonAppstore.WorkflowEngineImpl( 3460): Starting workflow: WorkflowImpl [info=WorkflowInfoImpl [id=WorkflowIdImpl [value=131], type=WorkflowType [name=pdi]], 
D/AmazonAppstore.WorkflowEngineImpl( 3460): 	history=WorkflowHistory [actions=[
D/AmazonAppstore.WorkflowEngineImpl( 3460): 		ActionHistory [id=WorkflowActionId [value=beginPurchaseWorkflow], result=ExecutionResult [code=Success, reason=ExecutionResultReason [name=None, details=null]]], 
D/AmazonAppstore.WorkflowEngineImpl( 3460): 		ActionHistory [id=WorkflowActionId [value=awaitPurchaseWorkflow], result=ExecutionResult [code=Pause, reason=ExecutionResultReason [name=awaitingWorkflow, details=null]]], 
D/AmazonAppstore.WorkflowEngineImpl( 3460): 		ActionHistory [id=WorkflowActionId [value=awaitPurchaseWorkflow], result=ExecutionResult [code=Success, reason=ExecutionResultReason [name=None, details=null]]], 
D/AmazonAppstore.WorkflowEngineImpl( 3460): 		ActionHistory [id=WorkflowActionId [value=beginDownloadWorkflow], result=ExecutionResult [code=Success, reason=ExecutionResultReason [name=None, details=null]]], 
D/AmazonAppstore.WorkflowEngineImpl( 3460): 		ActionHistory [id=WorkflowActionId [value=awaitDownloadWorkflow], result=ExecutionResult [code=Pause, reason=ExecutionResultReason [name=awaitingWorkflow, details=null]]], 
D/AmazonAppstore.WorkflowEngineImpl( 3460): 		ActionHistory [id=WorkflowActionId [value=awaitDownloadWorkflow], result=ExecutionResult [code=Success, reason=ExecutionResultReason [name=None, details=null]]], 
D/AmazonAppstore.WorkflowEngineImpl( 3460): 		ActionHistory [id=WorkflowActionId [value=beginInstallWorkflow], result=ExecutionResult [code=Success, reason=ExecutionResultReason [name=None, details=null]]], 
D/AmazonAppstore.WorkflowEngineImpl( 3460): 		ActionHistory [id=WorkflowActionId [value=awaitInstallWorkflow], result=ExecutionResult [code=Pause, reason=ExecutionResultReason [name=awaitingWorkflow, details=null]]], 
D/AmazonAppstore.WorkflowEngineImpl( 3460): 		ActionHistory [id=WorkflowActionId [value=awaitInstallWorkflow], result=ExecutionResult [code=Pause, reason=ExecutionResultReason [name=awaitingWorkflow, details=null]]], 
D/AmazonAppstore.WorkflowEngineImpl( 3460): 		ActionHistory [id=WorkflowActionId [value=awaitInstallWorkflow], result=ExecutionResult [code=Pause, reason=ExecutionResultReason [name=awaitingWorkflow, details=null]]], 
D/AmazonAppstore.WorkflowEngineImpl( 3460): 		ActionHistory [id=WorkflowActionId [value=awaitInstallWorkflow], result=ExecutionResult [code=Pause, reason=ExecutionResultReason [name=awaitingWorkflow, details=null]]], 
D/AmazonAppstore.WorkflowEngineImpl( 3460): 		ActionHistory [id=WorkflowActionId [value=awaitInstallWorkflow], result=ExecutionResult [code=Pause, reason=ExecutionResultReason [name=awaitingWorkflow, details=null]]], 
D/AmazonAppstore.WorkflowEngineImpl( 3460): 		ActionHistory [id=WorkflowActionId [value=awaitInstallWorkflow], result=ExecutionResult [code=Pause, reason=ExecutionResultReason [name=awaitingWorkflow, details=null]]], 
D/AmazonAppstore.WorkflowEngineImpl( 3460): 		ActionHistory [id=WorkflowActionId [value=awaitInstallWorkflow], result=ExecutionResult [code=Pause, reason=ExecutionResultReason [name=awaitingWorkflow, details=null]]], 
D/AmazonAppstore.WorkflowEngineImpl( 3460): 		ActionHistory [id=WorkflowActionId [value=awaitInstallWorkflow], result=ExecutionResult [code=Pause, reason=ExecutionResultReason [name=awaitingWorkflow, details=null]]], 
D/AmazonAppstore.WorkflowEngineImpl( 3460): 		ActionHistory [id=WorkflowActionId [value=awaitInstallWorkflow], result=ExecutionResult [code=Pause, reason=ExecutionResultReason [name=awaitingWorkflow, details=null]]], 
D/AmazonAppstore.WorkflowEngineImpl( 3460): 		ActionHistory [id=WorkflowActionId [value=awaitInstallWorkflow], result=ExecutionResult [code=Pause, reason=ExecutionResultReason [name=awaitingWorkflow, details=null]]], 
D/AmazonAppstore.WorkflowEngineImpl( 3460): 		ActionHistory [id=WorkflowActionId [value=awaitInstallWorkflow], result=ExecutionResult [code=Pause, reason=ExecutionResultReason [name=awaitingWorkflow, details=null]]], 
D/AmazonAppstore.WorkflowEngineImpl( 3460): 		ActionHistory [id=WorkflowActionId [value=awaitInstallWorkflow], result=ExecutionResult [code=Pause, reason=ExecutionResultReason [name=awaitingWorkflow, details=null]]], 
D/AmazonAppstore.WorkflowEngineImpl( 3460): 		ActionHistory [id=WorkflowActionId [value=awaitInstallWorkflow], result=ExecutionResult [code=Pause, reason=ExecutionResultReason [name=awaitingWorkflow, details=null]]], 
D/AmazonAppstore.WorkflowEngineImpl( 3460): 		ActionHistory [id=WorkflowActionId [value=awaitInstallWorkflow], result=ExecutionResult [code=Pause, reason=ExecutionResultReason [name=awaitingWorkflow, details=null]]], 
D/AmazonAppstore.WorkflowEngineImpl( 3460): 		ActionHistory [id=WorkflowActionId [value=awaitInstallWorkflow], result=ExecutionResult [code=Pause, reason=ExecutionResultReason [name=awaitingWorkflow, details=null]]], 
D/AmazonAppstore.WorkflowEngineImpl( 3460): 		ActionHistory [id=WorkflowActionId [value=awaitInstallWorkflow], result=ExecutionResult [code=Pause
D/androidNlpServiceThread( 2884): updateState: shouldBeEnabled true shouldBeRunning true
D/com.evernote.Evernote( 3547): Synchronous=1+++++++++++++++
D/com.evernote.Evernote( 3547): Journal=delete+++++++++++++++
D/com.evernote.provider.b( 3547): onOpen()+++++++++
D/dalvikvm( 3460): GC_FOR_MALLOC freed 425K, 42% free 4868K/8327K, external 0K/0K, paused 45ms
D/com.evernote.Evernote( 3547): setSyncAlarm
E/AlarmManagerService( 2691): android_server_AlarmManagerService_set to type=1, 1338844221.610000000
E/AlarmManagerService( 2691): android_server_AlarmManagerService_set to type=1, 1338844221.727000000
D/com.evernote.Evernote( 3547): Init sync alarm: 3600000ms
D/com.evernote.client.SyncService( 3547): SyncService::onCreate()
D/com.evernote.client.SyncService( 3547): checkAutoUpdate()::no auto update
I/com.evernote.provider.y( 3547): getSDCardStatus()::mounted::noStorageText=null
D/com.evernote.Evernote( 3547): hasSyncAlarmExpired()::now=1338844221617::USN changed time: 1338838713821, Last launch time: 1338842282427
D/com.evernote.Evernote( 3547): hasSyncAlarmExpired()::false
I/com.evernote.util.ao( 3547): checkApplicablePromos()::Enter
D/com.evernote.util.ao( 3547): checkApplicablePromos()::currentTime=1338844221618::lastTriedTime=1338768404841::isNetworkUnreachable=true
I/com.evernote.util.ao( 3547): Promo()::Not enough time passed since last check
D/com.evernote.util.v( 3547): cleanupLogs()
D/com.evernote.provider.r( 3547): cleanupShareDirectory
D/com.evernote.client.g( 3547): updateBootstrapInfoForAccount()
I/com.evernote.client.EvernoteService( 3547): EvernoteSession()::Creating new sesssion
D/com.evernote.client.c( 3547): Version: 1.21 next check in:-22314070 minutes.
I/com.evernote.b.a.e( 3547): Requesting:https://www.evernote.com/edam/user++++++++++++++++++++++++++
D/androidNlpServiceThread( 2884): updateState: shouldBeEnabled true shouldBeRunning true
D/androidNlpServiceThread( 2884): updateState: shouldBeEnabled true shouldBeRunning true
I/ActivityManager( 2691): Start proc com.sprint.dsa for broadcast com.sprint.dsa/.BootCompleteReceiver: pid=3756 uid=10026 gids={4003, 3003, 3002, 3001}
D/com.evernote.util.r( 3547): Deleting /mnt/sdcard/Evernote/.logs : true
E/AlarmManagerService( 2691): android_server_AlarmManagerService_set to type=1, 1338844260.000000000
D/dalvikvm( 3460): GC_CONCURRENT freed 619K, 42% free 4909K/8327K, external 0K/0K, paused 2ms+3ms
I/SprintUpdater( 3108): Rescheduling to run in 16322 min
I/ActivityThread( 3756): Pub com.sprint.dsa.data.reportcontentprovider: com.sprint.dsa.data.ReportContentProvider
I/ActivityManager( 2691): No longer want com.sprint.ce.updater (pid 3108): hidden #26
I/ActivityManager( 2691): Start proc com.samsung for broadcast com.samsung/.client.SyncmlBootReceiver: pid=3763 uid=1000 gids={3003, 1015, 3002, 3001, 1001, 1006, 2001}
I/ActivityManager( 2691): No longer want com.sec.android.app.camera (pid 3356): hidden #26
I/Zygote  ( 3763): Zygote: pid 3763 has CALL PRIVILEGED permission, then set capability for CAP_SYS_ADMIN (21)
D/AmazonAppstore.WorkflowEngineImpl( 3460): Starting workflow: WorkflowImpl [info=WorkflowInfoImpl [id=WorkflowIdImpl [value=135], type=WorkflowType [name=install]], 
D/AmazonAppstore.WorkflowEngineImpl( 3460): 	history=WorkflowHistory [actions=[
D/AmazonAppstore.WorkflowEngineImpl( 3460): 		ActionHistory [id=WorkflowActionId [value=discernCurrentInstalledStatus], result=ExecutionResult [code=Success, reason=ExecutionResultReason [name=None, details=null]]], 
D/AmazonAppstore.WorkflowEngineImpl( 3460): 		ActionHistory [id=WorkflowActionId [value=emptyInstallApplication], result=ExecutionResult [code=Success, reason=ExecutionResultReason [name=None, details=null]]], 
D/AmazonAppstore.WorkflowEngineImpl( 3460): 		ActionHistory [id=WorkflowActionId [value=foregroundInstallApplication], result=ExecutionResult [code=Pause, reason=ExecutionResultReason [name=awaitingActivity, details=null]]], 
D/AmazonAppstore.WorkflowEngineImpl( 3460): 		ActionHistory [id=WorkflowActionId [value=foregroundInstallApplication], result=ExecutionResult [code=Pause, reason=ExecutionResultReason [name=awaitingActivity, details=null]]], 
D/AmazonAppstore.WorkflowEngineImpl( 3460): 		ActionHistory [id=WorkflowActionId [value=foregroundInstallApplication], result=ExecutionResult [code=Success, reason=ExecutionResultReason [name=None, details=null]]], 
D/AmazonAppstore.WorkflowEngineImpl( 3460): 		ActionHistory [id=WorkflowActionId [value=awaitInstallApplication], result=ExecutionResult [code=Pause, reason=ExecutionResultReason [name=packageInstalled, details=ExecutionResultDetails [asIndexableString()=com.webprancer.amazon.garfieldDefense]]]], 
D/AmazonAppstore.WorkflowEngineImpl( 3460): 		ActionHistory [id=WorkflowActionId [value=awaitInstallApplication], result=ExecutionResult [code=Pause, reason=ExecutionResultReason [name=packageInstalled, details=ExecutionResultDetails [asIndexableString()=com.webprancer.amazon.garfieldDefense]]]], 
D/AmazonAppstore.WorkflowEngineImpl( 3460): 		ActionHistory [id=WorkflowActionId [value=awaitInstallApplication], result=ExecutionResult [code=Pause, reason=ExecutionResultReason [name=packageInstalled, details=ExecutionResultDetails [asIndexableString()=com.webprancer.amazon.garfieldDefense]]]], 
D/AmazonAppstore.WorkflowEngineImpl( 3460): 		ActionHistory [id=WorkflowActionId [value=awaitInstallApplication], result=ExecutionResult [code=Pause, reason=ExecutionResultReason [name=packageInstalled, details=ExecutionResultDetails [asIndexableString()=com.webprancer.amazon.garfieldDefense]]]], 
D/AmazonAppstore.WorkflowEngineImpl( 3460): 		ActionHistory [id=WorkflowActionId [value=awaitInstallApplication], result=ExecutionResult [code=Pause, reason=ExecutionResultReason [name=packageInstalled, details=ExecutionResultDetails [asIndexableString()=com.webprancer.amazon.garfieldDefense]]]], 
D/AmazonAppstore.WorkflowEngineImpl( 3460): 		ActionHistory [id=WorkflowActionId [value=awaitInstallApplication], result=ExecutionResult [code=Pause, reason=ExecutionResultReason [name=packageInstalled, details=ExecutionResultDetails [asIndexableString()=com.webprancer.amazon.garfieldDefense]]]], 
D/AmazonAppstore.WorkflowEngineImpl( 3460): 		ActionHistory [id=WorkflowActionId [value=awaitInstallApplication], result=ExecutionResult [code=Pause, reason=ExecutionResultReason [name=packageInstalled, details=ExecutionResultDetails [asIndexableString()=com.webprancer.amazon.garfieldDefense]]]], 
D/AmazonAppstore.WorkflowEngineImpl( 3460): 		ActionHistory [id=WorkflowActionId [value=awaitInstallApplication], result=ExecutionResult [code=Pause, reason=ExecutionResultReason [name=packageInstalled, details=ExecutionResultDetails [asIndexableString()=com.webprancer.amazon.garfieldDefense]]]], 
D/AmazonAppstore.WorkflowEngineImpl( 3460): 		ActionHistory [id=WorkflowActionId [value=awaitInstallApplication], result=ExecutionResult [code=Pause, reason=ExecutionResultReason [name=packageInstalled, details=ExecutionResultDetails [asIndexableString()=com.webprancer.amazon.garfieldDefense]]]], 
D/AmazonAppstore.WorkflowEngineImpl( 3460): 		ActionHistory [id=WorkflowActionId [value=awaitInstallApplication], result=ExecutionResult [code=Pause, reason=ExecutionResultReason [name=packageInstalled, details=ExecutionResultDetails [asIndexableString()=com.webprancer.amazon.garfieldDefense]]]], 
D/AmazonAppstore.WorkflowEngineImpl( 3460): 		ActionHistory [id=WorkflowActionId [value=awaitInstallApplication], result=ExecutionResult [code=Pause, reason=ExecutionResultReason [name=packageInstalled, details=ExecutionResultDetails [asIndexableString()=com.webprancer.amazon.garfieldDefense]]]], 
D/AmazonAppstore.WorkflowEngineImpl( 3460): 		ActionHistory [id=WorkflowActionId [value=awaitInstallApplication], result=ExecutionResult [code=Pause, reason=ExecutionResultReason [name=packageInstalled, details=ExecutionResultDetails [asIndexab
D/dalvikvm( 2884): GC_EXPLICIT freed 140K, 46% free 3559K/6535K, external 69K/521K, paused 26ms
I/com.evernote.b.a.e( 3547): 12: Response received in: 148ms
E/com.evernote.client.SyncService( 3547): Sync failed
E/com.evernote.client.SyncService( 3547): c.a.a.c.b: java.net.UnknownHostException: www.evernote.com
E/com.evernote.client.SyncService( 3547): 	at com.evernote.b.a.e.b(TAndroidHttpClient.java:187)
E/com.evernote.client.SyncService( 3547): 	at com.evernote.e.d.o.a(UserStore.java:80)
E/com.evernote.client.SyncService( 3547): 	at com.evernote.e.d.o.a(UserStore.java:67)
E/com.evernote.client.SyncService( 3547): 	at com.evernote.client.c.<init>(BaseSession.java:110)
E/com.evernote.client.SyncService( 3547): 	at com.evernote.client.q.<init>(EvernoteSession.java:70)
E/com.evernote.client.SyncService( 3547): 	at com.evernote.client.EvernoteService.a(EvernoteService.java:265)
E/com.evernote.client.SyncService( 3547): 	at com.evernote.client.SyncService.onHandleIntent(SyncService.java:5978)
E/com.evernote.client.SyncService( 3547): 	at android.app.IntentService$ServiceHandler.handleMessage(IntentService.java:59)
E/com.evernote.client.SyncService( 3547): 	at android.os.Handler.dispatchMessage(Handler.java:99)
E/com.evernote.client.SyncService( 3547): 	at android.os.Looper.loop(Looper.java:130)
E/com.evernote.client.SyncService( 3547): 	at android.os.HandlerThread.run(HandlerThread.java:60)
E/com.evernote.client.SyncService( 3547): Caused by: java.net.UnknownHostException: www.evernote.com
E/com.evernote.client.SyncService( 3547): 	at java.net.InetAddress.lookupHostByName(InetAddress.java:506)
E/com.evernote.client.SyncService( 3547): 	at java.net.InetAddress.getAllByNameImpl(InetAddress.java:294)
E/com.evernote.client.SyncService( 3547): 	at java.net.InetAddress.getAllByName(InetAddress.java:256)
E/com.evernote.client.SyncService( 3547): 	at org.apache.http.impl.conn.DefaultClientConnectionOperator.openConnection(DefaultClientConnectionOperator.java:136)
E/com.evernote.client.SyncService( 3547): 	at org.apache.http.impl.conn.AbstractPoolEntry.open(AbstractPoolEntry.java:164)
E/com.evernote.client.SyncService( 3547): 	at org.apache.http.impl.conn.AbstractPooledConnAdapter.open(AbstractPooledConnAdapter.java:119)
E/com.evernote.client.SyncService( 3547): 	at org.apache.http.impl.client.DefaultRequestDirector.execute(DefaultRequestDirector.java:360)
E/com.evernote.client.SyncService( 3547): 	at org.apache.http.impl.client.AbstractHttpClient.execute(AbstractHttpClient.java:555)
E/com.evernote.client.SyncService( 3547): 	at org.apache.http.impl.client.AbstractHttpClient.execute(AbstractHttpClient.java:487)
