I/logwrapper( 2576): /system/bin/fsck_msdos : 	file system string id:........FAT32   { 0x41 0x54 0x33 0x32 0x20 0x20 0x20 0xfa}
I/logwrapper( 2576): /system/bin/fsck_msdos : ** Phase 1 - Read and Compare FATs
I/logwrapper( 2576): /system/bin/fsck_msdos : Attempting to allocate 1473 KB for FAT
I/Database( 2837): sqlite returned: error code = 0, msg = Recovered 35 frames from WAL file /data/data/com.android.providers.telephony/databases/telephony.db-wal
I/ActivityThread( 2969): Pub com.sec.android.widgetapp.stockclock: com.sec.android.widgetapp.stockclock.db.PublicContentProvider
E/AudioPolicyManager( 2585): getParamFromPolicy
D/AudioPolicyManager( 2585): mCurDevice is 0
V/AudioPolicyManager( 2585): getNewDevice() selected device 0
D/AudioPolicyManager( 2585): Now, There is no sound! so we check mAvailableOutputDevices variable
D/MotionRecognitionService( 2691):   mReceiver.onReceive : ACTION_BOOT_COMPLETED
D/dalvikvm( 2799): GC_EXTERNAL_ALLOC freed 26K, 43% free 3175K/5511K, external 2230K/2406K, paused 184ms
I/ActivityManager( 2691): Start proc com.sec.android.widgetapp.apnews for broadcast com.sec.android.widgetapp.apnews/.widget.APNewsWidgetNews: pid=2988 uid=10043 gids={3003, 1015}
D/TelephonyProvider( 2837): Setting numeric '310120' to be the current operator
D/MccTable( 2837): updateMccMncConfiguration: mcc=310, mnc=120
D/MccTable( 2837): locale set to en_us
D/MccTable( 2837): WIFI_NUM_ALLOWED_CHANNELS set to 11
V/WifiProgressStore( 2837): WifiProgressStore Created
I/WifiService( 2691): WifiService trying to setNumAllowed to 11 with persist set to true
D/PowerManagerService( 2691): setScreenOffTimeouts mKeylightDelay=6000 mDimDelay=287000 mScreenOffDelay=7000 mDimScreen=true
I/ActivityManager( 2691): Config changed: { scale=1.0 imsi=310/120 loc=en_US touch=3 keys=1/1/2 nav=1/1 orien=1 layout=34 uiMode=17 seq=3 FlipFont=0}
D/GlassLockScreenMissedEventWidget( 2691): received MISSED_EVENT intent !! 
I/TelephonyRegistry( 2691): notifyMessageWaitingChanged: false
I/FMRadioService( 2691): *** mReceiver: VOLUME_CHANGED_ACTION
I/FMRadioService( 2691):    stream: 3
I/FMRadioService( 2691):    volume: 12
I/FMRadioService( 2691): *** mReceiver: VOLUME_CHANGED_ACTION
I/FMRadioService( 2691):    stream: 9
I/FMRadioService( 2691):    volume: 12
I/FMRadioService( 2691): *** mReceiver: VOLUME_CHANGED_ACTION
I/FMRadioService( 2691):    stream: 10
I/FMRadioService( 2691):    volume: 10
I/FmRadioController( 2691): Jni player_SetVolume :10 
I/FmRadioController( 2691): ---Jni player_SetVolume---
D/CallManager( 2837): registerPhone(CDMA Handler{4052d8a0})
D/LockscreenWallpaperUpdater( 2691): set drawable
D/LockscreenWallpaperUpdater( 2691): wallpaper file not exist 
D/PhoneWindow( 2853): couldn't save which view has focus because the focused view com.sec.android.app.twlauncher.MenuItemView@40582d10 has no id.
D/dalvikvm( 2799): GC_CONCURRENT freed 41K, 42% free 3275K/5575K, external 2318K/2890K, paused 2ms+2ms
D/dalvikvm( 2691): GC_EXTERNAL_ALLOC freed 453K, 35% free 8535K/13063K, external 5196K/5545K, paused 111ms
I/logwrapper( 2576): /system/bin/fsck_msdos : Attempting to allocate 1473 KB for FAT
I/GLThread( 2853): onPause tid=10
I/Main thread( 2853): onPause waiting for mPaused.
I/GLThread( 2853): mPaused is now true tid=10
I/GLThread( 2853): releasing EGL surface because paused tid=10
W/EglHelper( 2853): destroySurface()  tid=10
I/ActivityManager( 2691): Start proc android.process.acore for content provider com.android.providers.contacts/.CallLogProvider: pid=2998 uid=10011 gids={3003, 1015, 3002}
W/EglHelper( 2853): finish() tid=10
I/GLThread( 2853): releasing EGL context because paused tid=10
I/Launcher( 2853): onDestroy() com.sec.android.app.twlauncher.Launcher@405406e8
I/Zygote  ( 2998): Zygote: pid 2998 has CALL PRIVILEGED permission, then set capability for CAP_SYS_ADMIN (21)
I/ActivityThread( 2988): Pub ApNews: com.sec.android.widgetapp.apnews.engine.APNewsProvider
D/BT HS/HF( 2837): updatePhoneState()
D/BT HS/HF( 2837): -------------------------------------------------------------------------------------------
D/BT HS/HF( 2837): handlePreciseCallStateChange(): mPhone=IDLE, mFCall=IDLE, mBCall=IDLE, mRCall=IDLE, mPhoneState=IDLE, 
D/BT HS/HF( 2837):  mCallsetup=0, callsetup=0, mCall=0, call=0, mCallheld=0, sendUpdate=false
D/BT HS/HF( 2837): -------------------------------------------------------------------------------------------
D/BT HS/HF( 2837): Foreground call state : IDLE
D/BT HS/HF( 2837): Ringing call state : IDLE
D/BT HS/HF( 2837): Background call state : IDLE
D/BT HS/HF( 2837): -------------------------------------------------------------------------------------------
D/BT HS/HF( 2837): supported 3way-call = 0
D/BT HS/HF( 2837): mCallsetup=0, callsetup=0, mCall=0, call=0, mCallheld=0, callheld=0, sendUpdate=false
D/BT HS/HF( 2837): -------------------------------------------------------------------------------------------
D/BT HS/HF( 2837): -------------------------------------------------------------------------------------------
D/BT HS/HF( 2837): 3 way call state - mCallheld: 0, callheld: 0, callsSwitched: false, mCall: 0, getCurrentCallState = IDLE, sendUpdate : false
D/BT HS/HF( 2837): -------------------------------------------------------------------------------------------
D/BT HS/HF( 2837): CallSetup: 0
D/BT HS/HF( 2837): Call: 0
D/BT HS/HF( 2837): CallHeld: 0
D/BT HS/HF( 2837): cdmaSetSecondCallState: Setting mCdmaIsSecondCallActive to false
I/ActivityThread( 2998): Pub call_log: com.android.providers.contacts.CallLogProvider
D/SensorManager( 2837): ====>>>>>Num Sensor: 1
D/SensorManager( 2837): ====>>>>>Num Sensor: 2
D/SensorManager( 2837): ====>>>>>Num Sensor: 3
D/SensorManager( 2837): ====>>>>>Num Sensor: 4
D/SensorManager( 2837): ====>>>>>Num Sensor: 5
D/SensorManager( 2837): ====>>>>>Num Sensor: 6
D/SensorManager( 2837): ====>>>>>Num Sensor: 7
D/SensorManager( 2837): ====>>>>>Num Sensor: 8
D/SensorManager( 2837): ====>>>>>Num Sensor: 0
I/ActivityManager( 2691): Start proc com.sec.android.provider.logsprovider for content provider com.sec.android.provider.logsprovider/.LogsProvider: pid=3008 uid=10011 gids={3003, 1015, 3002}
V/ToneGenerator( 2837): ToneGenerator constructor: streamType=0, volume=0.316228
V/AudioPolicyManager( 2585): getDeviceForStrategy() from cache strategy 1, device 1
V/AudioPolicyManager( 2585): getOutput() stream 0, samplingRate 0, format 0, channels c, flags 0
V/ToneGenerator( 2837): Create Track: 0x1a81c8
I/Zygote  ( 3008): Zygote: pid 3008 has CALL PRIVILEGED permission, then set capability for CAP_SYS_ADMIN (21)
V/ToneGenerator( 2837): ToneGenerator INIT OK, time: 24010
W/ActivityManager( 2691): Unable to start service Intent { act=com.android.ussd.IExtendedNetworkService }: not found
I/ActivityThread( 3008): Pub logs: com.sec.android.provider.logsprovider.LogsProvider
D/LockscreenWallpaperUpdater( 2691): set drawable
D/LockscreenWallpaperUpdater( 2691): wallpaper file not exist 
D/GlassLockScreenMissedEventWidget( 2691): updateMissedEvent(missed Call Count = 0, bUpdatedCallCount = false)
D/GlassLockScreenMissedEventWidget( 2691): updateMissedEvent(Unread Msg Count = 0, bUpdatedMsgCount = false)
I/AudioHardwareYamaha( 2585): AudioHardware::setParameters(keyValuePairs="realcall=off")
V/PhoneInfoService( 2837): onCreate
I/LogsProvider( 3008): onCreate()
V/PhoneInfoInterface( 2837): Success Create DB
I/LogsProvider( 3008): onAccountsUpdated: Delete SNS log : spType = 0
E/Database( 2837): Failure 19 (column FieldName is not unique) on 0x1b0620 when executing 'insert into t_systemproperty (FieldName, FieldValue) values ('MobileSyncEnabled', 'true')'
D/PhoneInfoInterface( 2837): SQLExceptionandroid.database.sqlite.SQLiteConstraintException: column FieldName is not unique: insert into t_systemproperty (FieldName, FieldValue) values ('MobileSyncEnabled', 'true')
I/LogsProvider( 3008): onAccountsUpdated: Delete SNS log : spType = 1
I/LogsProvider( 3008): onAccountsUpdated: Delete SNS log : spType = 2
I/LogsProvider( 3008): onAccountsUpdated: Delete SNS log : spType = 3
D/dalvikvm( 2837): GC_CONCURRENT freed 169K, 41% free 3547K/5959K, external 0K/0K, paused 2ms+15ms
V/PhoneInfoService( 2837): mPhoneInfo
V/PhoneInfoService( 2837): onStart
I/LogsProvider( 3008): onAccountsUpdated: Delete SNS log : spType = 4
I/LogsProvider( 3008): onAccountsUpdated: Delete SNS log : spType = 5
I/IconDebug( 2853): DesktopItemsLoader run mStopped=false mRunning=true
I/TelephonyRegistry( 2691): notifyServiceState: 3 home null null null  Unknown CSS not supported -1 -1RoamInd: -1DefRoamInd: -1EmergOnly: false
I/StatusBarPolicy( 2799): onServiceStateChanged-S:3 home null null null  Unknown CSS not supported -1 -1RoamInd: -1DefRoamInd: -1EmergOnly: false
D/StatusBarPolicy( 2799): updateSignalStrength: No SVC
I/ActivityThread( 2998): Pub user_dictionary: com.android.providers.userdictionary.UserDictionaryProvider
I/TelephonyRegistry( 2691): notifyDataConnection: state=0 isDataConnectivityPossible=false reason=radioTurnedOff interfaceName=null networkType=0
I/logwrapper( 2576): /system/bin/fsck_msdos : ** Phase 2 - Check Cluster Chains
D/NetworkLocator( 2884): null cell state delivered
E/AlarmManagerService( 2691): android_server_AlarmManagerService_set to type=2, 86422.961000000
I/StatusBarPolicy( 2799): onDataConnectionStateChanged-S:0 T:0
I/StatusBarPolicy( 2799): updateDataNetType-T:0
I/IccCard ( 2837): handleMessage: 3
I/ActivityThread( 2998): Pub com.android.social: com.android.providers.contacts.SocialProvider
I/ActivityThread( 2998): Pub applications: com.android.providers.applications.ApplicationsProvider
I/StatusBarPolicy( 2799): updateSimState-SUNKNOWN
V/WifiProgressStore( 2953): WifiProgressStore Created
I/logwrapper( 2576): /system/bin/fsck_msdos : ** Phase 3 - Checking Directories
D/dalvikvm( 2691): GC_CONCURRENT freed 236K, 29% free 9342K/13063K, external 6690K/8355K, paused 3ms+8ms
D/BT HSHFP( 2837): Starting BluetoothHeadsetService
I/ActivityThread( 2998): Pub contacts;com.android.contacts: com.android.providers.contacts.ContactsProvider2
D/GlassLockScreenMissedEventWidget( 2691): received MISSED_EVENT intent !! 
D/GlassLockScreenMissedEventWidget( 2691): updateMissedEvent(missed Call Count = 0, bUpdatedCallCount = false)
D/GlassLockScreenMissedEventWidget( 2691): updateMissedEvent(Unread Msg Count = 0, bUpdatedMsgCount = false)
D/Launcher.LauncherModel( 2853): unbind
D/Launcher.LauncherModel( 2853): Stopping Loaders
D/Launcher.LauncherModel( 2853):   --> stopping workspace loader
D/Launcher.LauncherModel( 2853): stopAndWaitForApplicationsLoader
D/Launcher.LauncherModel( 2853):   ----> worskpace loader was stopped
I/ActivityManager( 2691): Start proc com.cooliris.media for broadcast com.cooliris.media/.PhotoAppWidgetProvider: pid=3026 uid=10079 gids={1015, 3003, 1001}
D/BT HS/HF( 2837): BluetoothPhoneState : handleMessage : 1
E/action=%s( 2691): com.android.internal.telephony.cdma.intent.action.TTY_ENABLED_CHANGE
I/AudioHardwareYamaha( 2585): AudioHardware::setParameters(keyValuePairs="tty_mode=off")
I/GLThread( 2853): noticed surfaceView surface lost tid=10
W/WindowManager( 2691): Window Window{40b550d0 SurfaceView paused=false} destroyed surface Surface(name=SurfaceView, identity=-1, mNativeSurface=0), session Session{40baff60 uid 10011}
D/SensorManager( 2953): ====>>>>>Num Sensor: 1
D/SensorManager( 2953): ====>>>>>Num Sensor: 2
D/SensorManager( 2953): ====>>>>>Num Sensor: 3
D/SensorManager( 2953): ====>>>>>Num Sensor: 4
D/SensorManager( 2953): ====>>>>>Num Sensor: 5
I/GLThread( 2853): exiting tid=10
W/WindowManager( 2691): Window Window{40bb03c8 com.sec.android.app.twlauncher/com.sec.android.app.twlauncher.Launcher paused=false} destroyed surface Surface(name=com.sec.android.app.twlauncher/com.sec.android.app.twlauncher.Launcher, identity=-1, mNativeSurface=0), session Session{40baff60 uid 10011}
I/Launcher( 2853): Created Launcher = com.sec.android.app.twlauncher.Launcher@40601158, Destroyed flag = false
I/Launcher( 2853): onCreate():  product model family:U1 product model : GT-I9221
I/Database( 2998): sqlite returned: error code = 0, msg = Recovered 2581 frames from WAL file /data/data/com.android.providers.contacts/databases/contacts2.db-wal
D/Launcher( 2853): It's image wallpaper. suggestDesiredDimensions(-1,-1)
I/ActivityManager( 2691): Start proc com.samsung.internal for service com.samsung.internal/.AndroidSprintExtensionService: pid=3034 uid=4001 gids={}
E/AudioPolicyManager( 2585): getParamFromPolicy
D/AudioPolicyManager( 2585): mCurDevice is 0
V/AudioPolicyManager( 2585): getNewDevice() selected device 0
D/AudioPolicyManager( 2585): Now, There is no sound! so we check mAvailableOutputDevices variable
I/FMRadioService( 2691): *** mReceiver: VOLUME_CHANGED_ACTION
I/FMRadioService( 2691):    stream: 3
I/ActivityThread( 3026): Pub com.cooliris.picasa.contentprovider: com.cooliris.picasa.PicasaContentProvider
I/FMRadioService( 2691):    volume: 12
I/FMRadioService( 2691): *** mReceiver: VOLUME_CHANGED_ACTION
I/FMRadioService( 2691):    stream: 9
I/FMRadioService( 2691):    volume: 12
I/FMRadioService( 2691): *** mReceiver: VOLUME_CHANGED_ACTION
I/FMRadioService( 2691):    stream: 10
I/FMRadioService( 2691):    volume: 10
I/FmRadioController( 2691): Jni player_SetVolume :10 
I/FmRadioController( 2691): ---Jni player_SetVolume---
D/SensorManager( 2953): ====>>>>>Num Sensor: 6
D/SensorManager( 2953): ====>>>>>Num Sensor: 7
D/SensorManager( 2953): ====>>>>>Num Sensor: 8
D/SensorManager( 2953): ====>>>>>Num Sensor: 0
D/KeyguardViewMediator( 2691): doKeyguard : ESN isUnknown
I/StatusBarPolicy( 2799): updateSimState-SUNKNOWN
I/TelephonyRegistry( 2691): notifyServiceState: 1 home Searching for service...    Unknown CSS not supported 0 0RoamInd: -1DefRoamInd: -1EmergOnly: false
I/StatusBarPolicy( 2799): onServiceStateChanged-S:1 home Searching for service...    Unknown CSS not supported 0 0RoamInd: -1DefRoamInd: -1EmergOnly: false
D/StatusBarPolicy( 2799): updateSignalStrength: No SVC
D/dalvikvm( 2853): GC_EXTERNAL_ALLOC freed 508K, 45% free 3466K/6215K, external 6583K/6881K, paused 76ms
I/Database( 3026): sqlite returned: error code = 0, msg = Recovered 430 frames from WAL file /data/data/com.cooliris.media/databases/picasa.db-wal
I/AudioHardwareYamaha( 2585): AudioHardware::setParameters(keyValuePairs="tty_mode=tty_off")
D/BT HS/HF( 2837): BluetoothPhoneState : handleMessage : 1
E/action=%s( 2691): com.android.internal.telephony.cdma.intent.action.TTY_ENABLED_CHANGE
I/AudioHardwareYamaha( 2585): AudioHardware::setParameters(keyValuePairs="tty_mode=off")
I/TelephonyRegistry( 2691): notifyServiceState: 1 home Searching for service...    Unknown CSS not supported 0 0RoamInd: -1DefRoamInd: -1EmergOnly: false
D/BT HS/HF( 2837): BluetoothPhoneState : handleMessage : 1
D/WifiLocator( 2884): Too many no-location APs. Will not compute a location nor go to the server. hasLocation=0 noLocation=0 cacheMiss=0
D/CellLocator( 2884): Primary cell miss in cache. Need server request.
I/StatusBarPolicy( 2799): onServiceStateChanged-S:1 home Searching for service...    Unknown CSS not supported 0 0RoamInd: -1DefRoamInd: -1EmergOnly: false
D/StatusBarPolicy( 2799): updateSignalStrength: No SVC
I/PhotoAppWidgetProvider( 3026): onReceive
I/PhotoAppWidgetProvider( 3026): RestartSlideShow
E/AlarmManagerService( 2691): android_server_AlarmManagerService_set to type=2, 86422.961000000
D/PhotoDatabaseHelper( 3026): getWidgetIdList query count : 0
D/PhotoAppWidgetProvider( 3026): onReceive End
I/System.out( 2884): [INFO:3146]: LogSource: Running flush
I/ActivityManager( 2691): Start proc com.sec.android.widgetapp.digitalclock for broadcast com.sec.android.widgetapp.digitalclock/.DigitalClockWidgetProvider: pid=3045 uid=10011 gids={3003, 1015, 3002}
I/System.out( 2884): [INFO:3176]: LogSource: Sending payload [bytes=292]
I/System.out( 2884): [SEVERE:3189]: LogSource: AsyncHttpRequestImpl.run(): exception thrown : www.google.com: java.net.UnknownHostException
D/WifiLocator( 2884): Too many no-location APs. Will not compute a location nor go to the server. hasLocation=0 noLocation=0 cacheMiss=0
D/CellLocator( 2884): Primary cell miss in cache. Need server request.
E/GlsClient-query( 2884): requestFailed
E/GlsClient-query( 2884): java.net.UnknownHostException: www.google.com
E/GlsClient-query( 2884): 	at java.net.InetAddress.lookupHostByName(InetAddress.java:506)
E/GlsClient-query( 2884): 	at java.net.InetAddress.getAllByNameImpl(InetAddress.java:294)
E/GlsClient-query( 2884): 	at java.net.InetAddress.getAllByName(InetAddress.java:256)
E/GlsClient-query( 2884): 	at org.apache.http.impl.conn.DefaultClientConnectionOperator.openConnection(DefaultClientConnectionOperator.java:136)
E/GlsClient-query( 2884): 	at org.apache.http.impl.conn.AbstractPoolEntry.open(AbstractPoolEntry.java:164)
E/GlsClient-query( 2884): 	at org.apache.http.impl.conn.AbstractPooledConnAdapter.open(AbstractPooledConnAdapter.java:119)
E/GlsClient-query( 2884): 	at org.apache.http.impl.client.DefaultRequestDirector.execute(DefaultRequestDirector.java:360)
E/GlsClient-query( 2884): 	at org.apache.http.impl.client.AbstractHttpClient.execute(AbstractHttpClient.java:555)
E/GlsClient-query( 2884): 	at org.apache.http.impl.client.AbstractHttpClient.execute(AbstractHttpClient.java:487)
E/GlsClient-query( 2884): 	at com.google.common.io.android.AndroidHttpClient.execute(Unknown Source)
E/GlsClient-query( 2884): 	at com.google.common.io.android.GoogleHttpClient.executeWithoutRewriting(Unknown Source)
E/GlsClient-query( 2884): 	at com.google.common.io.android.GoogleHttpClient.execute(Unknown Source)
E/GlsClient-query( 2884): 	at com.google.common.io.android.GoogleHttpClient.execute(Unknown Source)
E/GlsClient-query( 2884): 	at com.google.common.io.android.AndroidHttpConnectionFactory$AndroidGoogleHttpConnection.getResponse(Unknown Source)
E/GlsClient-query( 2884): 	at com.google.common.io.android.AndroidHttpConnectionFactory$AndroidGoogleHttpConnection.getResponseCode(Unknown Source)
E/GlsClient-query( 2884): 	at com.google.common.async.AsyncHttpRequestFactory$AsyncHttpRequestImpl.run(Unknown Source)
E/GlsClient-query( 2884): 	at com.google.common.async.AsyncHttpRequestFactory.executeNextRequest(Unknown Source)
E/GlsClient-query( 2884): 	at com.google.common.async.AsyncHttpRequestFactory.run(Unknown Source)
E/GlsClient-query( 2884): 	at com.google.common.lang.BaseThreadFactory$ThreadImpl.run(Unknown Source)
E/AlarmManagerService( 2691): android_server_AlarmManagerService_set to type=2, 86422.961000000
E/AudioPolicyManager( 2585): getParamFromPolicy
D/AudioPolicyManager( 2585): mCurDevice is 0
V/AudioPolicyManager( 2585): getNewDevice() selected device 0
D/AudioPolicyManager( 2585): Now, There is no sound! so we check mAvailableOutputDevices variable
I/Zygote  ( 3045): Zygote: pid 3045 has CALL PRIVILEGED permission, then set capability for CAP_SYS_ADMIN (21)
E/AlarmManagerService( 2691): android_server_AlarmManagerService_set to type=1, 1338915600.000000000
D/dalvikvm( 2853): GC_EXTERNAL_ALLOC freed 93K, 45% free 3460K/6215K, external 7646K/8293K, paused 39ms
I/FMRadioService( 2691): *** mReceiver: VOLUME_CHANGED_ACTION
I/FMRadioService( 2691):    stream: 3
I/FMRadioService( 2691):    volume: 12
I/FMRadioService( 2691): *** mReceiver: VOLUME_CHANGED_ACTION
I/FMRadioService( 2691):    stream: 9
I/FMRadioService( 2691):    volume: 12
I/FMRadioService( 2691): *** mReceiver: VOLUME_CHANGED_ACTION
I/FMRadioService( 2691):    stream: 10
I/FMRadioService( 2691):    volume: 10
I/FmRadioController( 2691): Jni player_SetVolume :10 
I/FmRadioController( 2691): ---Jni player_SetVolume---
D/DigitalClock( 3045): DigitalClockAppWidget.onReceive : ACTION_HOME_RESUME is called!!
D/DigitalClock( 3045): DigitalClockAppWidgetService.onCreate
I/ActivityManager( 2691): Start proc com.android.providers.calendar for broadcast com.android.providers.calendar/.CalendarAppWidgetProviderAgenda: pid=3052 uid=10015 gids={3003, 1015}
I/GLThread( 2853): starting tid=14
I/GLThread( 2853): noticed surfaceView surface lost tid=14
D/dalvikvm( 2584): GC_EXPLICIT freed 11K, 46% free 2906K/5379K, external 0K/0K, paused 61ms
I/DebugFolder( 2853): Setting folder model to com.sec.android.app.twlauncher.UserFolderModel@405467c8 in mode 0
I/DebugFolder( 2853): Set Folder Model Dumping Added
I/DebugFolder( 2853): Set Folder Model Dumping Deleted
I/DebugFolder( 2853): Set Folder Model Dumping Current
I/DebugFolder( 2853): Set Folder Model Dumping Special
I/DebugFolder( 2853): syncGridView Dumping Added
I/DebugFolder( 2853): syncGridView Dumping Deleted
I/DebugFolder( 2853): syncGridView Dumping Current
I/DebugFolder( 2853): syncGridView Dumping Special
I/Launcher( 2853): saveMenuMode mode=3
I/ActivityManager( 2691): Start proc com.sec.android.widgetapp.buddiesnow for broadcast com.sec.android.widgetapp.buddiesnow/.BuddiesWidget: pid=3063 uid=10011 gids={3003, 1015, 3002}
D/dalvikvm( 2584): GC_EXPLICIT freed <1K, 46% free 2906K/5379K, external 0K/0K, paused 37ms
I/WindowManager( 2691):   CREATE SURFACE Surface(name=com.sec.android.app.twlauncher/com.sec.android.app.twlauncher.Launcher, identity=9, mNativeSurface=0) IN SESSION android.view.SurfaceSession@4084d510: pid=2853 format=-2 flags=0x0 / Window{40d5ea30 com.sec.android.app.twlauncher/com.sec.android.app.twlauncher.Launcher paused=false}
I/ActivityThread( 3052): Pub com.android.calendar: com.android.providers.calendar.CalendarProvider2
D/dalvikvm( 2584): GC_EXPLICIT freed <1K, 46% free 2906K/5379K, external 0K/0K, paused 49ms
I/WindowManager( 2691):   CREATE SURFACE Surface(name=SurfaceView, identity=10, mNativeSurface=0) IN SESSION android.view.SurfaceSession@4084d510: pid=2853 format=1 flags=0x0 / Window{40bb0518 SurfaceView paused=false}
I/Database( 3052): sqlite returned: error code = 0, msg = Recovered 31 frames from WAL file /data/data/com.android.providers.calendar/databases/calendar.db-wal
D/szipinf ( 2953): Initializing inflate state
D/szipinf ( 2953): Initializing zlib to inflate
D/Launcher.LauncherModel( 2853): load applications
D/Launcher.LauncherModel( 2853): dropApplicationCache
D/Launcher.LauncherModel( 2853): loading user items
D/Launcher.LauncherModel( 2853): stopAndWaitForApplicationsLoader
D/Launcher.LauncherModel( 2853):   --> starting workspace loader
D/AlarmManagerService( 2691): Kernel timezone updated to 300 minutes west of GMT
D/Launcher.LauncherModel( 2853):   ----> running workspace loader (2)
I/TelephonyRegistry( 2691): notifyServiceState: 0 home Sprint US 310120  1xRTT CSS not supported 22 4120RoamInd: 1DefRoamInd: 0EmergOnly: false
I/StatusBarPolicy( 2799): onServiceStateChanged-S:0 home Sprint US 310120  1xRTT CSS not supported 22 4120RoamInd: 1DefRoamInd: 0EmergOnly: false
I/TelephonyRegistry( 2691): notifyDataConnection: state=0 isDataConnectivityPossible=false reason=null interfaceName=null networkType=7
I/Launcher( 2853): onResume(). mIsNewIntent : false
D/UnlockClock( 2691): GMT_update mRightNow.getTimeZone().getID() == America/Bahia_Banderas
I/StatusBarPolicy( 2799): onDataConnectionStateChanged-S:0 T:7
I/StatusBarPolicy( 2799): updateDataNetType-T:7
D/Launcher( 2853): It's image wallpaper. suggestDesiredDimensions(-1,-1)
I/TelephonyRegistry( 2691): notifyDataConnection: state=1 isDataConnectivityPossible=true reason=null interfaceName=null networkType=7
D/SystemClock( 2837): Setting time of day to sec=1338844200
D/SystemClock( 2837): Trying to open a file
D/GLSurfaceViewGroup( 2853): Skipped drawing due to suspendDrawingUntilResume()
D/dalvikvm( 2691): GC_CONCURRENT freed 405K, 20% free 10977K/13639K, external 6754K/8355K, paused 3ms+7ms
E/AlarmManagerService( 2691): android_server_AlarmManagerService_set to type=1, 1338844260.000000000
D/UnlockClock( 2691): GMT_update mRightNow.getTimeZone().getID() == America/Bahia_Banderas
V/Launcher.Workspace( 2853): onSizeChanged( 480,649,0,0)getWidth() = 480getHeight() = 649
I/GLThread( 2853): noticed surfaceView surface acquired tid=14
W/EglHelper( 2853): start() tid=14
I/        ( 2853): !@Mali Android API Version : 7 [1338844200]
W/EglHelper( 2853): createContext com.google.android.gles_jni.EGLContextImpl@405f2820 tid=14
I/GLThread( 2853): noticing that we want render notification tid=14
W/GLThread( 2853): egl createSurface
W/EglHelper( 2853): createSurface()  tid=14
D/GLSurfaceViewGroup( 2853): Skipped drawing because egl surface is not ready yet
D/GLSurfaceViewGroup( 2853): Skipped drawing because egl surface is not ready yet
D/GLSurfaceViewGroup( 2853): Skipped drawing because egl surface is not ready yet
D/GLSurfaceViewGroup( 2853): Skipped drawing because egl surface is not ready yet
I/Zygote  ( 3063): Zygote: pid 3063 has CALL PRIVILEGED permission, then set capability for CAP_SYS_ADMIN (21)
D/BT HS/HF( 2837): BluetoothPhoneState : handleMessage : 1
D/GLSurfaceViewGroup( 2853): Skipped drawing because egl surface is not ready yet
D/SystemClock( 2837): File Open Failed
I/StatusBarPolicy( 2799): onDataConnectionStateChanged-S:1 T:7
I/StatusBarPolicy( 2799): updateDataNetType-T:7
D/GLSurfaceViewGroup( 2853): Skipped drawing because egl surface is not ready yet
E/AlarmManagerService( 2691): android_server_AlarmManagerService_set to type=2, 86422.961000000
D/GLSurfaceViewGroup( 2853): Skipped drawing because egl surface is not ready yet
W/GLThread( 2853): onSurfaceCreated
W/GLThread( 2853): onSurfaceChanged(480, 762)
E/AlarmManagerService( 2691): android_server_AlarmManagerService_set to type=2, 86422.961000000
I/GLThread( 2853): sending render notification tid=14
E/AlarmManagerService( 2691): android_server_AlarmManagerService_set to type=2, 86422.961000000
W/ActivityManager( 2691): Unable to start service Intent { cmp=com.android.providers.calendar/.EmptyService }: not found
D/GlassLockScreenMusicWidget( 2691): setMinLayout()
D/GlassLockScreenMusicWidget( 2691): startTranslateAnimation()
E/BatteryService( 2691): TMU status = 0
D/BatteryService( 2691): update start
D/BatteryService( 2691): updateBattery level:66 scale:100 status:3 health:2 present:true voltage: 3772 temperature: 370 technology: Li-ion AC powered:false USB powered:false icon:17302213
I/InputReader( 2691): Device reconfigured: id=0x10001, name=sec_touchscreen, display size is now 480x800
I/InputReader( 2691): dispatchTouch::touch event's action is 0, pending(waiting finished signal)=0
I/InputDispatcher( 2691): Delivering touch to current input target: action: 0, channel '40c6fc70 Keyguard (server)'
I/InputManager-Callbacks( 2691): No virtual keys found for device sec_touchscreen.
D/dalvikvm( 2953): GC_CONCURRENT freed 174K, 40% free 3675K/6087K, external 0K/0K, paused 50ms+3ms
I/NotificationService( 2691): New BatteryHealth : 2Old BatteryHealth : 2
I/StatusBarPolicy( 2799): BAT. S:3 H:2
D/KeyguardViewMediator( 2691): pokeWakelock(5000)
E/lights  ( 2691): write_int: path /sys/devices/virtual/misc/melfas_touchkey/brightness, value 1
D/PowerManagerService( 2691): acquireWakeLock flags=0x1000001a tag=keyguard uid=1000 pid=2691   myUID=1000 myPID=2691 myTID=2740
I/PowerManagerService( 2691): Ulight 3->7|0
D/PowerManagerService( 2691): setLightBrightness : mButtonLight : 69
D/GlassLockScreenMusicWidget( 2691): setControllerVisibility() : bIsVisible=false, mVisibleLayout=false
D/GlassLockScreenMusicWidget( 2691): removeMinTimer()
I/InputReader( 2691): dispatchTouch::touch event's action is 1, pending(waiting finished signal)=1
D/dalvikvm( 2853): GC_EXTERNAL_ALLOC freed 132K, 44% free 3535K/6215K, external 9814K/10539K, paused 48ms
I/SprintMenu( 2837): Boot completed intent received
I/SprintMenu( 2837): getoemdata()
I/SprintMenu( 2837): Inside Handlemessage
I/SprintMenu( 2837): Verify response incoming!!,Get data Done
I/SprintMenu( 2837): : Mode_Off
I/SprintMenu( 2837): Inside Hiddenmenu handlemsg ,selectedmode = -1
I/SprintMenu( 2837): Inside Hiddenmenu handlemsg, sysprop = 
I/ActivityManager( 2691): Start proc mobi.mgeek.TunnyBrowser:DolphinNotification for broadcast mobi.mgeek.TunnyBrowser/com.dolphin.browser.message.MyBroadcastReceiver: pid=3076 uid=10133 gids={3003, 1015, 1007}
D/KeyguardViewMediator( 2691): pokeWakelock(5000)
D/PowerManagerService( 2691): acquireWakeLock flags=0x1000001a tag=keyguard uid=1000 pid=2691   myUID=1000 myPID=2691 myTID=2740
I/StatusBarPolicy( 2799): onSignalStrengthsChanged
D/AlarmManagerService( 2691): Kernel timezone updated to 300 minutes west of GMT
D/TraceLog( 3076): Browser.onCreate started.
D/KeyguardViewMediator( 2691): pokeWakelock(5000)
E/GlassLockScreen( 2691): Threshold is reached. goToUnlockScreen !!
D/KeyguardViewMediator( 2691): keyguardDone(true)
V/Browser ( 3076): creating browser applicationmobi.mgeek.TunnyBrowser.Browser@405719a8
V/Browser ( 3076): creating browser applicationmobi.mgeek.TunnyBrowser.Browser@405719a8
D/PowerManagerService( 2691): acquireWakeLock flags=0x1000001a tag=keyguard uid=1000 pid=2691   myUID=1000 myPID=2691 myTID=2740
D/UnlockClock( 2691): GMT_update mRightNow.getTimeZone().getID() == America/Chicago
I/BluetoothService( 2691): Received BT_BOOTUP message
D/KeyguardViewMediator( 2691): pokeWakelock(5000)
I/InputDispatcher( 2691): Delivering touch to current input target: action: 1, channel '40c6fc70 Keyguard (server)'
D/PowerManagerService( 2691): acquireWakeLock flags=0x1000001a tag=keyguard uid=1000 pid=2691   myUID=1000 myPID=2691 myTID=2740
E/GlassLockScreen( 2691): onTouchEvent() : threshold=240.0, distance=262.37568484903477
I/RecoverySystem( 2691): No recovery log file
I/ActivityManager( 2691): Start proc com.sec.android.app.servicemodeapp for broadcast com.sec.android.app.servicemodeapp/.FTMDialogBroadcastReceiver: pid=3086 uid=1000 gids={3003, 1015, 3002, 3001, 1001, 1006, 2001}
I/Zygote  ( 3086): Zygote: pid 3086 has CALL PRIVILEGED permission, then set capability for CAP_SYS_ADMIN (21)
D/dalvikvm( 3076): GC_CONCURRENT freed 207K, 44% free 3204K/5639K, external 0K/0K, paused 2ms+2ms
I/dalvikvm( 3076): Could not find method android.database.DatabaseUtils.appendSelectionArgs, referenced from method com.dolphin.browser.provider.BrowserProvider.query
W/dalvikvm( 3076): VFY: unable to resolve static method 424: Landroid/database/DatabaseUtils;.appendSelectionArgs ([Ljava/lang/String;[Ljava/lang/String;)[Ljava/lang/String;
D/dalvikvm( 3076): VFY: replacing opcode 0x71 at 0x0256
D/dalvikvm( 3076): VFY: dead code 0x0259-0259 in Lcom/dolphin/browser/provider/BrowserProvider;.query (Landroid/net/Uri;[Ljava/lang/String;Ljava/lang/String;[Ljava/lang/String;Ljava/lang/String;)Landroid/database/Cursor;
D/KeyguardViewMediator( 2691): handleKeyguardDone
D/KeyguardViewMediator( 2691): handleHide
D/KeyguardViewMediator( 2691): adjustUserActivityLocked mShowing: false mHidden: false
D/PowerManagerService( 2691): enableUserActivity true
D/StatusBarManagerService( 2691): manageDisableList what=0x0 pkg=android
E/lights  ( 2691): write_int: path /sys/devices/virtual/misc/melfas_touchkey/brightness, value 2
E/KeyguardViewMediator( 2691): Phone is boot completed. so can broadcast
D/PowerManagerService( 2691): releaseWakeLockLocked flags=0x0 tag=keyguard myUID=1000 myPID=2691 myTID=2740
I/PowerManagerService( 2691): Ulight 7->3|0
D/PowerManagerService( 2691): setLightBrightness : mButtonLight : 0
I/Launcher( 2853): ACTION_USER_PRESENT
I/Launcher( 2853): onWindowFocusChanged(true)
D/CLIPBOARD( 2853): Hide Clipboard dialog at Starting input: finished by someone else... !
I/FTMDialogReceiver( 3086): start FTM DialogReceiver : android.intent.action.BOOT_COMPLETED event received
I/SecHardwareInterface( 3086): setAmoledACL (false)
D/SecHardwareInterface( 3086): ACL is disabled.
I/FTMDialogReceiver( 3086): com.sec.android.app.SecFeature.POWER_SAVING_MODE : true, SecHardwareInterface.setAmoledACL(0)
I/ActivityManager( 2691): Start proc com.samsung.wimax.rc for broadcast com.samsung.wimax.rc/.WiMAXRCReceiver: pid=3094 uid=1000 gids={3003, 1015, 3002, 3001, 1001, 1006, 2001}
I/TelephonyRegistry( 2691): notifyServiceState: 0 home Sprint US 310120  1xRTT CSS not supported 22 4120RoamInd: 1DefRoamInd: 0EmergOnly: false
D/BT HS/HF( 2837): BluetoothPhoneState : handleMessage : 1
I/StatusBarPolicy( 2799): onServiceStateChanged-S:0 home Sprint US 310120  1xRTT CSS not supported 22 4120RoamInd: 1DefRoamInd: 0EmergOnly: false
I/IconDebug( 2853): DesktopItemsLoader run mStopped=false mRunning=true
W/WindowManager( 2691): Window Window{40c6fc70 Keyguard paused=false} destroyed surface Surface(name=Keyguard, identity=-1, mNativeSurface=0), session Session{40c1cd58 uid 1000}
I/Zygote  ( 3094): Zygote: pid 3094 has CALL PRIVILEGED permission, then set capability for CAP_SYS_ADMIN (21)
I/Database( 2838): sqlite returned: error code = 0, msg = Recovered 6 frames from WAL file /data/data/com.android.providers.downloads/databases/downloads.db-wal
I/ActivityManager( 2691): Start proc com.android.task for broadcast com.android.task/.BootCompleted: pid=3101 uid=10019 gids={1015}
I/BootCompleted( 3101): TASK : ======== onReceive ========
I/System.out( 3101): In On Boot Receiver ******************
D/Swype   ( 2823): SwypeDataInitializer.onReceive
I/ActivityManager( 2691): Start proc com.sprint.ce.updater for broadcast com.sprint.ce.updater/.BootCompletedReceiver: pid=3108 uid=10025 gids={3003, 4003}
D/AlertService( 3101): TASK : updateAlertNotification
E/AlarmManagerService( 2691): android_server_AlarmManagerService_set to type=1, 1338844221.727000000
D/Buddies--------------------------->( 3063): Service:OnReceive ACTION_HOME_RESUME called
I/ActivityManager( 2691): Start proc com.sprint.dsa for broadcast com.sprint.dsa/.BootCompleteReceiver: pid=3118 uid=10026 gids={4003, 3003, 3002, 3001}
I/ActivityThread( 3118): Pub com.sprint.dsa.data.reportcontentprovider: com.sprint.dsa.data.ReportContentProvider
D/GlassLockScreenMusicWidget( 2691): onPause()
D/GlassLockScreenMusicWidget( 2691): stopMarguee()
D/GlassLockScreenMissedEventWidget( 2691): onPause()
D/GlassLockScreenMusicWidget( 2691): cleanUp()
D/GlassLockScreenMusicWidget( 2691): stopMarguee()
D/GlassLockScreenMissedEventWidget( 2691): cleanUp()
D/LockscreenWallpaperUpdater( 2691): cleanUp()
D/GlassLockscreenInfo( 2691): cleanUp()
D/LockscreenWallpaperUpdater( 2691): cleanUp()
I/ActivityManager( 2691): Start proc com.sprint.w.installer for broadcast com.sprint.w.installer/.BootListener: pid=3125 uid=10028 gids={3003, 1015}
D/dalvikvm( 2691): GC_CONCURRENT freed 653K, 20% free 12393K/15303K, external 8254K/8355K, paused 3ms+8ms
I/ActivityManager( 2691): Start proc com.android.providers.tasks for content provider com.android.providers.tasks/.TasksProvider: pid=3133 uid=10018 gids={3003}
I/ActivityThread( 3125): Pub com.sprint.installer: com.sprint.w.installer.ContentProvider
I/ActivityThread( 3125): Pub com.sprint.w.installer.SuggestProvider: com.sprint.w.installer.SearchSuggestProvider
I/ActivityThread( 3133): Pub tasks: com.android.providers.tasks.TasksProvider
E/AlarmManagerService( 2691): android_server_AlarmManagerService_set to type=1, 1338844202.124000000
E/AlarmManagerService( 2691): android_server_AlarmManagerService_set to type=1, 1338844221.727000000
D/AbstractSyncableContentProvider( 3133): AbstractSyncableContentProvider setContainsDiffs()
D/TasksProvider( 3133): TaskProvider Constructor
D/AbstractSyncableContentProvider( 3133): AbstractSyncableContentProvider onCreate()
W/ActivityManager( 2691): Unable to start service Intent { flg=0x4 cmp=com.sprint.w.installer/com.sprint.id.updater.UpdaterService (has extras) }: not found
D/TasksProvider( 3133): TaskProvider onCreate()
D/TasksProvider( 3133): TaskProvider verifyAccounts()
I/System.out( 3133): Inside onAccountsUpdated
D/TasksProvider( 3133): TaskProvider onAccountsUpdated()
D/AbstractSyncableContentProvider( 3133): AbstractSyncableContentProvider getDatabase()
E/AlarmManagerService( 2691): android_server_AlarmManagerService_set to type=1, 1338844202.149000000
E/AlarmManagerService( 2691): android_server_AlarmManagerService_set to type=1, 1338844221.727000000
I/ActivityManager( 2691): Start proc com.sec.android.socialhub for broadcast com.sec.android.socialhub/.unifiedinbox.UinboxBroadCastReceiver: pid=3141 uid=10031 gids={3003, 1015}
D/AbstractSyncableContentProvider( 3133): DatabaseHelper onOpen()
D/TasksProvider( 3133): TaskProvider onDatabaseOpened()
I/System.out( 3133): Account name and typearpruss@gmail.com com.google
I/System.out( 3133): Account name and typealexander_pruss@baylor.edu com.android.exchange
D/TasksProvider( 3133): Querying for the tasks accounts
D/dalvikvm( 2953): GC_CONCURRENT freed 165K, 38% free 4063K/6471K, external 0K/0K, paused 11ms+5ms
D/dalvikvm( 2998): GC_CONCURRENT freed 176K, 44% free 3184K/5639K, external 0K/0K, paused 2ms+2ms
D/AbstractSyncableContentProvider( 3133): AbstractSyncableContentProvider onAccountsChanged()
D/dalvikvm( 2691): GC_EXPLICIT freed 4724K, 45% free 8705K/15751K, external 7821K/8355K, paused 121ms
D/AbstractSyncableContentProvider( 3133): AbstractSyncableContentProvider query()
D/TasksProvider( 3133): TaskProvider queryInternal()
D/AbstractSyncableContentProvider( 3133): AbstractSyncableContentProvider getDatabase()
D/Inside queryInternal match is( 3133): =0
D/Inside queryInternal match is( 3133): =11
D/TasksProvider( 3133): projectionIn[Ljava.lang.String;@40529798
D/TasksProvider( 3133): selection(state=? OR state=?) AND reminder_time<=1338844201691
D/TasksProvider( 3133): selectionArgs[Ljava.lang.String;@40529af8
D/TasksProvider( 3133): sortstart_date DESC, due_date DESC
I/Zygote  ( 3141): Zygote: pid 3141 has CALL PRIVILEGED permission, then set capability for CAP_SYS_ADMIN (21)
I/ActivityThread( 3141): Pub com.sec.android.socialhub.unifiedinbox: com.sec.android.socialhub.unifiedinbox.UinboxProvider
E/SocialHub( 3141): [UinboxReceiver] onReceive() >> Context is android.app.ReceiverRestrictedContext@4054dd08
D/SocialHub( 3141): [UinboxReceiver]  On Receive  >>  ContentUri is NULL >>
D/SocialHub( 3141): [UinboxReceiver] onReceive() >> Recv BOOT_COMPLETED!!
I/ActivityManager( 2691): Start proc com.sec.android.socialhub:service for service com.sec.android.socialhub/.service.SocialHubService: pid=3150 uid=10031 gids={3003, 1015}
I/Zygote  ( 3150): Zygote: pid 3150 has CALL PRIVILEGED permission, then set capability for CAP_SYS_ADMIN (21)
D/Calendar( 3052): missed alarms found: 0
D/dalvikvm( 2584): GC_EXPLICIT freed 12K, 46% free 2906K/5379K, external 0K/0K, paused 28ms
D/dalvikvm( 2584): GC_EXPLICIT freed <1K, 46% free 2906K/5379K, external 0K/0K, paused 24ms
D/dalvikvm( 2584): GC_EXPLICIT freed <1K, 46% free 2906K/5379K, external 0K/0K, paused 23ms
I/ActivityManager( 2691): Start proc com.sec.android.app.sns for broadcast com.sec.android.app.sns/.SnsBroadcastReceiver: pid=3157 uid=10032 gids={3003}
I/ActivityThread( 3157): Pub com.sec.android.app.provider.sns: com.sec.android.app.sns.SnsContentProvider
I/SnsSvc  ( 3157): SnsSvc : onCreate() Called !!!
I/SNS_HTTPMGR( 3157): SnsHttpMgr : initAndStart() : [android.net.Proxy.getHost] : NO PROXY ADDRESS
D/Launcher.LauncherModel( 2853): load applications
D/Launcher.LauncherModel( 2853):   --> starting applications loader
D/Launcher.LauncherModel( 2853):   ----> ApplicationLoader create
D/Launcher.LauncherModel( 2853):   ----> ApplicationLoader create -- mLauncher (java.lang.ref.WeakReference@406483a0)
D/SocialHub( 3150): [BadgeManager] updateBadgeValue() >> Badge Count = 17
D/SocialHub( 3150): [SocialHubService] onCreate() >> Service is created
E/SocialHub( 3150): [SocialHubService] onStartCommand() >> com.sec.android.socialhub.SERVICE_START
D/Launcher.LauncherModel( 2853):   ----> running applications loader (1)
D/Launcher.LauncherModel( 2853):   PackageManager (android.app.ContextImpl$ApplicationPackageManager@406018b0)
D/GlassLockScreenMusicWidget( 2691): handleStopMarquee()
I/SNS     ( 3157): SnsBroadcastReceiver : onReceive() : ACTION_BOOT_COMPLETED received~
W/ActivityManager( 2691): Unable to start service Intent { act=android.intent.action.BOOT_COMPLETED cmp=com.sec.android.app.sns/.SnsSvc }: not found
I/ActivityManager( 2691): Start proc com.locationlabs.v3client for broadcast com.locationlabs.v3client/.BootCompletedReceiver: pid=3169 uid=10035 gids={3003}
D/dalvikvm( 2954): GC_EXPLICIT freed 120K, 45% free 2984K/5379K, external 0K/0K, paused 37ms
I/V3Client( 3169): com.locationlabs.v3client onCreate() version: 7/2.0.1 2.0.1:2011.07.25-17.57(r151174) prod sparkle build@l64build1
I/dalvikvm( 2953): Total arena pages for JIT: 11
I/Database( 2837): sqlite returned: error code = 0, msg = Recovered 43 frames from WAL file /data/data/com.android.providers.telephony/databases/mmssms.db-wal
D/dalvikvm( 3169): GC_CONCURRENT freed 306K, 46% free 3051K/5639K, external 0K/0K, paused 2ms+2ms
I/V3Client( 3169): doStartup(true)
W/ResourceType( 2691): Failure getting entry for 0x7f02000f (t=1 e=15) in package 0 (error -75)
E/AlarmManagerService( 2691): android_server_AlarmManagerService_set to type=2, 0.000000000
E/AlarmManagerService( 2691): android_server_AlarmManagerService_set to type=2, 86422.961000000
V/AlarmManager( 2691): trigger WAKEUP Alarm{40c91950 type 2 com.google.android.apps.maps}
D/dalvikvm( 2853): GC_EXTERNAL_ALLOC freed 715K, 46% free 3664K/6663K, external 6819K/7012K, paused 34ms
D/WifiService( 2691): acquireWifiLockLocked: WifiLock{NetworkLocationLocator type=2 binder=android.os.BinderProxy@40c3cde0}
E/AlarmManagerService( 2691): android_server_AlarmManagerService_set to type=2, 33.495000000
E/AlarmManagerService( 2691): android_server_AlarmManagerService_set to type=2, 33.515000000
E/AlarmManagerService( 2691): android_server_AlarmManagerService_set to type=2, 33.532000000
D/dalvikvm( 2953): GC_CONCURRENT freed 720K, 44% free 3878K/6855K, external 0K/0K, paused 3ms+6ms
I/V3Client( 3169): stopping scheduling feed now
D/WifiService( 2691): releaseWifiLockLocked: WifiLock{NetworkLocationLocator type=2 binder=android.os.BinderProxy@40c3cde0}
I/V3Client( 3169): Boot intent received
I/ActivityManager( 2691): Start proc com.sec.android.providers.drm for broadcast com.sec.android.providers.drm/.OmaDrmConfigReceiver: pid=3181 uid=1000 gids={3003, 1015, 3002, 3001, 1001, 1006, 2001}
I/Zygote  ( 3181): Zygote: pid 3181 has CALL PRIVILEGED permission, then set capability for CAP_SYS_ADMIN (21)
I/SISODRM ( 3181): OmaDrmConfigReceiver : onReceive
I/SISODRM ( 3181): OmaDrmConfigReceiver : onReceiveWithPrivilege
I/SISODRM ( 3181): OmaDrmConfigReceiver : beginStartingService
I/System.out( 3181): start Service
I/SISODRM ( 3181): OmaDrmConfigService : onCreate
I/SISODRM ( 3181): OmaDrmConfigService : onStart
I/SISODRM ( 3181): OmaDrmConfigService : Service is started.Check if registration is required
I/SISODRM ( 3181): dongju2 drmDbPath2:/data/data/com.sec.android.providers.drm/databases/drmdatabase.db
I/SISODRM ( 3181): temp Value:3
I/SISODRM ( 3181): OmaDrmConfigService : This is not BootTime.So register now.
I/SISODRM ( 3181): Inside tablecount
I/SISODRM ( 3181): OmaDrmConfigService : handleMessage
I/SISODRM ( 3181): action event :android.intent.action.BOOT_COMPLETED
E/SISODRM ( 3181): Inside handlePlayreadyInit
V/SettingsIntentReceiver( 2897): Received intent : android.intent.action.BOOT_COMPLETED
I/SecHardwareInterface( 2897): setAmoledACL (false)
D/SecHardwareInterface( 2897): ACL is disabled.
I/SettingsIntentReceiver( 2897): com.sec.android.app.SecFeature.POWER_SAVING_MODE : true, SecHardwareInterface.setAmoledACL(0)
I/SettingsIntentReceiver( 2897): <Boot Complete> in Settings
D/dalvikvm( 2998): GC_CONCURRENT freed 155K, 42% free 3447K/5895K, external 0K/0K, paused 3ms+8ms
I/SettingsIntentReceiver( 2897): oldScreenTimeout: 300000
I/SettingsIntentReceiver( 2897): oldStayAway: 0
D/PowerNotiReceiver( 2897): PowerNotiReceiver Intent { act=android.intent.action.BOOT_COMPLETED cmp=com.android.settings/.powersavingmode.PowerNotiReceiver }
I/System.out( 3181): Count : 28
D/PowerNotiReceiver( 2897): enableMode=false
I/SISODRM ( 3181): Inside try block tablecount28
I/SISODRM ( 3181): Inside try block tablecount28
I/SISODRM ( 3181): OmaDrmConfigService :onStart()  registerReceiever
I/SISODRM ( 3181): registering for both niTZ and timeset :
I/SISODRM ( 3181): Time Format is: :null
E/        ( 3181): This is a CMDA device
I/SISODRM ( 3181): Now registering for TVOUT N HDMI :
I/SISODRM ( 3181): nitZReceiver intent is recievedandroid.intent.action.NETWORK_SET_TIME
D/SISODRM ( 3181): call encryption API on beforeTime.ini from nitZReceiver
E/        ( 3181): This is a CMDA device
I/V3Client( 3169): next heartbeat scheduled for Mon Jun 11 16:10:03 CDT 2012
I/SISODRM ( 3181): before invoking the setSecureClock
E/SISODRM ( 3181): Inside handlePlayreadyInit, createHDSAndCerts SUCCESS
I/SISODRM ( 3181): dongju temp Value:3
I/SISODRM ( 3181): Verify all tables are created properly or not ?
I/SISODRM ( 3181): Inside tablecount
I/System.out( 3181): Count : 28
I/SISODRM ( 3181): Inside try block tablecount28
I/SISODRM ( 3181): Inside try block tablecount28
I/System.out( 3181): Count : 28
I/SISODRM ( 3181): *************************handleDrmInit()  db creation is already over  temp=3
I/SISODRM ( 3181): OMADRMManager : setSecureClock : in : file :
I/SISODRM ( 3181): year :2012
I/SISODRM ( 3181): month :6
I/SISODRM ( 3181): day :4
I/SISODRM ( 3181): hours :21
I/SISODRM ( 3181): minutes :10
I/SISODRM ( 3181): Seconds :3
I/SISODRM ( 3181): Registering the service during bootup
I/ActivityManager( 2691): Start proc com.sec.android.providers.downloads for broadcast com.sec.android.providers.downloads/.CDDownloadReceiver: pid=3189 uid=10040 gids={2001, 3003, 1015, 1001}
D/dalvikvm( 3169): GC_CONCURRENT freed 385K, 45% free 3209K/5831K, external 0K/0K, paused 3ms+4ms
I/ActivityThread( 3189): Pub sisodownloads: com.sec.android.providers.downloads.CDDownloadProvider
I/Database( 3181): sqlite returned: error code = 1, msg = statement aborts at 2: [End transaction] cannot commit - no transaction is active
I/ActivityManager( 2691): Start proc com.sec.android.widgetapp.weatherclock for broadcast com.sec.android.widgetapp.weatherclock/.WeatherWidgetProvider: pid=3196 uid=10041 gids={3003}
I/Database( 3181): sqlite returned: error code = 1, msg = statement aborts at 2: [End transaction] cannot commit - no transaction is active
I/SISODRM ( 3181): OMADRMManager : setSecureClock: out : result :true
I/SISODRM ( 3181): Secure Clock Updation For PlayReady is Done : result :true
I/WMDRMRIGHTSMANAGER( 3181): [WMDRM] setWMDrmSecureClock   called with nitzTime :1338844203
I/WMDRMRIGHTSMANAGER( 3181): [WMDRM] updateWMDrmSecureClock  updation was successful :
I/ActivityThread( 3196): Pub com.sec.android.widgetapp.weatherclock: com.sec.android.widgetapp.weatherclock.provider.accuweather.AccuContentProvider
I/ActivityManager( 2691): Start proc com.sec.android.app.samsungapps.una for broadcast com.sec.android.app.samsungapps.una/.BootCompleteReceiver: pid=3204 uid=10044 gids={3003, 1006}
I/ActivityThread( 3204): Pub com.sec.astore.unaservice: com.sec.android.app.samsungapps.una.db.DBProvider
I/UNA     ( 3204): [UNA VersionName : 2.0.11]
V/UNA     ( 3204): [Now] :16:10:3
I/ActivityManager( 2691): Start proc com.sec.android.app.popupuireceiver for broadcast com.sec.android.app.popupuireceiver/.PopupuiReceiver: pid=3211 uid=1000 gids={3003, 1015, 3002, 3001, 1001, 1006, 2001}
I/Zygote  ( 3211): Zygote: pid 3211 has CALL PRIVILEGED permission, then set capability for CAP_SYS_ADMIN (21)
I/V3Client( 3169): HTTP req: POST https://sparkle.locationlabs.com/client/v2/notifications
I/StatusBarPolicy( 2799): onSignalStrengthsChanged
D/PopupuiReceiver( 3211): Intent popup :android.intent.action.BOOT_COMPLETED
D/PopupuiReceiver( 3211): PCW Shared +false
D/PopupuiReceiver( 3211): PCW Shared -false
I/TelephonyRegistry( 2691): notifyServiceState: 0 home Sprint US 310120  EvDo rev. 0 CSS not supported 22 4120RoamInd: 1DefRoamInd: 0EmergOnly: false
I/StatusBarPolicy( 2799): onServiceStateChanged-S:0 home Sprint US 310120  EvDo rev. 0 CSS not supported 22 4120RoamInd: 1DefRoamInd: 0EmergOnly: false
I/ActivityManager( 2691): Start proc com.samsung.phoneinfo for broadcast com.samsung.phoneinfo/.PhoneInfoReceiver: pid=3218 uid=1001 gids={3002, 3001, 3003, 1006, 1015}
D/BT HS/HF( 2837): BluetoothPhoneState : handleMessage : 1
I/Zygote  ( 3218): Zygote: pid 3218 has CALL PRIVILEGED permission, then set capability for CAP_SYS_ADMIN (21)
I/TelephonyRegistry( 2691): notifyDataConnection: state=1 isDataConnectivityPossible=true reason=null interfaceName=null networkType=5
I/StatusBarPolicy( 2799): onDataConnectionStateChanged-S:1 T:5
I/StatusBarPolicy( 2799): updateDataNetType-T:5
E/AlarmManagerService( 2691): android_server_AlarmManagerService_set to type=2, 86422.961000000
I/PhoneInfoReceiver( 3218): onReceiveandroid.intent.action.BOOT_COMPLETED
V/PhoneInfoReceiver( 3218): beginStartingService
E/AlarmManagerService( 2691): android_server_AlarmManagerService_set to type=2, 44.106000000
V/PhoneInfoService( 2837): onStart
W/V3Client( 3169): Can't send to com.locationlabs.v3client.action.NOTIFICATION, will retry in 14802ms
I/ActivityManager( 2691): Start proc com.android.MtpApplication for broadcast com.android.MtpApplication/.MtpReceiver: pid=3225 uid=1000 gids={3003, 1015, 3002, 3001, 1001, 1006, 2001}
I/Zygote  ( 3225): Zygote: pid 3225 has CALL PRIVILEGED permission, then set capability for CAP_SYS_ADMIN (21)
E/MTPRx   ( 3225): In MtpReceiverandroid.intent.action.BOOT_COMPLETED
W/MTPRx   ( 3225): BOOT COMPLETED
